http://jh32yv5zgayyyts3.onion/
http://donionsixbjtiohce24abfgsffo2l4tk26qx464zylumgejukfq2vead.onion/onions.php?cat=19&pg=0&lang=en
http://torvps7kzis5ujfz.onion/~user/
http://wikitjerrta4qgz4.onion/
http://torlinkbgs6aabns.onion/
## UNDERDIR
http://underdj5ziov3ic7.onion/crawler/index.php?pg=1
http://underdj5ziov3ic7.onion/crawler/index.php?pg=2
http://underdj5ziov3ic7.onion/crawler/index.php?pg=3
http://underdj5ziov3ic7.onion/crawler/index.php?pg=4
http://underdj5ziov3ic7.onion/crawler/index.php?pg=5
http://underdj5ziov3ic7.onion/crawler/index.php?pg=6
http://underdj5ziov3ic7.onion/crawler/index.php?pg=7
http://underdj5ziov3ic7.onion/crawler/index.php?pg=8
http://underdj5ziov3ic7.onion/crawler/index.php?pg=9
http://underdj5ziov3ic7.onion/crawler/index.php?pg=10
http://underdj5ziov3ic7.onion/crawler/index.php?pg=11
http://underdj5ziov3ic7.onion/crawler/index.php?pg=12
http://underdj5ziov3ic7.onion/crawler/index.php?pg=13
http://underdj5ziov3ic7.onion/crawler/index.php?pg=14
http://underdj5ziov3ic7.onion/crawler/index.php?pg=15
http://underdj5ziov3ic7.onion/crawler/index.php?pg=16
http://underdj5ziov3ic7.onion/crawler/index.php?pg=17
http://underdj5ziov3ic7.onion/crawler/index.php?pg=18
http://underdj5ziov3ic7.onion/crawler/index.php?pg=19
http://underdj5ziov3ic7.onion/crawler/index.php?pg=20
http://underdj5ziov3ic7.onion/crawler/index.php?pg=21
http://underdj5ziov3ic7.onion/crawler/index.php?pg=22
http://underdj5ziov3ic7.onion/crawler/index.php?pg=23
http://underdj5ziov3ic7.onion/crawler/index.php?pg=24
http://underdj5ziov3ic7.onion/crawler/index.php?pg=25
http://underdj5ziov3ic7.onion/crawler/index.php?pg=26
http://underdj5ziov3ic7.onion/crawler/index.php?pg=27
http://underdj5ziov3ic7.onion/crawler/index.php?pg=28
http://underdj5ziov3ic7.onion/crawler/index.php?pg=29
http://underdj5ziov3ic7.onion/crawler/index.php?pg=30
http://underdj5ziov3ic7.onion/crawler/index.php?pg=31
http://underdj5ziov3ic7.onion/crawler/index.php?pg=32
http://underdj5ziov3ic7.onion/crawler/index.php?pg=33
http://underdj5ziov3ic7.onion/crawler/index.php?pg=34
http://underdj5ziov3ic7.onion/crawler/index.php?pg=35
http://underdj5ziov3ic7.onion/crawler/index.php?pg=36
http://underdj5ziov3ic7.onion/crawler/index.php?pg=37
http://underdj5ziov3ic7.onion/crawler/index.php?pg=38
http://underdj5ziov3ic7.onion/crawler/index.php?pg=39
http://underdj5ziov3ic7.onion/crawler/index.php?pg=40
http://underdj5ziov3ic7.onion/crawler/index.php?pg=41
http://underdj5ziov3ic7.onion/crawler/index.php?pg=42
http://underdj5ziov3ic7.onion/crawler/index.php?pg=43
http://underdj5ziov3ic7.onion/crawler/index.php?pg=44
http://underdj5ziov3ic7.onion/crawler/index.php?pg=45
http://underdj5ziov3ic7.onion/crawler/index.php?pg=46
http://underdj5ziov3ic7.onion/crawler/index.php?pg=47
http://underdj5ziov3ic7.onion/crawler/index.php?pg=48
http://underdj5ziov3ic7.onion/crawler/index.php?pg=49
http://underdj5ziov3ic7.onion/crawler/index.php?pg=50
http://underdj5ziov3ic7.onion/crawler/index.php?pg=51
http://underdj5ziov3ic7.onion/crawler/index.php?pg=52
http://underdj5ziov3ic7.onion/crawler/index.php?pg=53
http://underdj5ziov3ic7.onion/crawler/index.php?pg=54
http://underdj5ziov3ic7.onion/crawler/index.php?pg=55
http://underdj5ziov3ic7.onion/crawler/index.php?pg=56
http://underdj5ziov3ic7.onion/crawler/index.php?pg=57
http://underdj5ziov3ic7.onion/crawler/index.php?pg=58
http://underdj5ziov3ic7.onion/crawler/index.php?pg=59
http://underdj5ziov3ic7.onion/crawler/index.php?pg=60
http://underdj5ziov3ic7.onion/crawler/index.php?pg=61
http://underdj5ziov3ic7.onion/crawler/index.php?pg=62
http://underdj5ziov3ic7.onion/crawler/index.php?pg=63
http://underdj5ziov3ic7.onion/crawler/index.php?pg=64
http://underdj5ziov3ic7.onion/crawler/index.php?pg=65
http://underdj5ziov3ic7.onion/crawler/index.php?pg=66
http://underdj5ziov3ic7.onion/crawler/index.php?pg=67
http://underdj5ziov3ic7.onion/crawler/index.php?pg=68
http://underdj5ziov3ic7.onion/crawler/index.php?pg=69
http://underdj5ziov3ic7.onion/crawler/index.php?pg=70
http://underdj5ziov3ic7.onion/crawler/index.php?pg=71
http://underdj5ziov3ic7.onion/crawler/index.php?pg=72
http://underdj5ziov3ic7.onion/crawler/index.php?pg=73
http://underdj5ziov3ic7.onion/crawler/index.php?pg=74
http://underdj5ziov3ic7.onion/crawler/index.php?pg=75
http://underdj5ziov3ic7.onion/crawler/index.php?pg=76
http://underdj5ziov3ic7.onion/crawler/index.php?pg=77
http://underdj5ziov3ic7.onion/crawler/index.php?pg=78
http://underdj5ziov3ic7.onion/crawler/index.php?pg=79
http://underdj5ziov3ic7.onion/crawler/index.php?pg=80
http://underdj5ziov3ic7.onion/crawler/index.php?pg=81
http://underdj5ziov3ic7.onion/crawler/index.php?pg=82
http://underdj5ziov3ic7.onion/crawler/index.php?pg=83
http://underdj5ziov3ic7.onion/crawler/index.php?pg=84
http://underdj5ziov3ic7.onion/crawler/index.php?pg=85
http://underdj5ziov3ic7.onion/crawler/index.php?pg=86
http://underdj5ziov3ic7.onion/crawler/index.php?pg=87
http://underdj5ziov3ic7.onion/crawler/index.php?pg=88
http://underdj5ziov3ic7.onion/crawler/index.php?pg=89
http://underdj5ziov3ic7.onion/crawler/index.php?pg=90
http://underdj5ziov3ic7.onion/crawler/index.php?pg=91
http://underdj5ziov3ic7.onion/crawler/index.php?pg=92
http://underdj5ziov3ic7.onion/crawler/index.php?pg=93
http://underdj5ziov3ic7.onion/crawler/index.php?pg=94
http://underdj5ziov3ic7.onion/crawler/index.php?pg=95
http://underdj5ziov3ic7.onion/crawler/index.php?pg=96
http://underdj5ziov3ic7.onion/crawler/index.php?pg=97
http://underdj5ziov3ic7.onion/crawler/index.php?pg=98
http://underdj5ziov3ic7.onion/crawler/index.php?pg=99
http://underdj5ziov3ic7.onion/crawler/index.php?pg=100
http://underdj5ziov3ic7.onion/crawler/index.php?pg=101
http://underdj5ziov3ic7.onion/crawler/index.php?pg=102
http://underdj5ziov3ic7.onion/crawler/index.php?pg=103
http://underdj5ziov3ic7.onion/crawler/index.php?pg=104
http://underdj5ziov3ic7.onion/crawler/index.php?pg=105
http://underdj5ziov3ic7.onion/crawler/index.php?pg=106
http://underdj5ziov3ic7.onion/crawler/index.php?pg=107
http://underdj5ziov3ic7.onion/crawler/index.php?pg=108
http://underdj5ziov3ic7.onion/crawler/index.php?pg=109
http://underdj5ziov3ic7.onion/crawler/index.php?pg=110
http://underdj5ziov3ic7.onion/crawler/index.php?pg=111
http://underdj5ziov3ic7.onion/crawler/index.php?pg=112
http://underdj5ziov3ic7.onion/crawler/index.php?pg=113
http://underdj5ziov3ic7.onion/crawler/index.php?pg=114
http://underdj5ziov3ic7.onion/crawler/index.php?pg=115
http://underdj5ziov3ic7.onion/crawler/index.php?pg=116
http://underdj5ziov3ic7.onion/crawler/index.php?pg=117
http://underdj5ziov3ic7.onion/crawler/index.php?pg=118
http://underdj5ziov3ic7.onion/crawler/index.php?pg=119
http://underdj5ziov3ic7.onion/crawler/index.php?pg=120
http://underdj5ziov3ic7.onion/crawler/index.php?pg=121
http://underdj5ziov3ic7.onion/crawler/index.php?pg=122
http://underdj5ziov3ic7.onion/crawler/index.php?pg=123
http://underdj5ziov3ic7.onion/crawler/index.php?pg=124
http://underdj5ziov3ic7.onion/crawler/index.php?pg=125
http://underdj5ziov3ic7.onion/crawler/index.php?pg=126
http://underdj5ziov3ic7.onion/crawler/index.php?pg=127
http://underdj5ziov3ic7.onion/crawler/index.php?pg=128
http://underdj5ziov3ic7.onion/crawler/index.php?pg=129
http://underdj5ziov3ic7.onion/crawler/index.php?pg=130
http://underdj5ziov3ic7.onion/crawler/index.php?pg=131
http://underdj5ziov3ic7.onion/crawler/index.php?pg=132
http://underdj5ziov3ic7.onion/crawler/index.php?pg=133
http://underdj5ziov3ic7.onion/crawler/index.php?pg=134
http://underdj5ziov3ic7.onion/crawler/index.php?pg=135
http://underdj5ziov3ic7.onion/crawler/index.php?pg=136
http://underdj5ziov3ic7.onion/crawler/index.php?pg=137
http://underdj5ziov3ic7.onion/crawler/index.php?pg=138
http://underdj5ziov3ic7.onion/crawler/index.php?pg=139
http://underdj5ziov3ic7.onion/crawler/index.php?pg=140
http://underdj5ziov3ic7.onion/crawler/index.php?pg=141
http://underdj5ziov3ic7.onion/crawler/index.php?pg=142
http://underdj5ziov3ic7.onion/crawler/index.php?pg=143
http://underdj5ziov3ic7.onion/crawler/index.php?pg=144
http://underdj5ziov3ic7.onion/crawler/index.php?pg=145
http://underdj5ziov3ic7.onion/crawler/index.php?pg=146
http://underdj5ziov3ic7.onion/crawler/index.php?pg=147
http://underdj5ziov3ic7.onion/crawler/index.php?pg=148
http://underdj5ziov3ic7.onion/crawler/index.php?pg=149
http://underdj5ziov3ic7.onion/crawler/index.php?pg=150
http://underdj5ziov3ic7.onion/crawler/index.php?pg=151
http://underdj5ziov3ic7.onion/crawler/index.php?pg=152
http://underdj5ziov3ic7.onion/crawler/index.php?pg=153
http://underdj5ziov3ic7.onion/crawler/index.php?pg=154
http://underdj5ziov3ic7.onion/crawler/index.php?pg=155
http://underdj5ziov3ic7.onion/crawler/index.php?pg=156
http://underdj5ziov3ic7.onion/crawler/index.php?pg=157
http://underdj5ziov3ic7.onion/crawler/index.php?pg=158
http://underdj5ziov3ic7.onion/crawler/index.php?pg=159
http://underdj5ziov3ic7.onion/crawler/index.php?pg=160
http://underdj5ziov3ic7.onion/crawler/index.php?pg=161
http://underdj5ziov3ic7.onion/crawler/index.php?pg=162
http://underdj5ziov3ic7.onion/crawler/index.php?pg=163
http://underdj5ziov3ic7.onion/crawler/index.php?pg=164
http://underdj5ziov3ic7.onion/crawler/index.php?pg=165
http://underdj5ziov3ic7.onion/crawler/index.php?pg=166
http://underdj5ziov3ic7.onion/crawler/index.php?pg=167
http://underdj5ziov3ic7.onion/crawler/index.php?pg=168
http://underdj5ziov3ic7.onion/crawler/index.php?pg=169
http://underdj5ziov3ic7.onion/crawler/index.php?pg=170
http://underdj5ziov3ic7.onion/crawler/index.php?pg=171
http://underdj5ziov3ic7.onion/crawler/index.php?pg=172
http://underdj5ziov3ic7.onion/crawler/index.php?pg=173
http://underdj5ziov3ic7.onion/crawler/index.php?pg=174
http://underdj5ziov3ic7.onion/crawler/index.php?pg=175
http://underdj5ziov3ic7.onion/crawler/index.php?pg=176
http://underdj5ziov3ic7.onion/crawler/index.php?pg=177
http://underdj5ziov3ic7.onion/crawler/index.php?pg=178
http://underdj5ziov3ic7.onion/crawler/index.php?pg=179
http://underdj5ziov3ic7.onion/crawler/index.php?pg=180
http://underdj5ziov3ic7.onion/crawler/index.php?pg=181
http://underdj5ziov3ic7.onion/crawler/index.php?pg=182
http://underdj5ziov3ic7.onion/crawler/index.php?pg=183
http://underdj5ziov3ic7.onion/crawler/index.php?pg=184
http://underdj5ziov3ic7.onion/crawler/index.php?pg=185
http://underdj5ziov3ic7.onion/crawler/index.php?pg=186
http://underdj5ziov3ic7.onion/crawler/index.php?pg=187
http://underdj5ziov3ic7.onion/crawler/index.php?pg=188
http://underdj5ziov3ic7.onion/crawler/index.php?pg=189
http://underdj5ziov3ic7.onion/crawler/index.php?pg=190
http://underdj5ziov3ic7.onion/crawler/index.php?pg=191
http://underdj5ziov3ic7.onion/crawler/index.php?pg=192
http://underdj5ziov3ic7.onion/crawler/index.php?pg=193
http://underdj5ziov3ic7.onion/crawler/index.php?pg=194
http://underdj5ziov3ic7.onion/crawler/index.php?pg=195
http://underdj5ziov3ic7.onion/crawler/index.php?pg=196
http://underdj5ziov3ic7.onion/crawler/index.php?pg=197
http://underdj5ziov3ic7.onion/crawler/index.php?pg=198
http://underdj5ziov3ic7.onion/crawler/index.php?pg=199
http://underdj5ziov3ic7.onion/crawler/index.php?pg=200
http://underdj5ziov3ic7.onion/crawler/index.php?pg=201
http://underdj5ziov3ic7.onion/crawler/index.php?pg=202
http://underdj5ziov3ic7.onion/crawler/index.php?pg=203
http://underdj5ziov3ic7.onion/crawler/index.php?pg=204
http://underdj5ziov3ic7.onion/crawler/index.php?pg=205
http://underdj5ziov3ic7.onion/crawler/index.php?pg=206
http://underdj5ziov3ic7.onion/crawler/index.php?pg=207
http://underdj5ziov3ic7.onion/crawler/index.php?pg=208
http://underdj5ziov3ic7.onion/crawler/index.php?pg=209
http://underdj5ziov3ic7.onion/crawler/index.php?pg=210
http://underdj5ziov3ic7.onion/crawler/index.php?pg=211
http://underdj5ziov3ic7.onion/crawler/index.php?pg=212
http://underdj5ziov3ic7.onion/crawler/index.php?pg=213
http://underdj5ziov3ic7.onion/crawler/index.php?pg=214
http://underdj5ziov3ic7.onion/crawler/index.php?pg=215
http://underdj5ziov3ic7.onion/crawler/index.php?pg=216
http://underdj5ziov3ic7.onion/crawler/index.php?pg=217
http://underdj5ziov3ic7.onion/crawler/index.php?pg=218
http://underdj5ziov3ic7.onion/crawler/index.php?pg=219
http://underdj5ziov3ic7.onion/crawler/index.php?pg=220
http://underdj5ziov3ic7.onion/crawler/index.php?pg=221
http://underdj5ziov3ic7.onion/crawler/index.php?pg=222
http://underdj5ziov3ic7.onion/crawler/index.php?pg=223
http://underdj5ziov3ic7.onion/crawler/index.php?pg=224
http://underdj5ziov3ic7.onion/crawler/index.php?pg=225
http://underdj5ziov3ic7.onion/crawler/index.php?pg=226
http://underdj5ziov3ic7.onion/crawler/index.php?pg=227
http://underdj5ziov3ic7.onion/crawler/index.php?pg=228
http://underdj5ziov3ic7.onion/crawler/index.php?pg=229
http://underdj5ziov3ic7.onion/crawler/index.php?pg=230
http://underdj5ziov3ic7.onion/crawler/index.php?pg=231
http://underdj5ziov3ic7.onion/crawler/index.php?pg=232
http://underdj5ziov3ic7.onion/crawler/index.php?pg=233
http://underdj5ziov3ic7.onion/crawler/index.php?pg=234
http://underdj5ziov3ic7.onion/crawler/index.php?pg=235
http://underdj5ziov3ic7.onion/crawler/index.php?pg=236
http://underdj5ziov3ic7.onion/crawler/index.php?pg=237
http://underdj5ziov3ic7.onion/crawler/index.php?pg=238
http://underdj5ziov3ic7.onion/crawler/index.php?pg=239
http://underdj5ziov3ic7.onion/crawler/index.php?pg=240
http://underdj5ziov3ic7.onion/crawler/index.php?pg=241
http://underdj5ziov3ic7.onion/crawler/index.php?pg=242
http://underdj5ziov3ic7.onion/crawler/index.php?pg=243
http://underdj5ziov3ic7.onion/crawler/index.php?pg=244
http://underdj5ziov3ic7.onion/crawler/index.php?pg=245
http://underdj5ziov3ic7.onion/crawler/index.php?pg=246
http://underdj5ziov3ic7.onion/crawler/index.php?pg=247
http://underdj5ziov3ic7.onion/crawler/index.php?pg=248
http://underdj5ziov3ic7.onion/crawler/index.php?pg=249
http://underdj5ziov3ic7.onion/crawler/index.php?pg=250
http://underdj5ziov3ic7.onion/crawler/index.php?pg=251
http://underdj5ziov3ic7.onion/crawler/index.php?pg=252
http://underdj5ziov3ic7.onion/crawler/index.php?pg=253
http://underdj5ziov3ic7.onion/crawler/index.php?pg=254
http://underdj5ziov3ic7.onion/crawler/index.php?pg=255
http://underdj5ziov3ic7.onion/crawler/index.php?pg=256
http://underdj5ziov3ic7.onion/crawler/index.php?pg=257
http://underdj5ziov3ic7.onion/crawler/index.php?pg=258
http://underdj5ziov3ic7.onion/crawler/index.php?pg=259
http://underdj5ziov3ic7.onion/crawler/index.php?pg=260
http://underdj5ziov3ic7.onion/crawler/index.php?pg=261
http://underdj5ziov3ic7.onion/crawler/index.php?pg=262
http://underdj5ziov3ic7.onion/crawler/index.php?pg=263
http://underdj5ziov3ic7.onion/crawler/index.php?pg=264
http://underdj5ziov3ic7.onion/crawler/index.php?pg=265
http://underdj5ziov3ic7.onion/crawler/index.php?pg=266
http://underdj5ziov3ic7.onion/crawler/index.php?pg=267
http://underdj5ziov3ic7.onion/crawler/index.php?pg=268
http://underdj5ziov3ic7.onion/crawler/index.php?pg=269
http://underdj5ziov3ic7.onion/crawler/index.php?pg=270
http://underdj5ziov3ic7.onion/crawler/index.php?pg=271
http://underdj5ziov3ic7.onion/crawler/index.php?pg=272
http://underdj5ziov3ic7.onion/crawler/index.php?pg=273
http://underdj5ziov3ic7.onion/crawler/index.php?pg=274
http://underdj5ziov3ic7.onion/crawler/index.php?pg=275
http://underdj5ziov3ic7.onion/crawler/index.php?pg=276
http://underdj5ziov3ic7.onion/crawler/index.php?pg=277
http://underdj5ziov3ic7.onion/crawler/index.php?pg=278
http://underdj5ziov3ic7.onion/crawler/index.php?pg=279
http://underdj5ziov3ic7.onion/crawler/index.php?pg=280
http://underdj5ziov3ic7.onion/crawler/index.php?pg=281
http://underdj5ziov3ic7.onion/crawler/index.php?pg=282
http://underdj5ziov3ic7.onion/crawler/index.php?pg=283
http://underdj5ziov3ic7.onion/crawler/index.php?pg=284
http://underdj5ziov3ic7.onion/crawler/index.php?pg=285
http://underdj5ziov3ic7.onion/crawler/index.php?pg=286
http://underdj5ziov3ic7.onion/crawler/index.php?pg=287
http://underdj5ziov3ic7.onion/crawler/index.php?pg=288
http://underdj5ziov3ic7.onion/crawler/index.php?pg=289
http://underdj5ziov3ic7.onion/crawler/index.php?pg=290
http://underdj5ziov3ic7.onion/crawler/index.php?pg=291
http://underdj5ziov3ic7.onion/crawler/index.php?pg=292
http://underdj5ziov3ic7.onion/crawler/index.php?pg=293
http://underdj5ziov3ic7.onion/crawler/index.php?pg=294
http://underdj5ziov3ic7.onion/crawler/index.php?pg=295
http://underdj5ziov3ic7.onion/crawler/index.php?pg=296
http://underdj5ziov3ic7.onion/crawler/index.php?pg=297
http://underdj5ziov3ic7.onion/crawler/index.php?pg=298
http://underdj5ziov3ic7.onion/crawler/index.php?pg=299
http://underdj5ziov3ic7.onion/crawler/index.php?pg=300
http://underdj5ziov3ic7.onion/crawler/index.php?pg=301
http://underdj5ziov3ic7.onion/crawler/index.php?pg=302
http://underdj5ziov3ic7.onion/crawler/index.php?pg=303
http://underdj5ziov3ic7.onion/crawler/index.php?pg=304
http://underdj5ziov3ic7.onion/crawler/index.php?pg=305
http://underdj5ziov3ic7.onion/crawler/index.php?pg=306
http://underdj5ziov3ic7.onion/crawler/index.php?pg=307
http://underdj5ziov3ic7.onion/crawler/index.php?pg=308
http://underdj5ziov3ic7.onion/crawler/index.php?pg=309
http://underdj5ziov3ic7.onion/crawler/index.php?pg=310
http://underdj5ziov3ic7.onion/crawler/index.php?pg=311
http://underdj5ziov3ic7.onion/crawler/index.php?pg=312
http://underdj5ziov3ic7.onion/crawler/index.php?pg=313
http://underdj5ziov3ic7.onion/crawler/index.php?pg=314
http://underdj5ziov3ic7.onion/crawler/index.php?pg=315
http://underdj5ziov3ic7.onion/crawler/index.php?pg=316
http://underdj5ziov3ic7.onion/crawler/index.php?pg=317
http://underdj5ziov3ic7.onion/crawler/index.php?pg=318
http://underdj5ziov3ic7.onion/crawler/index.php?pg=319
http://underdj5ziov3ic7.onion/crawler/index.php?pg=320
http://underdj5ziov3ic7.onion/crawler/index.php?pg=321
http://underdj5ziov3ic7.onion/crawler/index.php?pg=322
http://underdj5ziov3ic7.onion/crawler/index.php?pg=323
http://underdj5ziov3ic7.onion/crawler/index.php?pg=324
http://underdj5ziov3ic7.onion/crawler/index.php?pg=325
http://underdj5ziov3ic7.onion/crawler/index.php?pg=326
http://underdj5ziov3ic7.onion/crawler/index.php?pg=327
http://underdj5ziov3ic7.onion/crawler/index.php?pg=328
http://underdj5ziov3ic7.onion/crawler/index.php?pg=329
http://underdj5ziov3ic7.onion/crawler/index.php?pg=330
http://underdj5ziov3ic7.onion/crawler/index.php?pg=331
http://underdj5ziov3ic7.onion/crawler/index.php?pg=332
http://underdj5ziov3ic7.onion/crawler/index.php?pg=333
http://underdj5ziov3ic7.onion/crawler/index.php?pg=334
http://underdj5ziov3ic7.onion/crawler/index.php?pg=335
http://underdj5ziov3ic7.onion/crawler/index.php?pg=336
http://underdj5ziov3ic7.onion/crawler/index.php?pg=337
http://underdj5ziov3ic7.onion/crawler/index.php?pg=338
http://underdj5ziov3ic7.onion/crawler/index.php?pg=339
http://underdj5ziov3ic7.onion/crawler/index.php?pg=340
http://underdj5ziov3ic7.onion/crawler/index.php?pg=341
http://underdj5ziov3ic7.onion/crawler/index.php?pg=342
http://underdj5ziov3ic7.onion/crawler/index.php?pg=343
http://underdj5ziov3ic7.onion/crawler/index.php?pg=344
http://underdj5ziov3ic7.onion/crawler/index.php?pg=345
http://underdj5ziov3ic7.onion/crawler/index.php?pg=346
http://underdj5ziov3ic7.onion/crawler/index.php?pg=347
http://underdj5ziov3ic7.onion/crawler/index.php?pg=348
http://underdj5ziov3ic7.onion/crawler/index.php?pg=349
http://underdj5ziov3ic7.onion/crawler/index.php?pg=350
http://underdj5ziov3ic7.onion/crawler/index.php?pg=351
http://underdj5ziov3ic7.onion/crawler/index.php?pg=352
http://underdj5ziov3ic7.onion/crawler/index.php?pg=353
http://underdj5ziov3ic7.onion/crawler/index.php?pg=354
http://underdj5ziov3ic7.onion/crawler/index.php?pg=355
http://underdj5ziov3ic7.onion/crawler/index.php?pg=356
http://underdj5ziov3ic7.onion/crawler/index.php?pg=357
http://underdj5ziov3ic7.onion/crawler/index.php?pg=358
http://underdj5ziov3ic7.onion/crawler/index.php?pg=359
http://underdj5ziov3ic7.onion/crawler/index.php?pg=360
http://underdj5ziov3ic7.onion/crawler/index.php?pg=361
http://underdj5ziov3ic7.onion/crawler/index.php?pg=362
http://underdj5ziov3ic7.onion/crawler/index.php?pg=363
http://underdj5ziov3ic7.onion/crawler/index.php?pg=364
http://underdj5ziov3ic7.onion/crawler/index.php?pg=365
http://underdj5ziov3ic7.onion/crawler/index.php?pg=366
http://underdj5ziov3ic7.onion/crawler/index.php?pg=367
http://underdj5ziov3ic7.onion/crawler/index.php?pg=368
http://underdj5ziov3ic7.onion/crawler/index.php?pg=369
http://underdj5ziov3ic7.onion/crawler/index.php?pg=370
http://underdj5ziov3ic7.onion/crawler/index.php?pg=371
http://underdj5ziov3ic7.onion/crawler/index.php?pg=372
http://underdj5ziov3ic7.onion/crawler/index.php?pg=373
http://underdj5ziov3ic7.onion/crawler/index.php?pg=374
http://underdj5ziov3ic7.onion/crawler/index.php?pg=375
http://underdj5ziov3ic7.onion/crawler/index.php?pg=376
http://underdj5ziov3ic7.onion/crawler/index.php?pg=377
http://underdj5ziov3ic7.onion/crawler/index.php?pg=378
http://underdj5ziov3ic7.onion/crawler/index.php?pg=379
http://underdj5ziov3ic7.onion/crawler/index.php?pg=380
http://underdj5ziov3ic7.onion/crawler/index.php?pg=381
http://underdj5ziov3ic7.onion/crawler/index.php?pg=382
http://underdj5ziov3ic7.onion/crawler/index.php?pg=383
http://underdj5ziov3ic7.onion/crawler/index.php?pg=384
http://underdj5ziov3ic7.onion/crawler/index.php?pg=385
http://underdj5ziov3ic7.onion/crawler/index.php?pg=386
http://underdj5ziov3ic7.onion/crawler/index.php?pg=387
http://underdj5ziov3ic7.onion/crawler/index.php?pg=388
http://underdj5ziov3ic7.onion/crawler/index.php?pg=389
http://underdj5ziov3ic7.onion/crawler/index.php?pg=390
http://underdj5ziov3ic7.onion/crawler/index.php?pg=391
http://underdj5ziov3ic7.onion/crawler/index.php?pg=392
http://underdj5ziov3ic7.onion/crawler/index.php?pg=393
http://underdj5ziov3ic7.onion/crawler/index.php?pg=394
http://underdj5ziov3ic7.onion/crawler/index.php?pg=395
http://underdj5ziov3ic7.onion/crawler/index.php?pg=396
http://underdj5ziov3ic7.onion/crawler/index.php?pg=397
http://underdj5ziov3ic7.onion/crawler/index.php?pg=398
http://underdj5ziov3ic7.onion/crawler/index.php?pg=399
http://underdj5ziov3ic7.onion/crawler/index.php?pg=400
http://underdj5ziov3ic7.onion/crawler/index.php?pg=401
http://underdj5ziov3ic7.onion/crawler/index.php?pg=402
http://underdj5ziov3ic7.onion/crawler/index.php?pg=403
http://underdj5ziov3ic7.onion/crawler/index.php?pg=404
http://underdj5ziov3ic7.onion/crawler/index.php?pg=405
http://underdj5ziov3ic7.onion/crawler/index.php?pg=406
http://underdj5ziov3ic7.onion/crawler/index.php?pg=407
http://underdj5ziov3ic7.onion/crawler/index.php?pg=408
http://underdj5ziov3ic7.onion/crawler/index.php?pg=409
http://underdj5ziov3ic7.onion/crawler/index.php?pg=410
http://underdj5ziov3ic7.onion/crawler/index.php?pg=411
http://underdj5ziov3ic7.onion/crawler/index.php?pg=412
http://underdj5ziov3ic7.onion/crawler/index.php?pg=413
http://underdj5ziov3ic7.onion/crawler/index.php?pg=414
http://underdj5ziov3ic7.onion/crawler/index.php?pg=415
http://underdj5ziov3ic7.onion/crawler/index.php?pg=416
http://underdj5ziov3ic7.onion/crawler/index.php?pg=417
http://underdj5ziov3ic7.onion/crawler/index.php?pg=418
http://underdj5ziov3ic7.onion/crawler/index.php?pg=419
http://underdj5ziov3ic7.onion/crawler/index.php?pg=420
http://underdj5ziov3ic7.onion/crawler/index.php?pg=421
http://underdj5ziov3ic7.onion/crawler/index.php?pg=422
http://underdj5ziov3ic7.onion/crawler/index.php?pg=423
http://underdj5ziov3ic7.onion/crawler/index.php?pg=424
http://underdj5ziov3ic7.onion/crawler/index.php?pg=425
http://underdj5ziov3ic7.onion/crawler/index.php?pg=426
http://underdj5ziov3ic7.onion/crawler/index.php?pg=427
http://underdj5ziov3ic7.onion/crawler/index.php?pg=428
http://underdj5ziov3ic7.onion/crawler/index.php?pg=429
http://underdj5ziov3ic7.onion/crawler/index.php?pg=430
http://underdj5ziov3ic7.onion/crawler/index.php?pg=431
http://underdj5ziov3ic7.onion/crawler/index.php?pg=432
http://underdj5ziov3ic7.onion/crawler/index.php?pg=433
http://underdj5ziov3ic7.onion/crawler/index.php?pg=434
http://underdj5ziov3ic7.onion/crawler/index.php?pg=435
http://underdj5ziov3ic7.onion/crawler/index.php?pg=436
http://underdj5ziov3ic7.onion/crawler/index.php?pg=437
http://underdj5ziov3ic7.onion/crawler/index.php?pg=438
http://underdj5ziov3ic7.onion/crawler/index.php?pg=439
http://underdj5ziov3ic7.onion/crawler/index.php?pg=440
http://underdj5ziov3ic7.onion/crawler/index.php?pg=441
http://underdj5ziov3ic7.onion/crawler/index.php?pg=442
http://underdj5ziov3ic7.onion/crawler/index.php?pg=443
http://underdj5ziov3ic7.onion/crawler/index.php?pg=444
http://underdj5ziov3ic7.onion/crawler/index.php?pg=445
http://underdj5ziov3ic7.onion/crawler/index.php?pg=446
http://underdj5ziov3ic7.onion/crawler/index.php?pg=447
http://underdj5ziov3ic7.onion/crawler/index.php?pg=448
http://underdj5ziov3ic7.onion/crawler/index.php?pg=449
http://underdj5ziov3ic7.onion/crawler/index.php?pg=450
http://underdj5ziov3ic7.onion/crawler/index.php?pg=451
http://underdj5ziov3ic7.onion/crawler/index.php?pg=452
http://underdj5ziov3ic7.onion/crawler/index.php?pg=453
http://underdj5ziov3ic7.onion/crawler/index.php?pg=454
http://underdj5ziov3ic7.onion/crawler/index.php?pg=455
http://underdj5ziov3ic7.onion/crawler/index.php?pg=456
http://underdj5ziov3ic7.onion/crawler/index.php?pg=457
http://underdj5ziov3ic7.onion/crawler/index.php?pg=458
http://underdj5ziov3ic7.onion/crawler/index.php?pg=459
http://underdj5ziov3ic7.onion/crawler/index.php?pg=460
http://underdj5ziov3ic7.onion/crawler/index.php?pg=461
http://underdj5ziov3ic7.onion/crawler/index.php?pg=462
http://underdj5ziov3ic7.onion/crawler/index.php?pg=463
http://underdj5ziov3ic7.onion/crawler/index.php?pg=464
http://underdj5ziov3ic7.onion/crawler/index.php?pg=465
http://underdj5ziov3ic7.onion/crawler/index.php?pg=466
http://underdj5ziov3ic7.onion/crawler/index.php?pg=467
http://underdj5ziov3ic7.onion/crawler/index.php?pg=468
http://underdj5ziov3ic7.onion/crawler/index.php?pg=469
http://underdj5ziov3ic7.onion/crawler/index.php?pg=470
http://underdj5ziov3ic7.onion/crawler/index.php?pg=471
http://underdj5ziov3ic7.onion/crawler/index.php?pg=472
http://underdj5ziov3ic7.onion/crawler/index.php?pg=473
http://underdj5ziov3ic7.onion/crawler/index.php?pg=474
http://underdj5ziov3ic7.onion/crawler/index.php?pg=475
http://underdj5ziov3ic7.onion/crawler/index.php?pg=476
http://underdj5ziov3ic7.onion/crawler/index.php?pg=477
http://underdj5ziov3ic7.onion/crawler/index.php?pg=478
http://underdj5ziov3ic7.onion/crawler/index.php?pg=479
http://underdj5ziov3ic7.onion/crawler/index.php?pg=480
http://underdj5ziov3ic7.onion/crawler/index.php?pg=481
http://underdj5ziov3ic7.onion/crawler/index.php?pg=482
http://underdj5ziov3ic7.onion/crawler/index.php?pg=483
http://underdj5ziov3ic7.onion/crawler/index.php?pg=484
http://underdj5ziov3ic7.onion/crawler/index.php?pg=485
http://underdj5ziov3ic7.onion/crawler/index.php?pg=486
http://underdj5ziov3ic7.onion/crawler/index.php?pg=487
http://underdj5ziov3ic7.onion/crawler/index.php?pg=488
http://underdj5ziov3ic7.onion/crawler/index.php?pg=489
http://underdj5ziov3ic7.onion/crawler/index.php?pg=490
http://underdj5ziov3ic7.onion/crawler/index.php?pg=491
http://underdj5ziov3ic7.onion/crawler/index.php?pg=492
http://underdj5ziov3ic7.onion/crawler/index.php?pg=493
http://underdj5ziov3ic7.onion/crawler/index.php?pg=494
http://underdj5ziov3ic7.onion/crawler/index.php?pg=495
http://underdj5ziov3ic7.onion/crawler/index.php?pg=496
http://underdj5ziov3ic7.onion/crawler/index.php?pg=497
http://underdj5ziov3ic7.onion/crawler/index.php?pg=498
http://underdj5ziov3ic7.onion/crawler/index.php?pg=499
http://underdj5ziov3ic7.onion/crawler/index.php?pg=500
http://underdj5ziov3ic7.onion/crawler/index.php?pg=501
http://underdj5ziov3ic7.onion/crawler/index.php?pg=502
http://underdj5ziov3ic7.onion/crawler/index.php?pg=503
http://underdj5ziov3ic7.onion/crawler/index.php?pg=504
http://underdj5ziov3ic7.onion/crawler/index.php?pg=505
http://underdj5ziov3ic7.onion/crawler/index.php?pg=506
http://underdj5ziov3ic7.onion/crawler/index.php?pg=507
http://underdj5ziov3ic7.onion/crawler/index.php?pg=508
http://underdj5ziov3ic7.onion/crawler/index.php?pg=509
http://underdj5ziov3ic7.onion/crawler/index.php?pg=510
http://underdj5ziov3ic7.onion/crawler/index.php?pg=511
http://underdj5ziov3ic7.onion/crawler/index.php?pg=512
http://underdj5ziov3ic7.onion/crawler/index.php?pg=513
http://underdj5ziov3ic7.onion/crawler/index.php?pg=514
http://underdj5ziov3ic7.onion/crawler/index.php?pg=515
http://underdj5ziov3ic7.onion/crawler/index.php?pg=516
http://underdj5ziov3ic7.onion/crawler/index.php?pg=517
http://underdj5ziov3ic7.onion/crawler/index.php?pg=518
http://underdj5ziov3ic7.onion/crawler/index.php?pg=519
http://underdj5ziov3ic7.onion/crawler/index.php?pg=520
http://underdj5ziov3ic7.onion/crawler/index.php?pg=521
http://underdj5ziov3ic7.onion/crawler/index.php?pg=522
http://underdj5ziov3ic7.onion/crawler/index.php?pg=523
http://underdj5ziov3ic7.onion/crawler/index.php?pg=524
http://underdj5ziov3ic7.onion/crawler/index.php?pg=525
http://underdj5ziov3ic7.onion/crawler/index.php?pg=526
http://underdj5ziov3ic7.onion/crawler/index.php?pg=527
http://underdj5ziov3ic7.onion/crawler/index.php?pg=528
http://underdj5ziov3ic7.onion/crawler/index.php?pg=529
http://underdj5ziov3ic7.onion/crawler/index.php?pg=530
http://underdj5ziov3ic7.onion/crawler/index.php?pg=531
http://underdj5ziov3ic7.onion/crawler/index.php?pg=532
http://underdj5ziov3ic7.onion/crawler/index.php?pg=533
http://underdj5ziov3ic7.onion/crawler/index.php?pg=534
http://underdj5ziov3ic7.onion/crawler/index.php?pg=535
http://underdj5ziov3ic7.onion/crawler/index.php?pg=536
http://underdj5ziov3ic7.onion/crawler/index.php?pg=537
http://underdj5ziov3ic7.onion/crawler/index.php?pg=538
http://underdj5ziov3ic7.onion/crawler/index.php?pg=539
http://underdj5ziov3ic7.onion/crawler/index.php?pg=540
http://underdj5ziov3ic7.onion/crawler/index.php?pg=541
http://underdj5ziov3ic7.onion/crawler/index.php?pg=542
http://underdj5ziov3ic7.onion/crawler/index.php?pg=543
http://underdj5ziov3ic7.onion/crawler/index.php?pg=544
http://underdj5ziov3ic7.onion/crawler/index.php?pg=545
http://underdj5ziov3ic7.onion/crawler/index.php?pg=546
http://underdj5ziov3ic7.onion/crawler/index.php?pg=547
http://underdj5ziov3ic7.onion/crawler/index.php?pg=548
http://underdj5ziov3ic7.onion/crawler/index.php?pg=549
http://underdj5ziov3ic7.onion/crawler/index.php?pg=550
http://underdj5ziov3ic7.onion/crawler/index.php?pg=551
http://underdj5ziov3ic7.onion/crawler/index.php?pg=552
http://underdj5ziov3ic7.onion/crawler/index.php?pg=553
http://underdj5ziov3ic7.onion/crawler/index.php?pg=554
http://underdj5ziov3ic7.onion/crawler/index.php?pg=555
http://underdj5ziov3ic7.onion/crawler/index.php?pg=556
http://underdj5ziov3ic7.onion/crawler/index.php?pg=557
http://underdj5ziov3ic7.onion/crawler/index.php?pg=558
http://underdj5ziov3ic7.onion/crawler/index.php?pg=559
http://underdj5ziov3ic7.onion/crawler/index.php?pg=560
http://underdj5ziov3ic7.onion/crawler/index.php?pg=561
http://underdj5ziov3ic7.onion/crawler/index.php?pg=562
http://underdj5ziov3ic7.onion/crawler/index.php?pg=563
http://underdj5ziov3ic7.onion/crawler/index.php?pg=564
http://underdj5ziov3ic7.onion/crawler/index.php?pg=565
http://underdj5ziov3ic7.onion/crawler/index.php?pg=566
http://underdj5ziov3ic7.onion/crawler/index.php?pg=567
http://underdj5ziov3ic7.onion/crawler/index.php?pg=568
http://underdj5ziov3ic7.onion/crawler/index.php?pg=569
http://underdj5ziov3ic7.onion/crawler/index.php?pg=570
http://underdj5ziov3ic7.onion/crawler/index.php?pg=571
http://underdj5ziov3ic7.onion/crawler/index.php?pg=572
http://underdj5ziov3ic7.onion/crawler/index.php?pg=573
http://underdj5ziov3ic7.onion/crawler/index.php?pg=574
http://underdj5ziov3ic7.onion/crawler/index.php?pg=575
http://underdj5ziov3ic7.onion/crawler/index.php?pg=576
http://underdj5ziov3ic7.onion/crawler/index.php?pg=577
http://underdj5ziov3ic7.onion/crawler/index.php?pg=578
http://underdj5ziov3ic7.onion/crawler/index.php?pg=579
http://underdj5ziov3ic7.onion/crawler/index.php?pg=580
http://underdj5ziov3ic7.onion/crawler/index.php?pg=581
http://underdj5ziov3ic7.onion/crawler/index.php?pg=582
http://underdj5ziov3ic7.onion/crawler/index.php?pg=583
http://underdj5ziov3ic7.onion/crawler/index.php?pg=584
http://underdj5ziov3ic7.onion/crawler/index.php?pg=585
http://underdj5ziov3ic7.onion/crawler/index.php?pg=586
http://underdj5ziov3ic7.onion/crawler/index.php?pg=587
http://underdj5ziov3ic7.onion/crawler/index.php?pg=588
http://underdj5ziov3ic7.onion/crawler/index.php?pg=589
http://underdj5ziov3ic7.onion/crawler/index.php?pg=590
http://underdj5ziov3ic7.onion/crawler/index.php?pg=591
http://underdj5ziov3ic7.onion/crawler/index.php?pg=592
http://underdj5ziov3ic7.onion/crawler/index.php?pg=593
http://underdj5ziov3ic7.onion/crawler/index.php?pg=594
http://underdj5ziov3ic7.onion/crawler/index.php?pg=595
http://underdj5ziov3ic7.onion/crawler/index.php?pg=596
http://underdj5ziov3ic7.onion/crawler/index.php?pg=597
http://underdj5ziov3ic7.onion/crawler/index.php?pg=598
http://underdj5ziov3ic7.onion/crawler/index.php?pg=599
http://underdj5ziov3ic7.onion/crawler/index.php?pg=600
http://underdj5ziov3ic7.onion/crawler/index.php?pg=601
http://underdj5ziov3ic7.onion/crawler/index.php?pg=602
http://underdj5ziov3ic7.onion/crawler/index.php?pg=603
http://underdj5ziov3ic7.onion/crawler/index.php?pg=604
http://underdj5ziov3ic7.onion/crawler/index.php?pg=605
http://underdj5ziov3ic7.onion/crawler/index.php?pg=606
http://underdj5ziov3ic7.onion/crawler/index.php?pg=607
http://underdj5ziov3ic7.onion/crawler/index.php?pg=608
http://underdj5ziov3ic7.onion/crawler/index.php?pg=609
http://underdj5ziov3ic7.onion/crawler/index.php?pg=610
http://underdj5ziov3ic7.onion/crawler/index.php?pg=611
http://underdj5ziov3ic7.onion/crawler/index.php?pg=612
http://underdj5ziov3ic7.onion/crawler/index.php?pg=613
http://underdj5ziov3ic7.onion/crawler/index.php?pg=614
http://underdj5ziov3ic7.onion/crawler/index.php?pg=615
http://underdj5ziov3ic7.onion/crawler/index.php?pg=616
http://underdj5ziov3ic7.onion/crawler/index.php?pg=617
http://underdj5ziov3ic7.onion/crawler/index.php?pg=618
http://underdj5ziov3ic7.onion/crawler/index.php?pg=619
http://underdj5ziov3ic7.onion/crawler/index.php?pg=620
http://underdj5ziov3ic7.onion/crawler/index.php?pg=621
http://underdj5ziov3ic7.onion/crawler/index.php?pg=622
http://underdj5ziov3ic7.onion/crawler/index.php?pg=623
http://underdj5ziov3ic7.onion/crawler/index.php?pg=624
http://underdj5ziov3ic7.onion/crawler/index.php?pg=625
http://underdj5ziov3ic7.onion/crawler/index.php?pg=626
http://underdj5ziov3ic7.onion/crawler/index.php?pg=627
http://underdj5ziov3ic7.onion/crawler/index.php?pg=628
http://underdj5ziov3ic7.onion/crawler/index.php?pg=629
http://underdj5ziov3ic7.onion/crawler/index.php?pg=630
http://underdj5ziov3ic7.onion/crawler/index.php?pg=631
http://underdj5ziov3ic7.onion/crawler/index.php?pg=632
http://underdj5ziov3ic7.onion/crawler/index.php?pg=633
http://underdj5ziov3ic7.onion/crawler/index.php?pg=634
http://underdj5ziov3ic7.onion/crawler/index.php?pg=635
http://underdj5ziov3ic7.onion/crawler/index.php?pg=636
http://underdj5ziov3ic7.onion/crawler/index.php?pg=637
http://underdj5ziov3ic7.onion/crawler/index.php?pg=638
http://underdj5ziov3ic7.onion/crawler/index.php?pg=639
http://underdj5ziov3ic7.onion/crawler/index.php?pg=640
http://underdj5ziov3ic7.onion/crawler/index.php?pg=641
http://underdj5ziov3ic7.onion/crawler/index.php?pg=642
http://underdj5ziov3ic7.onion/crawler/index.php?pg=643
http://underdj5ziov3ic7.onion/crawler/index.php?pg=644
http://underdj5ziov3ic7.onion/crawler/index.php?pg=645
http://underdj5ziov3ic7.onion/crawler/index.php?pg=646
http://underdj5ziov3ic7.onion/crawler/index.php?pg=647
http://underdj5ziov3ic7.onion/crawler/index.php?pg=648
http://underdj5ziov3ic7.onion/crawler/index.php?pg=649
http://underdj5ziov3ic7.onion/crawler/index.php?pg=650
http://underdj5ziov3ic7.onion/crawler/index.php?pg=651
http://underdj5ziov3ic7.onion/crawler/index.php?pg=652
http://underdj5ziov3ic7.onion/crawler/index.php?pg=653
http://underdj5ziov3ic7.onion/crawler/index.php?pg=654
http://underdj5ziov3ic7.onion/crawler/index.php?pg=655
http://underdj5ziov3ic7.onion/crawler/index.php?pg=656
http://underdj5ziov3ic7.onion/crawler/index.php?pg=657
http://underdj5ziov3ic7.onion/crawler/index.php?pg=658
http://underdj5ziov3ic7.onion/crawler/index.php?pg=659
http://underdj5ziov3ic7.onion/crawler/index.php?pg=660
http://underdj5ziov3ic7.onion/crawler/index.php?pg=661
http://underdj5ziov3ic7.onion/crawler/index.php?pg=662
http://underdj5ziov3ic7.onion/crawler/index.php?pg=663
http://underdj5ziov3ic7.onion/crawler/index.php?pg=664
http://underdj5ziov3ic7.onion/crawler/index.php?pg=665
http://underdj5ziov3ic7.onion/crawler/index.php?pg=666
http://underdj5ziov3ic7.onion/crawler/index.php?pg=667
http://underdj5ziov3ic7.onion/crawler/index.php?pg=668
http://underdj5ziov3ic7.onion/crawler/index.php?pg=669
http://underdj5ziov3ic7.onion/crawler/index.php?pg=670
http://underdj5ziov3ic7.onion/crawler/index.php?pg=671
http://underdj5ziov3ic7.onion/crawler/index.php?pg=672
http://underdj5ziov3ic7.onion/crawler/index.php?pg=673
http://underdj5ziov3ic7.onion/crawler/index.php?pg=674
http://underdj5ziov3ic7.onion/crawler/index.php?pg=675
http://underdj5ziov3ic7.onion/crawler/index.php?pg=676
http://underdj5ziov3ic7.onion/crawler/index.php?pg=677
http://underdj5ziov3ic7.onion/crawler/index.php?pg=678
http://underdj5ziov3ic7.onion/crawler/index.php?pg=679
http://underdj5ziov3ic7.onion/crawler/index.php?pg=680
http://underdj5ziov3ic7.onion/crawler/index.php?pg=681
http://underdj5ziov3ic7.onion/crawler/index.php?pg=682
http://underdj5ziov3ic7.onion/crawler/index.php?pg=683
http://underdj5ziov3ic7.onion/crawler/index.php?pg=684
http://underdj5ziov3ic7.onion/crawler/index.php?pg=685
http://underdj5ziov3ic7.onion/crawler/index.php?pg=686
http://underdj5ziov3ic7.onion/crawler/index.php?pg=687
http://underdj5ziov3ic7.onion/crawler/index.php?pg=688
http://underdj5ziov3ic7.onion/crawler/index.php?pg=689
http://underdj5ziov3ic7.onion/crawler/index.php?pg=690
http://underdj5ziov3ic7.onion/crawler/index.php?pg=691
http://underdj5ziov3ic7.onion/crawler/index.php?pg=692
http://underdj5ziov3ic7.onion/crawler/index.php?pg=693
http://underdj5ziov3ic7.onion/crawler/index.php?pg=694
http://underdj5ziov3ic7.onion/crawler/index.php?pg=695
http://underdj5ziov3ic7.onion/crawler/index.php?pg=696
http://underdj5ziov3ic7.onion/crawler/index.php?pg=697
http://underdj5ziov3ic7.onion/crawler/index.php?pg=698
http://underdj5ziov3ic7.onion/crawler/index.php?pg=699
http://underdj5ziov3ic7.onion/crawler/index.php?pg=700
http://underdj5ziov3ic7.onion/crawler/index.php?pg=701
http://underdj5ziov3ic7.onion/crawler/index.php?pg=702
http://underdj5ziov3ic7.onion/crawler/index.php?pg=703
http://underdj5ziov3ic7.onion/crawler/index.php?pg=704
http://underdj5ziov3ic7.onion/crawler/index.php?pg=705
http://underdj5ziov3ic7.onion/crawler/index.php?pg=706
http://underdj5ziov3ic7.onion/crawler/index.php?pg=707
http://underdj5ziov3ic7.onion/crawler/index.php?pg=708
http://underdj5ziov3ic7.onion/crawler/index.php?pg=709
http://underdj5ziov3ic7.onion/crawler/index.php?pg=710
http://underdj5ziov3ic7.onion/crawler/index.php?pg=711
http://underdj5ziov3ic7.onion/crawler/index.php?pg=712
http://underdj5ziov3ic7.onion/crawler/index.php?pg=713
http://underdj5ziov3ic7.onion/crawler/index.php?pg=714
http://underdj5ziov3ic7.onion/crawler/index.php?pg=715
http://underdj5ziov3ic7.onion/crawler/index.php?pg=716
http://underdj5ziov3ic7.onion/crawler/index.php?pg=717
http://underdj5ziov3ic7.onion/crawler/index.php?pg=718
http://underdj5ziov3ic7.onion/crawler/index.php?pg=719
http://underdj5ziov3ic7.onion/crawler/index.php?pg=720
http://underdj5ziov3ic7.onion/crawler/index.php?pg=721
http://underdj5ziov3ic7.onion/crawler/index.php?pg=722
http://underdj5ziov3ic7.onion/crawler/index.php?pg=723
http://underdj5ziov3ic7.onion/crawler/index.php?pg=724
http://underdj5ziov3ic7.onion/crawler/index.php?pg=725
http://underdj5ziov3ic7.onion/crawler/index.php?pg=726
http://underdj5ziov3ic7.onion/crawler/index.php?pg=727
http://underdj5ziov3ic7.onion/crawler/index.php?pg=728
http://underdj5ziov3ic7.onion/crawler/index.php?pg=729
http://underdj5ziov3ic7.onion/crawler/index.php?pg=730
http://underdj5ziov3ic7.onion/crawler/index.php?pg=731
http://underdj5ziov3ic7.onion/crawler/index.php?pg=732
http://underdj5ziov3ic7.onion/crawler/index.php?pg=733
http://underdj5ziov3ic7.onion/crawler/index.php?pg=734
http://underdj5ziov3ic7.onion/crawler/index.php?pg=735
http://underdj5ziov3ic7.onion/crawler/index.php?pg=736
http://underdj5ziov3ic7.onion/crawler/index.php?pg=737
http://underdj5ziov3ic7.onion/crawler/index.php?pg=738
http://underdj5ziov3ic7.onion/crawler/index.php?pg=739
http://underdj5ziov3ic7.onion/crawler/index.php?pg=740
http://underdj5ziov3ic7.onion/crawler/index.php?pg=741
http://underdj5ziov3ic7.onion/crawler/index.php?pg=742
http://underdj5ziov3ic7.onion/crawler/index.php?pg=743
http://underdj5ziov3ic7.onion/crawler/index.php?pg=744
http://underdj5ziov3ic7.onion/crawler/index.php?pg=745
http://underdj5ziov3ic7.onion/crawler/index.php?pg=746
http://underdj5ziov3ic7.onion/crawler/index.php?pg=747
http://underdj5ziov3ic7.onion/crawler/index.php?pg=748
http://underdj5ziov3ic7.onion/crawler/index.php?pg=749
http://underdj5ziov3ic7.onion/crawler/index.php?pg=750
http://underdj5ziov3ic7.onion/crawler/index.php?pg=751
http://underdj5ziov3ic7.onion/crawler/index.php?pg=752
http://underdj5ziov3ic7.onion/crawler/index.php?pg=753
http://underdj5ziov3ic7.onion/crawler/index.php?pg=754
http://underdj5ziov3ic7.onion/crawler/index.php?pg=755
http://underdj5ziov3ic7.onion/crawler/index.php?pg=756
http://underdj5ziov3ic7.onion/crawler/index.php?pg=757
http://underdj5ziov3ic7.onion/crawler/index.php?pg=758
http://underdj5ziov3ic7.onion/crawler/index.php?pg=759
http://underdj5ziov3ic7.onion/crawler/index.php?pg=760
http://underdj5ziov3ic7.onion/crawler/index.php?pg=761
http://underdj5ziov3ic7.onion/crawler/index.php?pg=762
http://underdj5ziov3ic7.onion/crawler/index.php?pg=763
http://underdj5ziov3ic7.onion/crawler/index.php?pg=764
http://underdj5ziov3ic7.onion/crawler/index.php?pg=765
http://underdj5ziov3ic7.onion/crawler/index.php?pg=766
http://underdj5ziov3ic7.onion/crawler/index.php?pg=767
http://underdj5ziov3ic7.onion/crawler/index.php?pg=768
http://underdj5ziov3ic7.onion/crawler/index.php?pg=769
http://underdj5ziov3ic7.onion/crawler/index.php?pg=770
http://underdj5ziov3ic7.onion/crawler/index.php?pg=771
http://underdj5ziov3ic7.onion/crawler/index.php?pg=772
http://underdj5ziov3ic7.onion/crawler/index.php?pg=773
http://underdj5ziov3ic7.onion/crawler/index.php?pg=774
http://underdj5ziov3ic7.onion/crawler/index.php?pg=775
http://underdj5ziov3ic7.onion/crawler/index.php?pg=776
http://underdj5ziov3ic7.onion/crawler/index.php?pg=777
http://underdj5ziov3ic7.onion/crawler/index.php?pg=778
http://underdj5ziov3ic7.onion/crawler/index.php?pg=779
http://underdj5ziov3ic7.onion/crawler/index.php?pg=780
http://underdj5ziov3ic7.onion/crawler/index.php?pg=781
http://underdj5ziov3ic7.onion/crawler/index.php?pg=782
http://underdj5ziov3ic7.onion/crawler/index.php?pg=783
http://underdj5ziov3ic7.onion/crawler/index.php?pg=784
http://underdj5ziov3ic7.onion/crawler/index.php?pg=785
http://underdj5ziov3ic7.onion/crawler/index.php?pg=786
http://underdj5ziov3ic7.onion/crawler/index.php?pg=787
http://underdj5ziov3ic7.onion/crawler/index.php?pg=788
http://underdj5ziov3ic7.onion/crawler/index.php?pg=789
http://underdj5ziov3ic7.onion/crawler/index.php?pg=790
http://underdj5ziov3ic7.onion/crawler/index.php?pg=791
http://underdj5ziov3ic7.onion/crawler/index.php?pg=792
http://underdj5ziov3ic7.onion/crawler/index.php?pg=793
http://underdj5ziov3ic7.onion/crawler/index.php?pg=794
http://underdj5ziov3ic7.onion/crawler/index.php?pg=795
http://underdj5ziov3ic7.onion/crawler/index.php?pg=796
http://underdj5ziov3ic7.onion/crawler/index.php?pg=797
http://underdj5ziov3ic7.onion/crawler/index.php?pg=798
http://underdj5ziov3ic7.onion/crawler/index.php?pg=799
http://underdj5ziov3ic7.onion/crawler/index.php?pg=800
http://underdj5ziov3ic7.onion/crawler/index.php?pg=801
http://underdj5ziov3ic7.onion/crawler/index.php?pg=802
http://underdj5ziov3ic7.onion/crawler/index.php?pg=803
http://underdj5ziov3ic7.onion/crawler/index.php?pg=804
http://underdj5ziov3ic7.onion/crawler/index.php?pg=805
http://underdj5ziov3ic7.onion/crawler/index.php?pg=806
http://underdj5ziov3ic7.onion/crawler/index.php?pg=807
http://underdj5ziov3ic7.onion/crawler/index.php?pg=808
http://underdj5ziov3ic7.onion/crawler/index.php?pg=809
http://underdj5ziov3ic7.onion/crawler/index.php?pg=810
http://underdj5ziov3ic7.onion/crawler/index.php?pg=811
http://underdj5ziov3ic7.onion/crawler/index.php?pg=812
http://underdj5ziov3ic7.onion/crawler/index.php?pg=813
http://underdj5ziov3ic7.onion/crawler/index.php?pg=814
http://underdj5ziov3ic7.onion/crawler/index.php?pg=815
http://underdj5ziov3ic7.onion/crawler/index.php?pg=816
http://underdj5ziov3ic7.onion/crawler/index.php?pg=817
http://underdj5ziov3ic7.onion/crawler/index.php?pg=818
http://underdj5ziov3ic7.onion/crawler/index.php?pg=819
http://underdj5ziov3ic7.onion/crawler/index.php?pg=820
http://underdj5ziov3ic7.onion/crawler/index.php?pg=821
http://underdj5ziov3ic7.onion/crawler/index.php?pg=822
http://underdj5ziov3ic7.onion/crawler/index.php?pg=823
http://underdj5ziov3ic7.onion/crawler/index.php?pg=824
http://underdj5ziov3ic7.onion/crawler/index.php?pg=825
http://underdj5ziov3ic7.onion/crawler/index.php?pg=826
http://underdj5ziov3ic7.onion/crawler/index.php?pg=827
http://underdj5ziov3ic7.onion/crawler/index.php?pg=828
http://underdj5ziov3ic7.onion/crawler/index.php?pg=829
http://underdj5ziov3ic7.onion/crawler/index.php?pg=830
http://underdj5ziov3ic7.onion/crawler/index.php?pg=831
http://underdj5ziov3ic7.onion/crawler/index.php?pg=832
http://underdj5ziov3ic7.onion/crawler/index.php?pg=833
http://underdj5ziov3ic7.onion/crawler/index.php?pg=834
http://underdj5ziov3ic7.onion/crawler/index.php?pg=835
http://underdj5ziov3ic7.onion/crawler/index.php?pg=836
http://underdj5ziov3ic7.onion/crawler/index.php?pg=837
http://underdj5ziov3ic7.onion/crawler/index.php?pg=838
http://underdj5ziov3ic7.onion/crawler/index.php?pg=839
http://underdj5ziov3ic7.onion/crawler/index.php?pg=840
http://underdj5ziov3ic7.onion/crawler/index.php?pg=841
http://underdj5ziov3ic7.onion/crawler/index.php?pg=842
http://underdj5ziov3ic7.onion/crawler/index.php?pg=843
http://underdj5ziov3ic7.onion/crawler/index.php?pg=844
http://underdj5ziov3ic7.onion/crawler/index.php?pg=845
http://underdj5ziov3ic7.onion/crawler/index.php?pg=846
http://underdj5ziov3ic7.onion/crawler/index.php?pg=847
http://underdj5ziov3ic7.onion/crawler/index.php?pg=848
http://underdj5ziov3ic7.onion/crawler/index.php?pg=849
http://underdj5ziov3ic7.onion/crawler/index.php?pg=850
http://underdj5ziov3ic7.onion/crawler/index.php?pg=851
http://underdj5ziov3ic7.onion/crawler/index.php?pg=852
http://underdj5ziov3ic7.onion/crawler/index.php?pg=853
http://underdj5ziov3ic7.onion/crawler/index.php?pg=854
http://underdj5ziov3ic7.onion/crawler/index.php?pg=855
http://underdj5ziov3ic7.onion/crawler/index.php?pg=856
http://underdj5ziov3ic7.onion/crawler/index.php?pg=857
http://underdj5ziov3ic7.onion/crawler/index.php?pg=858
http://underdj5ziov3ic7.onion/crawler/index.php?pg=859
http://underdj5ziov3ic7.onion/crawler/index.php?pg=860
http://underdj5ziov3ic7.onion/crawler/index.php?pg=861
http://underdj5ziov3ic7.onion/crawler/index.php?pg=862
http://underdj5ziov3ic7.onion/crawler/index.php?pg=863
http://underdj5ziov3ic7.onion/crawler/index.php?pg=864
http://underdj5ziov3ic7.onion/crawler/index.php?pg=865
http://underdj5ziov3ic7.onion/crawler/index.php?pg=866
http://underdj5ziov3ic7.onion/crawler/index.php?pg=867
http://underdj5ziov3ic7.onion/crawler/index.php?pg=868
http://underdj5ziov3ic7.onion/crawler/index.php?pg=869
http://underdj5ziov3ic7.onion/crawler/index.php?pg=870
http://underdj5ziov3ic7.onion/crawler/index.php?pg=871
http://underdj5ziov3ic7.onion/crawler/index.php?pg=872
http://underdj5ziov3ic7.onion/crawler/index.php?pg=873
http://underdj5ziov3ic7.onion/crawler/index.php?pg=874
http://underdj5ziov3ic7.onion/crawler/index.php?pg=875
http://underdj5ziov3ic7.onion/crawler/index.php?pg=876
http://underdj5ziov3ic7.onion/crawler/index.php?pg=877
http://underdj5ziov3ic7.onion/crawler/index.php?pg=878
http://underdj5ziov3ic7.onion/crawler/index.php?pg=879
http://underdj5ziov3ic7.onion/crawler/index.php?pg=880
http://underdj5ziov3ic7.onion/crawler/index.php?pg=881
http://underdj5ziov3ic7.onion/crawler/index.php?pg=882
http://underdj5ziov3ic7.onion/crawler/index.php?pg=883
http://underdj5ziov3ic7.onion/crawler/index.php?pg=884
http://underdj5ziov3ic7.onion/crawler/index.php?pg=885
http://underdj5ziov3ic7.onion/crawler/index.php?pg=886
http://underdj5ziov3ic7.onion/crawler/index.php?pg=887
http://underdj5ziov3ic7.onion/crawler/index.php?pg=888
http://underdj5ziov3ic7.onion/crawler/index.php?pg=889
http://underdj5ziov3ic7.onion/crawler/index.php?pg=890
http://underdj5ziov3ic7.onion/crawler/index.php?pg=891
http://underdj5ziov3ic7.onion/crawler/index.php?pg=892
http://underdj5ziov3ic7.onion/crawler/index.php?pg=893
http://underdj5ziov3ic7.onion/crawler/index.php?pg=894
http://underdj5ziov3ic7.onion/crawler/index.php?pg=895
http://underdj5ziov3ic7.onion/crawler/index.php?pg=896
http://underdj5ziov3ic7.onion/crawler/index.php?pg=897
http://underdj5ziov3ic7.onion/crawler/index.php?pg=898
http://underdj5ziov3ic7.onion/crawler/index.php?pg=899
http://underdj5ziov3ic7.onion/crawler/index.php?pg=900
http://underdj5ziov3ic7.onion/crawler/index.php?pg=901
http://underdj5ziov3ic7.onion/crawler/index.php?pg=902
http://underdj5ziov3ic7.onion/crawler/index.php?pg=903
http://underdj5ziov3ic7.onion/crawler/index.php?pg=904
http://underdj5ziov3ic7.onion/crawler/index.php?pg=905
http://underdj5ziov3ic7.onion/crawler/index.php?pg=906
http://underdj5ziov3ic7.onion/crawler/index.php?pg=907
http://underdj5ziov3ic7.onion/crawler/index.php?pg=908
http://underdj5ziov3ic7.onion/crawler/index.php?pg=909
http://underdj5ziov3ic7.onion/crawler/index.php?pg=910
http://underdj5ziov3ic7.onion/crawler/index.php?pg=911
http://underdj5ziov3ic7.onion/crawler/index.php?pg=912
http://underdj5ziov3ic7.onion/crawler/index.php?pg=913
http://underdj5ziov3ic7.onion/crawler/index.php?pg=914
http://underdj5ziov3ic7.onion/crawler/index.php?pg=915
http://underdj5ziov3ic7.onion/crawler/index.php?pg=916
http://underdj5ziov3ic7.onion/crawler/index.php?pg=917
http://underdj5ziov3ic7.onion/crawler/index.php?pg=918
http://underdj5ziov3ic7.onion/crawler/index.php?pg=919
http://underdj5ziov3ic7.onion/crawler/index.php?pg=920
http://underdj5ziov3ic7.onion/crawler/index.php?pg=921
http://underdj5ziov3ic7.onion/crawler/index.php?pg=922
http://underdj5ziov3ic7.onion/crawler/index.php?pg=923
http://underdj5ziov3ic7.onion/crawler/index.php?pg=924
http://underdj5ziov3ic7.onion/crawler/index.php?pg=925
http://underdj5ziov3ic7.onion/crawler/index.php?pg=926
http://underdj5ziov3ic7.onion/crawler/index.php?pg=927
http://underdj5ziov3ic7.onion/crawler/index.php?pg=928
http://underdj5ziov3ic7.onion/crawler/index.php?pg=929
http://underdj5ziov3ic7.onion/crawler/index.php?pg=930
http://underdj5ziov3ic7.onion/crawler/index.php?pg=931
http://underdj5ziov3ic7.onion/crawler/index.php?pg=932
http://underdj5ziov3ic7.onion/crawler/index.php?pg=933
http://underdj5ziov3ic7.onion/crawler/index.php?pg=934
http://underdj5ziov3ic7.onion/crawler/index.php?pg=935
http://underdj5ziov3ic7.onion/crawler/index.php?pg=936
http://underdj5ziov3ic7.onion/crawler/index.php?pg=937
http://underdj5ziov3ic7.onion/crawler/index.php?pg=938
http://underdj5ziov3ic7.onion/crawler/index.php?pg=939
http://underdj5ziov3ic7.onion/crawler/index.php?pg=940
http://underdj5ziov3ic7.onion/crawler/index.php?pg=941
http://underdj5ziov3ic7.onion/crawler/index.php?pg=942
http://underdj5ziov3ic7.onion/crawler/index.php?pg=943
http://underdj5ziov3ic7.onion/crawler/index.php?pg=944
http://underdj5ziov3ic7.onion/crawler/index.php?pg=945
http://underdj5ziov3ic7.onion/crawler/index.php?pg=946
http://underdj5ziov3ic7.onion/crawler/index.php?pg=947
http://underdj5ziov3ic7.onion/crawler/index.php?pg=948
http://underdj5ziov3ic7.onion/crawler/index.php?pg=949
http://underdj5ziov3ic7.onion/crawler/index.php?pg=950
http://underdj5ziov3ic7.onion/crawler/index.php?pg=951
http://underdj5ziov3ic7.onion/crawler/index.php?pg=952
http://underdj5ziov3ic7.onion/crawler/index.php?pg=953
http://underdj5ziov3ic7.onion/crawler/index.php?pg=954
http://underdj5ziov3ic7.onion/crawler/index.php?pg=955
http://underdj5ziov3ic7.onion/crawler/index.php?pg=956
http://underdj5ziov3ic7.onion/crawler/index.php?pg=957
http://underdj5ziov3ic7.onion/crawler/index.php?pg=958
http://underdj5ziov3ic7.onion/crawler/index.php?pg=959
http://underdj5ziov3ic7.onion/crawler/index.php?pg=960
http://underdj5ziov3ic7.onion/crawler/index.php?pg=961
http://underdj5ziov3ic7.onion/crawler/index.php?pg=962
http://underdj5ziov3ic7.onion/crawler/index.php?pg=963
http://underdj5ziov3ic7.onion/crawler/index.php?pg=964
http://underdj5ziov3ic7.onion/crawler/index.php?pg=965
http://underdj5ziov3ic7.onion/crawler/index.php?pg=966
http://underdj5ziov3ic7.onion/crawler/index.php?pg=967
http://underdj5ziov3ic7.onion/crawler/index.php?pg=968
http://underdj5ziov3ic7.onion/crawler/index.php?pg=969
http://underdj5ziov3ic7.onion/crawler/index.php?pg=970
http://underdj5ziov3ic7.onion/crawler/index.php?pg=971
http://underdj5ziov3ic7.onion/crawler/index.php?pg=972
## VisiTOR
http://visitorfi5kl7q7i.onion/links/other/new/?page=1
http://visitorfi5kl7q7i.onion/links/other/new/?page=2
http://visitorfi5kl7q7i.onion/links/other/new/?page=3
http://visitorfi5kl7q7i.onion/links/other/new/?page=4
http://visitorfi5kl7q7i.onion/links/other/new/?page=5
http://visitorfi5kl7q7i.onion/links/other/new/?page=6
http://visitorfi5kl7q7i.onion/links/other/new/?page=7
http://visitorfi5kl7q7i.onion/links/other/new/?page=8
http://visitorfi5kl7q7i.onion/links/other/new/?page=9
http://visitorfi5kl7q7i.onion/links/other/new/?page=10
http://visitorfi5kl7q7i.onion/links/other/new/?page=11
http://visitorfi5kl7q7i.onion/links/other/new/?page=12
http://visitorfi5kl7q7i.onion/links/other/new/?page=13
http://visitorfi5kl7q7i.onion/links/other/new/?page=14
http://visitorfi5kl7q7i.onion/links/other/new/?page=15
http://visitorfi5kl7q7i.onion/links/other/new/?page=16
http://visitorfi5kl7q7i.onion/links/other/new/?page=17
http://visitorfi5kl7q7i.onion/links/other/new/?page=18
http://visitorfi5kl7q7i.onion/links/other/new/?page=19
http://visitorfi5kl7q7i.onion/links/other/new/?page=20
http://visitorfi5kl7q7i.onion/links/other/new/?page=21
http://visitorfi5kl7q7i.onion/links/other/new/?page=22
http://visitorfi5kl7q7i.onion/links/other/new/?page=23
http://visitorfi5kl7q7i.onion/links/other/new/?page=24
http://visitorfi5kl7q7i.onion/links/other/new/?page=25
http://visitorfi5kl7q7i.onion/links/other/new/?page=26
http://visitorfi5kl7q7i.onion/links/other/new/?page=27
http://visitorfi5kl7q7i.onion/links/other/new/?page=28
http://visitorfi5kl7q7i.onion/links/other/new/?page=29
http://visitorfi5kl7q7i.onion/links/other/new/?page=30
http://visitorfi5kl7q7i.onion/links/other/new/?page=31
http://visitorfi5kl7q7i.onion/links/other/new/?page=32
http://visitorfi5kl7q7i.onion/links/other/new/?page=33
http://visitorfi5kl7q7i.onion/links/other/new/?page=34
http://visitorfi5kl7q7i.onion/links/other/new/?page=35
http://visitorfi5kl7q7i.onion/links/other/new/?page=36
http://visitorfi5kl7q7i.onion/links/other/new/?page=37
http://visitorfi5kl7q7i.onion/links/other/new/?page=38
http://visitorfi5kl7q7i.onion/links/other/new/?page=39
http://visitorfi5kl7q7i.onion/links/other/new/?page=40
http://visitorfi5kl7q7i.onion/links/other/new/?page=41
http://visitorfi5kl7q7i.onion/links/other/new/?page=42
http://visitorfi5kl7q7i.onion/links/other/new/?page=43
http://visitorfi5kl7q7i.onion/links/other/new/?page=44
http://visitorfi5kl7q7i.onion/links/other/new/?page=45
http://visitorfi5kl7q7i.onion/links/other/new/?page=46
http://visitorfi5kl7q7i.onion/links/other/new/?page=47
http://visitorfi5kl7q7i.onion/links/other/new/?page=48
http://visitorfi5kl7q7i.onion/links/other/new/?page=49
http://visitorfi5kl7q7i.onion/links/other/new/?page=50
http://visitorfi5kl7q7i.onion/links/other/new/?page=51
http://visitorfi5kl7q7i.onion/links/other/new/?page=52
http://visitorfi5kl7q7i.onion/links/other/new/?page=53
http://visitorfi5kl7q7i.onion/links/other/new/?page=54
http://visitorfi5kl7q7i.onion/links/other/new/?page=55
http://visitorfi5kl7q7i.onion/links/other/new/?page=56
http://visitorfi5kl7q7i.onion/links/other/new/?page=57
http://visitorfi5kl7q7i.onion/links/other/new/?page=58
http://visitorfi5kl7q7i.onion/links/other/new/?page=59
http://visitorfi5kl7q7i.onion/links/other/new/?page=60
http://visitorfi5kl7q7i.onion/links/other/new/?page=61
http://visitorfi5kl7q7i.onion/links/other/new/?page=62
http://visitorfi5kl7q7i.onion/links/other/new/?page=63
http://visitorfi5kl7q7i.onion/links/other/new/?page=64
http://visitorfi5kl7q7i.onion/links/other/new/?page=65
http://visitorfi5kl7q7i.onion/links/other/new/?page=66
http://visitorfi5kl7q7i.onion/links/other/new/?page=67
http://visitorfi5kl7q7i.onion/links/other/new/?page=68
http://visitorfi5kl7q7i.onion/links/other/new/?page=69
http://visitorfi5kl7q7i.onion/links/other/new/?page=70
http://visitorfi5kl7q7i.onion/links/other/new/?page=71
http://visitorfi5kl7q7i.onion/links/other/new/?page=72
http://visitorfi5kl7q7i.onion/links/other/new/?page=73
http://visitorfi5kl7q7i.onion/links/other/new/?page=74
http://visitorfi5kl7q7i.onion/links/other/new/?page=75
http://visitorfi5kl7q7i.onion/links/other/new/?page=76
