# AND
http://xmh57jrzrnw6insl.onion/4a1f6b371c/search.cgi?cmd=Search!&fmt=url&form=extended&GroupBySite=no&m=all&np=1&ps=50&q=and&sp=1&sy=1&type=&ul=&wf=2221&wm=wrd
http://xmh57jrzrnw6insl.onion/4a1f6b371c/search.cgi?cmd=Search!&fmt=url&form=extended&GroupBySite=no&m=all&np=2&ps=50&q=and&sp=1&sy=1&type=&ul=&wf=2221&wm=wrd
http://xmh57jrzrnw6insl.onion/4a1f6b371c/search.cgi?cmd=Search!&fmt=url&form=extended&GroupBySite=no&m=all&np=3&ps=50&q=and&sp=1&sy=1&type=&ul=&wf=2221&wm=wrd
http://xmh57jrzrnw6insl.onion/4a1f6b371c/search.cgi?cmd=Search!&fmt=url&form=extended&GroupBySite=no&m=all&np=4&ps=50&q=and&sp=1&sy=1&type=&ul=&wf=2221&wm=wrd
http://xmh57jrzrnw6insl.onion/4a1f6b371c/search.cgi?cmd=Search!&fmt=url&form=extended&GroupBySite=no&m=all&np=5&ps=50&q=and&sp=1&sy=1&type=&ul=&wf=2221&wm=wrd
http://xmh57jrzrnw6insl.onion/4a1f6b371c/search.cgi?cmd=Search!&fmt=url&form=extended&GroupBySite=no&m=all&np=6&ps=50&q=and&sp=1&sy=1&type=&ul=&wf=2221&wm=wrd
http://xmh57jrzrnw6insl.onion/4a1f6b371c/search.cgi?cmd=Search!&fmt=url&form=extended&GroupBySite=no&m=all&np=7&ps=50&q=and&sp=1&sy=1&type=&ul=&wf=2221&wm=wrd
http://xmh57jrzrnw6insl.onion/4a1f6b371c/search.cgi?cmd=Search!&fmt=url&form=extended&GroupBySite=no&m=all&np=8&ps=50&q=and&sp=1&sy=1&type=&ul=&wf=2221&wm=wrd
http://xmh57jrzrnw6insl.onion/4a1f6b371c/search.cgi?cmd=Search!&fmt=url&form=extended&GroupBySite=no&m=all&np=9&ps=50&q=and&sp=1&sy=1&type=&ul=&wf=2221&wm=wrd
http://xmh57jrzrnw6insl.onion/4a1f6b371c/search.cgi?cmd=Search!&fmt=url&form=extended&GroupBySite=no&m=all&np=10&ps=50&q=and&sp=1&sy=1&type=&ul=&wf=2221&wm=wrd
http://xmh57jrzrnw6insl.onion/4a1f6b371c/search.cgi?cmd=Search!&fmt=url&form=extended&GroupBySite=no&m=all&np=11&ps=50&q=and&sp=1&sy=1&type=&ul=&wf=2221&wm=wrd
http://xmh57jrzrnw6insl.onion/4a1f6b371c/search.cgi?cmd=Search!&fmt=url&form=extended&GroupBySite=no&m=all&np=12&ps=50&q=and&sp=1&sy=1&type=&ul=&wf=2221&wm=wrd
http://xmh57jrzrnw6insl.onion/4a1f6b371c/search.cgi?cmd=Search!&fmt=url&form=extended&GroupBySite=no&m=all&np=13&ps=50&q=and&sp=1&sy=1&type=&ul=&wf=2221&wm=wrd
http://xmh57jrzrnw6insl.onion/4a1f6b371c/search.cgi?cmd=Search!&fmt=url&form=extended&GroupBySite=no&m=all&np=14&ps=50&q=and&sp=1&sy=1&type=&ul=&wf=2221&wm=wrd
http://xmh57jrzrnw6insl.onion/4a1f6b371c/search.cgi?cmd=Search!&fmt=url&form=extended&GroupBySite=no&m=all&np=15&ps=50&q=and&sp=1&sy=1&type=&ul=&wf=2221&wm=wrd
http://xmh57jrzrnw6insl.onion/4a1f6b371c/search.cgi?cmd=Search!&fmt=url&form=extended&GroupBySite=no&m=all&np=16&ps=50&q=and&sp=1&sy=1&type=&ul=&wf=2221&wm=wrd
http://xmh57jrzrnw6insl.onion/4a1f6b371c/search.cgi?cmd=Search!&fmt=url&form=extended&GroupBySite=no&m=all&np=17&ps=50&q=and&sp=1&sy=1&type=&ul=&wf=2221&wm=wrd
http://xmh57jrzrnw6insl.onion/4a1f6b371c/search.cgi?cmd=Search!&fmt=url&form=extended&GroupBySite=no&m=all&np=18&ps=50&q=and&sp=1&sy=1&type=&ul=&wf=2221&wm=wrd
http://xmh57jrzrnw6insl.onion/4a1f6b371c/search.cgi?cmd=Search!&fmt=url&form=extended&GroupBySite=no&m=all&np=19&ps=50&q=and&sp=1&sy=1&type=&ul=&wf=2221&wm=wrd

# FOR
http://xmh57jrzrnw6insl.onion/4a1f6b371c/search.cgi?cmd=Search!&fmt=url&form=extended&GroupBySite=no&m=all&np=1&ps=50&q=for&sp=1&sy=1&type=&ul=&wf=2221&wm=wrd
http://xmh57jrzrnw6insl.onion/4a1f6b371c/search.cgi?cmd=Search!&fmt=url&form=extended&GroupBySite=no&m=all&np=2&ps=50&q=for&sp=1&sy=1&type=&ul=&wf=2221&wm=wrd
http://xmh57jrzrnw6insl.onion/4a1f6b371c/search.cgi?cmd=Search!&fmt=url&form=extended&GroupBySite=no&m=all&np=3&ps=50&q=for&sp=1&sy=1&type=&ul=&wf=2221&wm=wrd
http://xmh57jrzrnw6insl.onion/4a1f6b371c/search.cgi?cmd=Search!&fmt=url&form=extended&GroupBySite=no&m=all&np=4&ps=50&q=for&sp=1&sy=1&type=&ul=&wf=2221&wm=wrd
http://xmh57jrzrnw6insl.onion/4a1f6b371c/search.cgi?cmd=Search!&fmt=url&form=extended&GroupBySite=no&m=all&np=5&ps=50&q=for&sp=1&sy=1&type=&ul=&wf=2221&wm=wrd
http://xmh57jrzrnw6insl.onion/4a1f6b371c/search.cgi?cmd=Search!&fmt=url&form=extended&GroupBySite=no&m=all&np=6&ps=50&q=for&sp=1&sy=1&type=&ul=&wf=2221&wm=wrd
http://xmh57jrzrnw6insl.onion/4a1f6b371c/search.cgi?cmd=Search!&fmt=url&form=extended&GroupBySite=no&m=all&np=7&ps=50&q=for&sp=1&sy=1&type=&ul=&wf=2221&wm=wrd
http://xmh57jrzrnw6insl.onion/4a1f6b371c/search.cgi?cmd=Search!&fmt=url&form=extended&GroupBySite=no&m=all&np=8&ps=50&q=for&sp=1&sy=1&type=&ul=&wf=2221&wm=wrd
http://xmh57jrzrnw6insl.onion/4a1f6b371c/search.cgi?cmd=Search!&fmt=url&form=extended&GroupBySite=no&m=all&np=9&ps=50&q=for&sp=1&sy=1&type=&ul=&wf=2221&wm=wrd
http://xmh57jrzrnw6insl.onion/4a1f6b371c/search.cgi?cmd=Search!&fmt=url&form=extended&GroupBySite=no&m=all&np=10&ps=50&q=for&sp=1&sy=1&type=&ul=&wf=2221&wm=wrd
http://xmh57jrzrnw6insl.onion/4a1f6b371c/search.cgi?cmd=Search!&fmt=url&form=extended&GroupBySite=no&m=all&np=11&ps=50&q=for&sp=1&sy=1&type=&ul=&wf=2221&wm=wrd
http://xmh57jrzrnw6insl.onion/4a1f6b371c/search.cgi?cmd=Search!&fmt=url&form=extended&GroupBySite=no&m=all&np=12&ps=50&q=for&sp=1&sy=1&type=&ul=&wf=2221&wm=wrd
http://xmh57jrzrnw6insl.onion/4a1f6b371c/search.cgi?cmd=Search!&fmt=url&form=extended&GroupBySite=no&m=all&np=13&ps=50&q=for&sp=1&sy=1&type=&ul=&wf=2221&wm=wrd
http://xmh57jrzrnw6insl.onion/4a1f6b371c/search.cgi?cmd=Search!&fmt=url&form=extended&GroupBySite=no&m=all&np=14&ps=50&q=for&sp=1&sy=1&type=&ul=&wf=2221&wm=wrd
http://xmh57jrzrnw6insl.onion/4a1f6b371c/search.cgi?cmd=Search!&fmt=url&form=extended&GroupBySite=no&m=all&np=15&ps=50&q=for&sp=1&sy=1&type=&ul=&wf=2221&wm=wrd
http://xmh57jrzrnw6insl.onion/4a1f6b371c/search.cgi?cmd=Search!&fmt=url&form=extended&GroupBySite=no&m=all&np=16&ps=50&q=for&sp=1&sy=1&type=&ul=&wf=2221&wm=wrd
http://xmh57jrzrnw6insl.onion/4a1f6b371c/search.cgi?cmd=Search!&fmt=url&form=extended&GroupBySite=no&m=all&np=17&ps=50&q=for&sp=1&sy=1&type=&ul=&wf=2221&wm=wrd
http://xmh57jrzrnw6insl.onion/4a1f6b371c/search.cgi?cmd=Search!&fmt=url&form=extended&GroupBySite=no&m=all&np=18&ps=50&q=for&sp=1&sy=1&type=&ul=&wf=2221&wm=wrd
http://xmh57jrzrnw6insl.onion/4a1f6b371c/search.cgi?cmd=Search!&fmt=url&form=extended&GroupBySite=no&m=all&np=19&ps=50&q=for&sp=1&sy=1&type=&ul=&wf=2221&wm=wrd
