z6ncmijgzxddod6r.onion
xujnrmw3lkpyj57r.onion
5gi6a5o25c6apcbl.onion
mafiaruszeadl3a4.onion
z2wyy3l6luhctsoa.onion
blackgt4wl2xgka4.onion
plazsmuihsjipsm7.onion
pwoah5fbjonhuehq.onion
anthill365g4egaa.onion
bgkitnugq5ef2cpi.onion
6erqmdgtilpzm3v2.onion
jbvwm26iguvqwc3s.onion
eaj7tqtuiq5ojirp.onion
lchudictefkym3dg.onion
bangsderfcgqczqk.onion
w55k7fker3zp2onc.onion
jwgkxhsz5zpcdelt.onion
guidesj4g6kjznhj.onion
kvwpzl7tf3toxpkk.onion
52zaoa5fyvmvhrn7.onion
k2rzb2g4ljohdmfru5mhosfo2vnqr6dvq2crykfepwy4yov7mnuaaoqd.onion
4erevcnircbpynuw.onion
zsstudsm6eu5wsqq.onion
sffs354grtyhhwkm.onion
oj2vlf3lhxuo362p.onion
5q3edyvfpwl6dahn.onion
hysm7uapaxy6gu3d.onion
fgy2cwtqfpgr5hva.onion
smwujocfmv7q7mq4.onion
vxjgg2ixuxpdblv6.onion
b6rj36ao2siirqwz.onion
ayollcsltnjbldap.onion
connectkjsazkwud.onion
a2errmdsprmm6t7i.onion
jo4sz2voyzrvccht.onion
blenderpsb7y2rjc.onion
nf3can7fapy5pqmx.onion
i73jrrusl3ea43lr.onion
qcc2t4tdcpqbalxe.onion
34icvluuhxrs4ksm.onion
mamksxhpbeioujjl.onion
rjksm2jblud66qdl.onion
krgdx34jgdoyyngv.onion
6ay32g3vnhy7c3uu.onion
dejxz2tiz6f5nbrp.onion
7yemlckvmno6yk7y.onion
x46apbeznvt5svca.onion
pieq3i7tgrlbf4iq.onion
maharshionqpwbo5.onion
d6r5jeopfuasyzti.onion
7mvp32wahoxjko2a.onion
3gldyjnv6lsqbbit.onion
rusherizu3wc6l5o.onion
hj2s5nyipwf4rh64.onion
ghostrzsyhkqxqrj.onion
warezxxxtkgbezhe.onion
aqshqqsxiexuqe73.onion
5yyphj6fssz3msyi.onion
pwboto63fxwh4gaz.onion
orangeqlgnkncyxr.onion
tfwdi3izigxllure.onion
hiniithsw23dqnuz.onion
clc5zhk7z2i7s4v2.onion
gogfoh4r37rcpjkv.onion
ta66nfopjkdkieuv.onion
hbgaryc6ln4ths4g.onion
3vx2m2mivhnw2xiy.onion
blendert7djwb3u6.onion
blockchatntqnf7o.onion
dsuberctfc4p66zn.onion
itjsq7xpa6iyacx6.onion
ct4duahmdxlrd277.onion
payshld6jfvyo6mf.onion
fekki6y5n45rvtfm.onion
payp6tl47pvojy7m.onion
msydqgnbch2gsw3j.onion
rrcc5uuudhh4oz3c.onion
grams5f3n7ptserx.onion
v76nmym4wvxe3vug.onion
cwq67qnc5lz3kdnd.onion
xhbb2b333m3bqobt.onion
edabphq3qj7elonk.onion
maeyiirzkqsapasy.onion
cubicmeteryhbozt.onion
6g6fnzzcdgqsayu4.onion
ggypyeuzhxih4o3i.onion
shyserversmg4gfe.onion
aiykjnihjcpyjwge.onion
lchudiqbpr3gevgj.onion
a5fvz3gcmth4bljr.onion
sharezfpcbrpia5y.onion
outforuizcpg7bhy.onion
t2ouwnky5tdhkk5u.onion
gc6d7eqw3auk7uiw.onion
i6volabobezijbwv.onion
om5mtnkac72kg4gi.onion
hvq2orcr4d6imnk2.onion
wwisb3riddtxdnsh.onion
kpj3orlxmfs6yqah.onion
udouff2c7mpjgdlh.onion
wvtfwhgsqobw6eey.onion
gunsganjaliqkkxk.onion
3pbk3aip5tq2e4lk.onion
ukzrjclsfpovjhl2.onion
2222222mm67h6ypm.onion
gqd5qvyzzkmunhgj.onion
evianolfphogjs6h.onion
kejic423k2rshaio.onion
kickaqqqs3ejevqt.onion
2cgmcqawbgwfovcr.onion
37f4xdnd6anavacd.onion
pwoah22s4ghpjcpz.onion
valhalcc7xestduz.onion
cslgfe5idbh6q425.onion
dccbbv6cooddgcrq.onion
y3gwqqfvpszuiyd2.onion
ssnsqcqa3egqw6ld.onion
torftpdwsym66lk7.onion
3kuhp7wylxez4wdz.onion
ctt3fq47oyn2s565.onion
mmyl4ri7pblzensh.onion
grams2lxk6w3c4lu.onion
tochka3mkeeuktch.onion
u2p6gwowafssknwc.onion
mvx7igua26khad3k.onion
nevjdxiforwnrmk5.onion
hcmfaefuncsnr4v5.onion
43rxklkkkuetfa6q.onion
dragonso4dnzdshp.onion
fairtraqelagq47f.onion
t4xe7r6wdqu3tmp5.onion
pdy7xm2t7ll275ppahdibqcsty7tlhhk3zt7k64apgkmxy4xdxqxmrqd.onion
24mu5gyynilo3cio.onion
gqftaw2etjrtf5xe.onion
lvm6a32wgvv3qezo.onion
cxiz4ysttf3jpnyc.onion
trud2pfkdc2xkelp.onion
slt2kpp7pfac74qd.onion
455sdmsz3oa5w3xx.onion
mguemoco2vddpeu5.onion
silkroadjjj5lsjx.onion
onionrampshop7bhcblqi.onion
jzcsvtukpymyxohh.onion
ablkhsjadxabbki6.onion
lrh5scgkyuutieb7.onion
ercmlzh3g4y7r6cf.onion
du337ttfxl57xq2vhguombdzqfqktzm4ymmz2eqrqx6v6fvpq4qihaid.onion
zndclh5h5zr6fgp3.onion
ow4epvw4dfv2td42.onion
toukrwiakichan6t.onion
24guo7qfsg444o7m.onion
anqktjkcv4hzkts6.onion
wxxgkwhq5hx34v7q.onion
2wir2p7ibeu72jk3.onion
azbsf73bakfgu4rn.onion
hazemv6dzzavpc74.onion
jebuirc5j6cnrtft.onion
sxzrrlzyd7xz6syu.onion
irflque5zqff2nx5.onion
cebollaw3p37wrsq.onion
tornulst2rbxvbpd.onion
yhof6masbaotmezd.onion
v662peqlmt5ee2ll.onion
fa3reqpn7hdm4npv.onion
yawthhviu47blvgg.onion
cryptorbic3z5cwr.onion
qxwotfbxlsy77zlu.onion
2ovmq6sfab6u4ucr.onion
3ueojtfmoi6gkafb.onion
fdjqvra77qy5lnbo.onion
tysp6gxl5e6lvlxh.onion
i2pnqygtchlz6gmu.onion
5ep7ldrrpca4lejy.onion
vh5xn7hvg22k4m7v.onion
4u2wvxi6pdbflfwa.onion
amputefruj4rzgz5.onion
cccsdeqpjd6h46n4.onion
dkmambadvsjzehfh.onion
vxgliqdffcufu527.onion
tochka34nwb5527c.onion
llnwb4oenynhh676.onion
redditmenabunzlh.onion
obekqr5vsbzqtb27.onion
uzy63n3ufw64x6o2.onion
bananaweiwj3r7yd.onion
puefsjnwsmzlzuo3.onion
2oppd5l3hd62xdbq.onion
jitierca7perxblt.onion
rnnfuxmjt4wprzqj.onion
reg7spi3p7v5ic72.onion
blenderrce7cpt3y.onion
2tng7ohvqnbfg6hw.onion
jd6yh2ljd7feiovt.onion
gmprbwucrkcfnuty.onion
darkwoodywhgd6hu.onion
freephirrpusfho3.onion
lqv64q5uz5rls33k.onion
w3qsdpr5gb3ltln3.onion
ql7fqzvdlixjloiq.onion
owmvhpxyisu6fgd7r2fcswgavs7jly4znldaey33utadwmgbbp4pysad.onion
ulzxletji4tlr6fh.onion
ucfjlfuak6hjxmqa.onion
chattorziur6s7qu.onion
memegen6dbjrvcl6.onion
drdswayoxlvtyd55.onion
hiddenwivgs6egol.onion
fakepassvlqowgrp.onion
lpydndetzyjp2bxe.onion
shield2c6poioin3.onion
onionanonsteemuusamzi.onion
vp4xo3aqqtsuvacl.onion
gqyei3qvbsq45gil.onion
5szracmykzlqsfue.onion
f5fkofgedqinrs6z.onion
dbu3fzjdndoqngog.onion
videoairqtixklgk.onion
adrenlfztn4zuk7k.onion
hngzc77e55qy5vqn.onion
bsidesrocdiny55l.onion
bitfogafgfpzgphq.onion
typefacevxyxnoxr.onion
ptlcltfdh5ljp4la.onion
bb54zrcpmk2fycu7.onion
btudm7zwkvzisrh3.onion
blendereocp4v3ji.onion
vadiknvtohdvevxq.onion
pwoah5ftonughzll.onion
aff3452msj667j6e.onion
cqbbsofogv7kcsba.onion
vxcwhb4lzqltfauq.onion
jdyckplxtqtpbtilzs52chdlueiha7qy4ears766uevt2kdf7vvo5pad.onion
hjkesz43hh37f72z.onion
m2nkhqte4sxilvre.onion
escrow4bjb7eb4ac.onion
clrmindk56vs5i5s.onion
6e4mkntl3heg65k6.onion
marilyng7enegcpw.onion
kres5lru5k3oq5zs.onion
566duvo7l2uuj5fj.onion
n23zirkyp3xt3gvg.onion
prrtrhbbxfyia7su.onion
jwvru4dvfwuktptf.onion
j7oh5dhd6ftwhqt5.onion
afgk7kih6xzjm3vg.onion
anthillpoyq7wuf2.onion
r3nbzlgftetyjnjs.onion
5nr3y5i5tenl6a3w.onion
ugpvxpfmrphabbnc.onion
wg6h7ouq4ftufzrg.onion
4pi2tsfukz5s6g4p.onion
