6342g2xawsel5hde.onion
2c2na76zih6lxmeo.onion
7tpbg2fjekm36q7e.onion
sqj3lykf2hxyspug.onion
y5dptt645gxjlnvb.onion
auutwvprh6odm2qt.onion
wznu64j5nvlidm5a.onion
lzpczap7l3zxu7zv.onion
bvunqhdbizqxyuoe.onion
xactlluazseyadxy.onion
m6nk72wq4p7ioxxf.onion
mvii5kpzgqn2d5ia.onion
hzcv2dqdkcdnhqcm.onion
drwrnligekk7tfjv.onion
pwu7leikz6hxd2vr.onion
dlyubicvjmofx676.onion
aep2kmkoyxsmevnx.onion
bcwpy5wca456u7tz.onion
aea5mdkijh6lnvq7.onion
h2qkxasmgrkmyy6v.onion
wqoql2jo62lgzhet.onion
digijbnjwcjv6abo.onion
u5ve265g5d7pupwt.onion
dwzg5mvmidjrrtoe.onion
dnke5bktf27etlgk.onion
zdheagsloisdmpql.onion
kbxon7ggakbrsykz.onion
gnuuniteshighasd.onion
bd5ooc5xu3453uup.onion
prepaext57vul4cp.onion
zsmzm52qv7orej6g.onion
mppegdk6kmrr53p7.onion
46wuhflvawlh7c2y.onion
ldicfazlbwadr75d.onion
t7gvobu4i4qlajhr.onion
zddro7f3vmmzmxbh.onion
zuawxau6uegwxg2f.onion
cg42o7om4s7q6bh7.onion
nusm3nnq35x2kd4t.onion
x7wvl4n3ukphczwm.onion
3xqw7s5cicwwuumc.onion
2putlfvkhkkf4kll.onion
z5udyiysrrl5mwu2ivvegvjeez2ulmh3o2lnzbpzkb3p4qhtnl5oxiad.onion
p7kbrflfzjz63ezn.onion
2f3ychnqqx7j4vbs.onion
btgyz2t6jfnx5a5c.onion
ig2lwaebqe6vm7c6.onion
xrkp2spbnlmflrit.onion
crypto2b3tihwtzh.onion
lfoyb5buql4gjzv5.onion
dlceeb7mgjw76xvq.onion
u77o6c4fhoyzhjr7.onion
epmhyca5ol6plmx3.onion
alpha6rjgoyuzkyp.onion
y2siq2aiudf5ivwq.onion
trywifewearw3haz.onion
genoisglnmw3uheq.onion
4nxbdz3li7oce43j.onion
underloopuf4tkar.onion
thboxunnuiqownmv.onion
nhueusyjsq3sxsjl.onion
oohelwvngcpf6lk5.onion
ptbtdjrl4ojin2vy.onion
brgj6sh5sixad3ze.onion
ea65qmf23pqnejph.onion
btcfogtlnuz3u2hx.onion
uiqshv2gxvlciuwc.onion
dizoimd4e57n4ljj.onion
w757mhwijdck45yb.onion
faceboquaum37fxg.onion
fruit4jxvza47ki62ai3xlpv5gwn5kxrroq7ne7j2vl6pct4dr2jerqd.onion
5wu7vtonn7rieegv.onion
6zwq6bghdyviqf7r.onion
xn2i5i64krr4ezas.onion
zx62pqwg3e7ha5x2.onion
heyvkn3uty2irsjx.onion
xedrrvbkpy6uxxpk.onion
ui4uuylvmq43jndk.onion
hackinf2twywv6pv.onion
silkroadjjj5lsjx.onion
c6wtpvznm4pk6q5u.onion
evlpn4ug5sytzxu7.onion
7rxibuvgk52gxjt4.onion
lchudic3rr5v2bcm.onion
berluslzwcpdcojc.onion
kfdmnwed7772o7zm.onion
cj5jqe35lyunleam.onion
drkse6au4fw47a3n.onion
campfireagz2uf22.onion
2evzlrwyib6ec4ye.onion
dwmlrp7dt4azwp2h.onion
nrblbgdw2lidgqv4.onion
zxrbhxi5ayqxllqo.onion
tbrgh3m4dpchadmg.onion
4l5vbt7nfyiozz5c.onion
q43r73b437xk7epj.onion
pv5suzhhnp2drnu2.onion
7n2tfjw52pszos6a.onion
ihds74mnwv3rhx2j.onion
havana3cofejesta.onion
frtoh42myrkbkz33.onion
hogwarokvkutataq.onion
uv6e44zwqcbgwf5c.onion
sgvn7qg7ha6bqun4.onion
liuwqv66va64hstofvsfwdq4oherf7oxv7zp5ggzea2rflllebxbpmid.onion
54kt3s5cmtpcxcgi.onion
rm25mm4amkhhf2hc.onion
z3hfgdywnyv2ll4r.onion
yabd3wlpvybdnvzg.onion
zjd4wuffkzgojh5i.onion
d72fzw6cf4pscxwn.onion
oob5dsgcuz4zohru.onion
6no4h2o3345urq4v53ktt2buege5cansylyl4anm2lg5udnkqo7eauad.onion
h7gc4zqrowohdnab.onion
medabon5cuwzr2mg.onion
ogkxja4thhc2zr32.onion
s7oawbfpbj776yys.onion
vatj76gyjxb3ekfu.onion
infotombjhy7tcrg.onion
oq3y6kvdjmhcavto.onion
traderoutcbh5glq.onion
w53kapcao66zxihe.onion
aw3qqiee2szhj2c4.onion
3qv25wljxbwprupo.onion
fwtjccxnjxhe7gh7.onion
brhiusfmarqefhke.onion
jlve2y45zacpbz6s.onion
market3y77xnmhwm.onion
anonymouslnku3qg.onion
adiueosm5zhy4bra.onion
2wyaoukym7f4cvgx.onion
tictacdhaeqant3l.onion
h3npsq5ugp7vepo4.onion
rampshoptub6dg4s.onion
n4bo6lwplu7y3vht.onion
uxkfi5w2w5isvatj.onion
e6s5idy4q46kvk2e.onion
x2bthg27jen3nci2.onion
gtgmep4mv6gdyvav.onion
icaajngmigspaqoy.onion
validkr6edjpm6ba.onion
ykxgypznijh7hmv3.onion
7l2xvzmbdmrx4mjl.onion
drddraazewqbxqtd.onion
5mxsf6l3wvqir4hm.onion
uniqvelorupm6th5.onion
kat363uxd2itpkwq.onion
anthillrixdtwsot.onion
grams4gvra3ybslx.onion
d3vkpdfxjg77w3qx.onion
ndxlrf5xnadnx76j.onion
jd6yhk57hxohnqbh.onion
fbillsadwgbg2jxx.onion
dreamnzfluag5jwt.onion
idtbyaymr6mzpbof.onion
myuhlhosewt3x3ab.onion
nbp3mok3zdm7v6cp.onion
gfkrrnmecmfqwpjf.onion
inbslk6aowp7sci2.onion
jrnxquv7qjadw6lw.onion
wvc3x5s5nizfnovm.onion
4z7wuhlur7ntmuvl.onion
uhwiki3bjmzjxojn.onion
s64qth6a4qpqc3m6.onion
kgycm2bjsc75u4ac.onion
l5zl7e5llgqig3p7.onion
6xsyojda4w6hd7dv.onion
agkczts5daujrnh5.onion
lv326ylsekechaeh.onion
shield25tgvbzves.onion
mq2du34rci6arhbd.onion
blenderkfe5ax7lq.onion
e6t6oj4bvumjhghu.onion
nucleusccjwdt2f4.onion
onionbidsl2imzil.onion
zfh7pcxbv2erkr7q.onion
6nk3ebufaavl5upc.onion
vt2edkzm6yqd2x2c.onion
x4dbedvjgl7kr4kv.onion
7uxohh5bat7kouex.onion
veyjjildt4fgg2za.onion
asdwyz6mphh2segi.onion
6bh2yplbdyrl3jfu.onion
exchangem6mcinyo.onion
2trademsn3vjbzwv.onion
x5hbb7dqrda2wsou.onion
uk5uq2bqi3glvpzy.onion
tubgyr6miismnmvm.onion
fantomasq6t423da.onion
shields3eov64v5d.onion
nywtfc35kvl5oy5g.onion
skunksworkedp2cg.onion
ej44ylaa3xwrl7in.onion
rusilkv3catdeftu.onion
pythonmkwmxhozin.onion
z3mqljjdez65zazg.onion
vepm3cwarl42o35l.onion
kamellkelv2hj5na.onion
i2wetk5cebgyg4et.onion
pfhjta4emrrkpg6f.onion
gk7jh5mnvxck6l5s.onion
j52hcokoewh2wtlf.onion
aq4cfxeee4xnv4aj.onion
nrlsyharzv4ycjay.onion
6gvprxe5wndwqxw5.onion
b4jsm3gterv6i4xq.onion
llzcjxcex2aehpkq.onion
valhallaxun37r7l.onion
t4osdbohk6oh7dfu.onion
redhackgrdm5xc7j.onion
dreamjruvbl3akbw.onion
5uzmtfe4ubka3sso.onion
freedomhbewulyhy.onion
rkwchmsu3r52msbn.onion
inyh65b5u2mpt6d5.onion
qkjscem7kksghlux.onion
hx6fzdz5boy3amzj.onion
3xeuxbqf7rcmrnwmtf5uhinjs2paey32v7khj5zrplpeuu6maqp6ryqd.onion
3wditx6fnu6we3by.onion
pwoah32n3zpighxk.onion
ztlr2anzoxhansq7.onion
stack4bw5slctbl6.onion
girls3y57hibxcli.onion
vizydu4bikzqgljp.onion
i7d7otxzkwhze4rv.onion
4hohkxjvlt5fjzqv.onion
725qigemr3ae6jjx.onion
qvaud57quegqwv47.onion
c3obgrvijaie2ejk.onion
jembud3q6ifhsrkx.onion
babanura34cf77bw.onion
r4dnetedh37kl5mx.onion
zoxd4r7g46a7leb6.onion
fqyfryfq2iznzsob.onion
bsxsptv76s6cjht7.onion
escortscglat6maf.onion
3iavobfo47g3e3c5.onion
sgkvfgvtxjzvbadm.onion
hydranayc5npg4rb.onion
pa5subrtdppfkbqr.onion
bj34sdmkveikr5bm.onion
u57yg5ons3m4lgvg.onion
tbjl7xedlqcnoh3i.onion
5jeo3ogd54np4miu.onion
ud4bkbhvwmhyowcj.onion
a4ofqyaqhgrw342h.onion
7v2jkzy5grodvhh5.onion
5b2o2pyeojrzigeg.onion
vij4p3cgway7ixi2hpekyigv5sp7673ghr5y33tgwscvz2qrzvmuepqd.onion
aw5sbkyxkp22ua4v.onion
whoopdjk7ftbhtrr.onion
w363zwcl7mydglx4.onion
btwgkajzm5bsc3gn.onion
qly5mc72dcxupjdb.onion
iff3ghpbfqsj5xje.onion
222227n5l72yj3d3.onion
russianyhgu73pdt.onion
dbfkfe6bk7pdpoio.onion
yjtnvcnm4qn3qfwn.onion
u7tj7g5srpopngc7.onion
fuckninakghhtjjd.onion
eluuisbjamky4pyh.onion
6w76pyx7ccbvxryj.onion
affdsi3hplyp3hhq.onion
privatexg5jduiol.onion
godlaadie3fjxazf.onion
3x23arwnywssf3ah.onion
3dboysnh6cia5uul.onion
arx4rzt2arfangjy.onion
ewcfosws3zc2tsca.onion
wikiwariazroceov.onion
faudw5wxlp336evf.onion
c545ucyczw6rfnj7.onion
byjxywdwf6wj34m4.onion
nggfem4hwtesn24s.onion
btclob4na4w2fp52.onion
w4mrsr4gvijw64un.onion
neyig7cnw6gzxnj7.onion
bitfogcmoytxytuh.onion
qdmwuvsesrbazfi6.onion
kaxvxiw2tkkoe7vm.onion
gnaqp2declpkh3yq.onion
alphaizjq24dvrnd.onion
zwyrdkm6lango272.onion
kiga66fgxv7k6gzn.onion
7mqnpygrnqr6s4un.onion
uf2y74nqpvi35m4f5wcd7fvuxjvf3xeoacmeeq5jzx6wk7pxkqandoqd.onion
27iiwjvbdoc7b37c.onion
rates5py5ucypy7q.onion
ynkeyyebpogxdihg.onion
p3wtngzt3gvnvyyr.onion
ts6qr2tbnrffovek.onion
46luqodx27gfamwr.onion
njbkfzm2q3wqdale.onion
zzd32ptxmnqsxfaf.onion
wwth5ymfclluzkdd.onion
zvmohn3todjxbkov.onion
u75kogk7mavxifwv.onion
tochka3wq5d3hr77.onion
3icdkpxqnsfh7oqt.onion
playtimehe4qqnfz.onion
fudmle2so7kt3tot.onion
o3zyj7rokelhprrw.onion
olptalkpbbgzjken.onion
agcardsrccc3gng2.onion
4ny62btunfomtukq.onion
uroox5t3ceivflnz.onion
ootwuylhuu6tjft5.onion
jvkv57stvf6xnb34.onion
fpj6ubos4ybqt743.onion
t4eh5x46lze5i47x.onion
hackermyfnyubca5.onion
qa3erjokmgul5srv.onion
l4nwykzjhnsclhmx.onion
pinkie2rpamyfuyn.onion
g557kfut6f7gvldf.onion
4dfs3xqvrmyasepy.onion
oy4egyrunwuloiw7.onion
knwldg2gdtpufsqe.onion
fbverg66cgvrj55m.onion
22dnhlkgj6b57xo4.onion
cy55wywfycbf4cmv.onion
uralsmoqjduqtehz.onion
lsvkntdyvga64cvh.onion
5ucgyr6k5yghb6lp.onion
4llevh3wzcztc6xr.onion
egxkg4qxwsdnpfis.onion
7mh26ssa2otfvze2.onion
654ao73tniayyxkn.onion
ra2pnf4who2afrv3.onion
ep3hectlcjrg4lp2.onion
kashireccgxtayhv.onion
cryptoqse4khf5t5.onion
kwyz2bcyb6a2mqjp.onion
rgeo5wj7gneidzh3.onion
oxd7z4arxryudswf.onion
xiypg4nqzotqx25v.onion
jlp4t5i2pvwdvkx3.onion
ktyzfiiglhpj3mqm.onion
hsqluhqe6dlfl7jaxulf7cfun6xt274btvnqvaorliem5j6sqjiwhdyd.onion
vkusvilulz5q2sfn.onion
lchudifofbsmadno.onion
q6ep6djhoqva7ub4.onion
d4jqm4tnsnffcyu7.onion
c3a3sgyfhorpztll.onion
ft4eo4eiayhebjuf.onion
chzt5vz5ypc6h277.onion
jd6yhuwctsavn6j7.onion
sghtmok4juuxdiws.onion
k5yoqktlkv6m2p3r.onion
yoewa2oiuuducqb5.onion
24mu5gyynilo3cio.onion
vbec44k43u3gxjxu.onion
6xn2gdw6bu5x6tub.onion
answerszuvs3gg2l64e6hmnryudl5zgrmwm3vh65hzszdghblddvfiqd.onion
r32kxgeob3qxlivl.onion
oddsasmtc5gglatg.onion
uzpsyot4gdmrk2jf.onion
znbvakuufzozs3kv.onion
akrzsvtyqnjr6ouz.onion
ojwl6wpz5fpvosjl.onion
45xznog43n7rwyd6.onion
asmithti65rvrwev.onion
pahji2arhhwu3fgh.onion
hydrad5egm3lq2na.onion
d5lmca4e7wxmqtb4.onion
gidjmjycprekres6.onion
bitfoglq5w2hl25t.onion
rakmym7uclm4aqas.onion
k5xwx2ki6djdq2mc.onion
depssvtbgiqbvfqh.onion
uaoifgiqsff7zyup.onion
2sjdkkykiucbxkid.onion
zo5z7nwn2glmldtz.onion
fpxeyyskuixugvpt.onion
y46n5mcakffjqpzw.onion
amazonh6djmabugq.onion
uploadx7hzd23wce.onion
73tfzonjpwb3aoaa.onion
tqhzp5tzfszvkich.onion
t7eycl2f3ozfybvm.onion
avk2vf5tozkdlexq.onion
7vqztq3ysaamrt3y.onion
5aagsjqsoebxshlx.onion
dyuds44bcusc4zyr.onion
cyphdbyhiddenbhs.onion
wg6h7ouq4ftufzrg.onion
nusdxzskx3ciyvhk.onion
qeykk5tuxk6txiec.onion
jszmrn6qam3gaujv.onion
rqd6bhhgown53wum72bxticca3mexriudri5okxna63ltj5h6o5cu6qd.onion
fyvis6rti4cr4hh6.onion
5rqmi3vwidgro5vt.onion
xj7a3sjmpjn3lff7.onion
4ow76odawaageyyz.onion
k7tphubdchv5cvxe.onion
satoriify6xf74ut.onion
cardings7o53ndfh.onion
2jojhf5h3xwfh6eb.onion
o3wj773vcn3l2eqk.onion
