gsceuhy4rtpwd5i4.onion
zjmiwywa2ig3sorx.onion
b5g3d5vngr6m4kvu.onion
eucannacochrdimj.onion
jqtb6tfxj72wl7dj.onion
rst5ennmk34gxxxo.onion
dirnxxdr2akgnlqg.onion
j656pduffu4c3m7w.onion
lobsters3ik6yqwj.onion
4qkb2flhuihm5jel.onion
wbcut7u5ua3dinrf.onion
6ypqfe76xnct2s2s.onion
btcfogevmnp2zaah.onion
snbi2dambjc2zdo3.onion
pgpfwv2qdwhgkhsc.onion
2222222ckiquhc7h.onion
6fhweuds2md2pp27.onion
orqgfoi5qgrhbswd.onion
t7jqytgoge4jdlbp.onion
jewjewkeei4o4bvn.onion
t3e6ly3uoikz2mn3.onion
blacknwico2pm2ax.onion
3icdkpxqnsfh7oqt.onion
5u6sy5xl5gfecdgh.onion
qzy3t6q6cbeheuib.onion
xwg5oaelfbqfo7dm.onion
pt3isqujzi7stko3.onion
tydgccykixpbu6uz.onion
ovwr5qzuu4p4jcpr.onion
foggedssurc7lfoy.onion
2op42f4qv2reca5b.onion
2qrdpa2pnlt25ra2.onion
s7gibifshr5dhfx4.onion
qo7a7ik6rsadv45b.onion
mqt2qsoq3trshos6.onion
mesc5wozvbdqbh2y.onion
lk4usn4wamlvmvan.onion
rrrwfo5yijnk6sbb.onion
i6mbdxliwim3vdsy.onion
n44kt6fn3khcmvmj.onion
tuxi567gowdap3mm.onion
vsdf4obsg5hbkfiq.onion
a542yg6qzx2aguus.onion
vj6z7aif5ejs2tfz.onion
ios5bbxxhz2wemqx.onion
nzzqeekpdx6kugnk.onion
aglrnbqvlhepxzgu.onion
q5gp5qiddat4thbc.onion
2ckylz7yubzrcr73.onion
oek4nfanuw4dccid.onion
5ulcnidro4oelyhu.onion
2amzhtjidxomhxxu.onion
2ce6kqmm37q4e5lq.onion
6yolbqlztpb6k5ga.onion
blenderrsoeeoq6d.onion
jrn64lz6owitc6c6.onion
t6pfmbpun4u6qhns.onion
te2ffmtxqmi26s4y.onion
b2sktasbcyyxrj7b.onion
ddek7qjis5f2qemw.onion
g557kfut6f7gvldf.onion
ff3iles2mncg2u7w.onion
2wuqprmldcmqcvcl.onion
valhall5x4ncfgju.onion
2222222nvpage2g4.onion
mayyfkt47zmstujy.onion
lpcfw67dnkjymnpf.onion
zaibnf4bepumijk5.onion
srl3zrmuviuwdcsl.onion
russiakuwp4psah7.onion
lchudimocfjrnbrj.onion
libh6md4oc2n7mqk.onion
shield64rv5hqinp.onion
s2dfl7rtrv3yf3wy.onion
ac7xljijjbzitahb.onion
hcutffvauocsh6nd.onion
s26o5c4vj4lesojy.onion
yxcyjsukhg6qgnn2.onion
m3wmn7ohggm7sd6s.onion
hjddx7ey2my24sex.onion
s772oap4gq5mz5ic.onion
swug7yq3v637n2on.onion
pwoah7fr2fnibbrz.onion
ch6gkzfth5udcjyj.onion
n2zffsjrkbt35jlq.onion
hymuuuiz2ect6n5q.onion
bitblendat6hqmb6.onion
y4dfnkhx7evunfz6.onion
xjmvspxhnt5um6y3.onion
jixdpzdznr3vrnpm.onion
gf2zt7i4xlat7ltp.onion
3ofco3obdxgs3zz5.onion
srj3zzyhotdm4kj5.onion
alpha7tdrone5rji.onion
pasteyyyr65wm6fm.onion
zbaywbpqqskm2lz7.onion
m7l3c4bjjapktbab.onion
hgowugmgkiv2wxs5.onion
chq3nn6el2sytdlf.onion
zc65pkdrwyxnsole.onion
j2arv7r242uthyep.onion
mkp3uyqo6h3oafpz.onion
bqro4m5fewecyakx.onion
wheelshitlmeennd.onion
onions3y2m5j4myw.onion
swufsoyrbq7anis6.onion
z5infcejving3vjk.onion
kmltuigipr23dk3g.onion
mybadmeforqkloco.onion
bitcoiwvy7he35ap.onion
llyustyjx43eiuj5.onion
freedumbz7seqv3r.onion
liszrhkcexgyvq4q.onion
sharezfpcbrpia5y.onion
nn3ky3hyalderifn.onion
wdmcac5xekdryxuk.onion
blm5ye7un2jqkewd.onion
yihcg74zvpyjjpve.onion
a4jzd4igtuop3bpe.onion
n7kjpl2ejxusz6ni.onion
xytjqcfvbd7qbxor.onion
wezexvbizyccdi7y.onion
l4xbncfvkqyjzrje.onion
pgd76walyb5zn7ph.onion
27mqp7vaas34yvpt.onion
wfzdnbzhnoecrxzf.onion
4xmjfvxyldi57sn6.onion
hackero3l3e5hpzs.onion
zv2pk3rt7lspysus.onion
37tv4mxupugfyout.onion
shops3fwzihsnn2b.onion
reichp2lyhx7mb2q.onion
penguinsmiahfcug.onion
canxzwmfihdnn7bz.onion
qqw4ucj4lsw5k6yw.onion
at73htkcqeicsjdl.onion
srcleakbcgblagvd.onion
wrrh6jjnq4gfn2ty.onion
j5pftlsmp6uqdugf.onion
hss3urofz4zqlcxp.onion
4ouio3ny3hav4gsr.onion
img4ukdtnqnalncq.onion
e6j76ixoaqz7yb5k.onion
evupze2fj7x75y3o.onion
onionvrmfaneizwqouf5k.onion
hwiki2tlj277eepp.onion
i2cd7lskmfiv2p4c.onion
pwoah4232hqzv7m5.onion
bobukdpijv3fwnm6.onion
xun3d5obzshgor32.onion
ponzimw3iz4pj2k4.onion
guzw24z7ekno56ns.onion
torlinkicrihcpm5.onion
7vjitc7qktmqo4zx.onion
cqjwgfsnbdx4cuxq.onion
tjomjktvwvht6mll.onion
5otream3nsnszbe4.onion
n3u4oedzckyrcd7l.onion
neyiguqgts5q5mwc.onion
2nnnxdhipjq6do27.onion
lhfeipdhnzsdfsgh.onion
6t7aucet7ubqykds.onion
ydkzjm2ymvijep2d.onion
e2r67xdfe4kpf4la.onion
wjfytqvpjuy5fp3r.onion
7lbg5jnfqko2nfmr.onion
fs7aappvuqq7xgnb.onion
lchudihcn3hi5me6.onion
5e66uuacxokrjr66.onion
obygo3zsgelqezlt.onion
ndvv27ot7gjvndq6.onion
bitsec6owbtqby7g.onion
tormsisztzscz7w2.onion
blenderlbq7ebh7z.onion
ictjfdyfqjabp2u7.onion
y4hzxepemtqcf4qh.onion
cqxf3ijwspi6sed4.onion
k7aafoqlz3sjookr.onion
shield4bl5veeasx.onion
zwmyop4e532wpe3z.onion
russianl6gbisxfg.onion
7jdupuh5eygzrfkv.onion
cgnv6zk2a5uu7i2w.onion
cmbjhrejbpfiakgh.onion
4onjymbddbubpe2x.onion
mixerlh5qwwrigws.onion
j5ehssrshpxpdkto.onion
iifronjk7zgu5nwm.onion
grams4fdryxwihls.onion
ox5qegyjnakjw7qk.onion
csrinru3c2ownkep.onion
eurohostesfobbma.onion
22222222ozmawqkq.onion
7ebglgj7j6jlld3e.onion
f323nqq4665qdfpn.onion
t4adf2yhmlpu5yty.onion
w2jzy7ulifqj5hop.onion
foggedk23jokpebh.onion
zilosiws35hm3c3t.onion
owquhhn2g47ixawn.onion
nevjdxiforwnrmk5.onion
ftec4org3hcpnoir.onion
dls6vbkbmtry2jgy.onion
qv3jppdnqshy3wh5.onion
rhdhdu36axvqbg7g.onion
onionlnkooppcbrs.onion
xkinder5eseudi2h.onion
xlvzakf3f4hywhoi.onion
tonx6mjtfxnxolub.onion
3f5rmgj5ohtix7ki.onion
pornes4jyivrhpvd.onion
layycsoquy2xwjya.onion
zhhdvkwqcod3beod.onion
xfqkhardsmxkycix.onion
e3bl6r2njsugu2so.onion
wi52oji46jdbiosz.onion
bitfoglq6ndr2ziu.onion
deu35fwnhn4ormal.onion
steplaf3p2u4e7pg.onion
fkkawbe7of7abhjt.onion
hrtl56f7vgvx6fff.onion
cfudbizo5i5r6lf6.onion
tapiin47iqdfoqh6.onion
cqlx4mf4xsxqzsmx.onion
inyh65b5u2mpt6d5.onion
uzqmrryjftprhujk.onion
ql67vvlgkszfxkz2.onion
playboyjm3alcwyz.onion
rdcldzare4zktt35.onion
gmkhokgbfls4pumf.onion
g3orxorh7fsfc4cb.onion
mi6ro5sanfje64g4.onion
ly3lctg2aaqr25ku.onion
countpixppfa77zz.onion
eb5bydz6ngdh2ank.onion
pgl5kdbfv4g5z5ew.onion
oerkgpazekrgpokerpgokzer.onion
acuhapn7jzkh2z4r.onion
x6tp2hhgqjsezukr.onion
xj6myb2tum2rh36q.onion
paypiawcer2ugtki.onion
castorz2lijmrc5f.onion
4nyqbcb3y6wdd3ls.onion
hjndkbaoisuh63h3.onion
qicsiihsinqg4u73.onion
iripgqbtotckxizj.onion
ssgwh7y23iey2xea.onion
e5dlg2ijeujnj74l.onion
aq4cfxeee4xnv4aj.onion
n2hahxff3knpvwsl.onion
kredditsp2xp2ldc.onion
grams7yngnpr5rzf.onion
4d6hwwfjqopcg23h.onion
de4mb4lyjtx6oo3t.onion
7v6g3q6opgkzsaum.onion
ygiznzardh3zuhml.onion
drosskgl7mnn6hr4.onion
fjyo233blsihjkbw.onion
grenwtbfmktcindy.onion
qk4niijmmmgj2ozx.onion
22dnhly3bntoborc.onion
btcco6vsft7ibg7z.onion
fik6rmgijtj6ieo3.onion
3vefgv4lenppodk3.onion
mhaztct565q27kor.onion
armoryuqhyzabtxo.onion
oygfbbjrhwvmyaij.onion
bitrowshakyhmhjd.onion
hvn7uxjjjl62keul.onion
zo7ov72b5z6boct2.onion
hmrbvzldfgr3whhx.onion
qbzcj5477b7hz25k.onion
ufp67mmcvg6eck43.onion
z3w267utuhb5g5ru.onion
zvqhg42ii6inyj3b.onion
lq265u627f4kbk67.onion
trseaxcdx6wjq7xt.onion
weedweb77j77ws3o.onion
ddosiswanmkqqesy.onion
z6ncmijgzxddod6r.onion
effbrsv26mxdxkl4.onion
tsnj7yi5jeusctqr.onion
ligalizemeswlxxs.onion
t3e6ly3uoif4zcw2.onion
q5ixzktfljdy4h3w.onion
gxi4unnw363epeow.onion
bitfog7v22najiwh.onion
degumezr3wpp7d5u.onion
phrvotvvnoholcwu.onion
ee3fvqsmoy2xapsv.onion
6ym53btd7bqw6dh3.onion
deadholeqsoupwok.onion
prepaez7smhi4vji.onion
hpuneltdse36fcen.onion
examplelatozpqzz.onion
passport3wiaitc3.onion
applebay75oi4iqj.onion
f42xbyz4d5ld6deg.onion
foggedd3mc4dr2o2.onion
svf2mdaglysmqnii.onion
poldo2klgloxug7w.onion
ynjabnfibtcdgo6v.onion
qfxc6h6ge6wsbk5x.onion
pmyqb4ilj5xtbbmy.onion
eluuisbjamky4pyh.onion
nagatopfhdczphnh.onion
ez42lmugnriyv7k3.onion
mn6gmwfjx4fejdwc.onion
o7d3l45wczwpcukb.onion
af57g4pdlbe23lnt.onion
siws7s5pgkz65x4r.onion
laundryzlzgnni4n.onion
sszoxb23pizak7py.onion
sd6yuj5vwjsmon44.onion
pedoartre6ookiff.onion
me4gpep7t5k3i472.onion
6yvchdkfuypber73.onion
xxwodjtp3lir7iw7.onion
wnepwnwmvhufijp5.onion
matangalfl6462bk.onion
cryptpesgh7lcpaq.onion
jyuyjjscjnkq4wok.onion
4gsgcfwrtvfagmxu.onion
blenderebuco2hfg.onion
fpmfb7kne2oym2jj.onion
o5lagghf6udjvinv.onion
4rfy3yfniixo23gd.onion
mhntah3qnnzrznca.onion
ourek57eh4xy7mww.onion
lchudidbbdhlfaij.onion
hb2z3skujl3z4o5r.onion
zeroijzeorijgoizerjgezrgze.onion
npwqhvv7pvbxtv2m.onion
7hll5xm2muaczxlb.onion
ky3x3zffmeu2s2dq.onion
zdobrh7ncrwttnjq.onion
xlpgl723vm6sbjgw.onion
6prddu4n72tmwk4w.onion
7qcbipsho5uvja7xs4wfp2fdejztbdsneg6wt7c3zk5cy6cwf4grb3yd.onion
r3atnaljuzvzncaz.onion
akvilonom27p5hvb.onion
appleayr2f3u7us5.onion
raggas7gq5dejrv5.onion
qlz46gwgv7cbfnnm.onion
pwoah225srswdvty.onion
powerwormjqj42hu.onion
yabzik4yuh7q77ik.onion
24fkxhnr3cdtvwmy.onion
2222nau7uf6mxpie.onion
mjoqppu7hw6fogzq.onion
y2owzqsz3xhn5b7z.onion
r2heb5auhovrgost.onion
chatslf5xq67vpck.onion
swamp4xj3cr7wjh4.onion
b4aykzpdiyfkcejz.onion
nu4vconlkzbjfugz.onion
wmioionbbxv6hb6s.onion
stbux7lxkzgqfr75.onion
grams2qcjza2fqfz.onion
hackinstatgxl3zk.onion
bitfogiqklmjkcxh.onion
cwyofxsmbwyiokth.onion
rnug2euqfmn5budt.onion
svoboda2ncbezafa.onion
hlyygmij3bpmln7q.onion
hz7wb2dwlch7y6jq.onion
kksldwjjgok6ymhd.onion
idgc5yzsvy4ipytw.onion
bj2ig5abjntolnhj.onion
dreadecopda47ode.onion
ldbuibbojcr74o5z.onion
utv3m26n4s366zzf.onion
eofyacp4vwjiz363.onion
klox53h2jnmrh2ob.onion
ahghpp423qlypbkt.onion
s6xzsaialbmqy2w4.onion
grams4pjzaca2pbk.onion
directoryvi6plzm.onion
unbczps2hgc4bd6i.onion
udsqvdjmvqrinhzt.onion
u76xgym22s4adf55.onion
jcr33oegrfuhh6ku.onion
outcastoxlg72giv.onion
eio6fhxn2cjtkgnw.onion
mintgwiok47trisd.onion
jewmartcubukpnro.onion
4nrjpxpp7o5h4txe.onion
sholq4kwf4sr7a52.onion
dpanelshiivpqrss.onion
2222222cqnwgpyyk.onion
xilliaydoihnifmw.onion
medicgraayboc7hz.onion
e546hpsknibe5mky.onion
t2bvkqv5w564zxmv.onion
prepaext57v2ul4cp.onion
observerr7aoyjss.onion
jsnjxs3plvzk2cvd.onion
projpmcx3b2i27yc.onion
ow24et3tzbiktvfs.onion
onionircossi6665.onion
3vbkpda2df7swmzt.onion
gorey2kuavnkhjde.onion
htc35q7db6wjhhln.onion
xpkz2lxkjr7lvue6.onion
facexzfjr7kw67ml.onion
tqaeab5urb6szsak.onion
rywqckmkhmncnlaz.onion
kvwshn63rfblaei6.onion
2634muvnmrunl2xd.onion
uzz3h4ruguwza4fr.onion
ygs4n3gule4tnb6i.onion
mvgls5rribu45el2.onion
hq3hmoa4thdplmta.onion
vi2capght3xueg3z.onion
4mfjyaatsfwqboog.onion
wz6w4e3fkhlc44wp.onion
frwikif6dh4jvm6a.onion
quentowwh5klhlm5.onion
n47oz4bnydxxl6it.onion
esy6xcxkbwmw2dy6.onion
ftlnj4g45hmpifru.onion
ldrbss34garq3l7w.onion
k2qcq6qdsvct4e5x.onion
vrimud7wqz6njlom.onion
acteam2nmbucjnht.onion
bci23uujmsc6hje3.onion
4yvrjrkvrwhb6yre.onion
ltqymqqqagc3ena3.onion
ui2ufkkwoseci7gs.onion
i6ztkjqe5xzyuwm4.onion
4mtwrpw5fqftj753.onion
2fbp3b25w6pfaesm.onion
ugupmbjhqfqzposg.onion
dfasmnokigsjvogr.onion
j7dmdwzo2mtkehy5.onion
5whtgfh4cjwqem7t.onion
illgl23p3td772ae.onion
hiddenkuihi3yuqj.onion
52ofxowwd5yonjoy.onion
5edo3lwmbsjle7be.onion
lyw2o42q355dbguk.onion
dreadditzdkrsvui.onion
xero62we6yifhpis.onion
lpml5tm2lw2vwjgj.onion
drqz36nvx4e4rj3x.onion
pinkmwiibcnugpom.onion
zr7j5cu3peinjn7i.onion
l43jrwr5ff25rbeb.onion
5lj55qzzq6dcz5ry.onion
fiuk5qonhs4rz2qc.onion
jrkp4od5s3c66mm6.onion
viyyyyyd4n2hkdon.onion
kl7qwibl6idzsxbn.onion
yxg3wqyzcdpfumbd.onion
iuo6im4hwbu2t556.onion
6w6vcynl6dumn67c.onion
cw7krywez7z5lq6h.onion
xxxyoungodos5h5l.onion
torbankdnnnvap4f.onion
c5qyrq2xluktqtm3.onion
n4bo6lwplu7y3vht.onion
46lm7zhgildryehk.onion
wishing4kvnaki5j.onion
77777j7cisvkojx7.onion
aodaost3cbxnzgno.onion
sjpphtocast5wgf2.onion
lohku3pbgwnoo5tt.onion
wobzodlc76zymmre.onion
ctgpe2yc6ez56dhwd5hpj2tdkiuz4m5iy7347cpzmxyacphl72dmfyqd.onion
sorekingemb36w65.onion
ybqxozpsqehamxkc.onion
nd2wy2okbgepytqj.onion
qcgvqrx2acm2mfxw.onion
bitcoiyxximb3wz4.onion
6zwcopdx6y3z5mc5.onion
2foxnsxd4ro7zunb.onion
nafb3hby7j4wkvco.onion
zxo7ma5tidhmbxrn.onion
ecqftprory33k3dz.onion
vvvvvvvv766nz273.onion
krushmqxklq4mpvv.onion
46dkavxabck3ieg4.onion
52dvhitgqpxooj6m.onion
kealnnzq7gvqla3e.onion
dcdhdetxc4nko3ao.onion
g73nhpb5cq5hgf5e.onion
zzrfh3mwbuxymz7i.onion
bk6y2i2mpaohj6zu.onion
dsstimmtdreadful.onion
dazdruhjcl66nsl3.onion
paradise2xfc44o7.onion
a3aorzmuuil3r6bq.onion
bestdgp46k5ehen3.onion
ohdnhdbhy7iof7ho.onion
haklab4ulibiyeix.onion
jparxj2v6l3ydibb.onion
zionshopusn6nopy.onion
uyr2pysv7ekok5vj.onion
abcdefaxmvddk6qy.onion
ezzzzzzeiu3exd2y.onion
