jngh5ui6uksk4das.onion
mvbcmt5ao7vdbprh.onion
dq2igiztgt6fw7kq.onion
iqsejs4akp2psfip.onion
nisrclnscuqfczuk.onion
kdq2y44aaas2aiu4.onion
z2sz7gs75lsrd6q3.onion
cards4ubxgdt3zvw.onion
tgbiezeowzjlvoej.onion
cnekwx4kmgztzgxq.onion
skrrrrt7sqfmj46r.onion
irghbndqv5czci76.onion
bananassyrvk7buw.onion
wlmyigkcmwvrkh4g.onion
n7gaof3th7hbktct.onion
cgadd63mrz2dliyg.onion
j36gae2z5z7ovskk.onion
llyustyjx43eiuj5.onion
myoxp4dk6ktl6kth.onion
lyb5xox4ujgjwx74.onion
nkxcwgqhg4zokhqm.onion
metrics2r2vtr4ky.onion
onionshopkue7sxr.onion
sfsedvmyarxfretz.onion
2r2ate4b3gx4wgbh.onion
tuu66yxvrnn3of7l.onion
m6nj2nvn7wq4vqft.onion
hnxrn5bqwmsmogkr.onion
ukgunshgrrg3cim7.onion
b34pgjrmuyxox2hh.onion
grams7iqds3gkyut.onion
blackhathushz7hj.onion
np2zt35yq4ckpadh.onion
netflixmjixdy5b6.onion
ydwqsjsxrnztj2uz.onion
d3goboxon32grk2l.onion
hn4npoxv5r33s7o4.onion
eei5emeximorw764.onion
blenderrczxhfrsz.onion
fwp2i27ipfnw3yic.onion
csepb7rzrmzgw66a.onion
deepdotbf3ekwahc.onion
mat25fp3lkbqz53q.onion
pb3ccjx5qrlzt2or.onion
lux26d5j4ogov6pe.onion
blenderobevrbcuj.onion
hartwellnogoegst.onion
ramail5viajk3k7e.onion
fix3omlurximhax2.onion
kp6yw2mnqo77f564.onion
shield47d6lt7c56.onion
drugszun7tvsgsaa.onion
beetgamescavo6gg.onion
ahmiajukewrnujcd.onion
u2pjobgztoniu6du.onion
vx7zx7v76y45iy5w.onion
dirnxxy466tmrhqu.onion
umgd6i4v3tmp4gj6.onion
l63ncuyi2ddzwant.onion
ccvendorgw5u3fuf.onion
7bfmavn664ybmogh.onion
jkbtyw2gu433mcxu.onion
474rrewaussy2tlp.onion
jo3muysdnfvsldfy.onion
leqddmoc5e4nlnkv.onion
uxvubg55pmwrys7y.onion
emmooey2tt2joh3s.onion
ma7qn7kdun7zaovp.onion
cr4emlvlzbmgovq57lkt5mx37sq4wle6yvga4cs3swbw6gzr6xqjanad.onion
v4yiwd554d5ovduu.onion
codexqutu7ytbguw.onion
censorgprbqukggo.onion
mfm6bt6jmuf3lkae.onion
yi4n2abip5obwwuk.onion
blendergmdtfoyba.onion
qwzvnrfwrv4d6wuy.onion
e2ro3btwcen5w6ts.onion
agapehqqsp3gmrkc.onion
fuckyouhotwkd3xh.onion
hinduismr3lkph62.onion
edabphq3qj7elonk.onion
kqzt6spjxxpm5442.onion
x6euuqrperclmeu4.onion
p22xk2eebfv2qxvr.onion
psyched25pydrgul.onion
owzoauluvynx4ljqwaucpf2w6eqstden7mz66nnq7wv23ay7m2csmbyd.onion
uu5viqx5d3nkhhl4.onion
forum5cijl4suew6.onion
vbfmxifb7y6ztl6a.onion
zz5m4ya2fogftshb.onion
jqnbgzdj7vrxsmhl.onion
hmcyi33qzizs6brs.onion
b5osrkb74idlykmo.onion
rwvfexdpdc7jtdwy.onion
ufqqcwhjiajqk2up.onion
yp4dd6n6wlook4lj.onion
gdaakldhmv6w7ueu.onion
acropolism5eiein.onion
ta5uvys6ngju6zeo.onion
b55hkeae356xdt2p.onion
blenderq4kjlvr3e.onion
fsocietyiansdaot.onion
u7vwlxoyzuy4aube.onion
2npgxwk7fnbk2coo.onion
iilkg3euxsyzfpua.onion
vxsa7nuhjqfa6rcj.onion
zkdkbkknoxwd37rr.onion
mobil7rab6muf7vx.onion
modernbombayjhf3.onion
jonyjoggmwmy7sag.onion
7edvkwdqpxr6wz3z.onion
po5oi3bw7m5mvgf2.onion
4hjqaq7q33lw4til.onion
7cuobzmqpyheqrw5.onion
4bzdkt7vbxx3ivfj.onion
7aiwdmr4oojlegdz.onion
ramp5bb7yavmvqci.onion
cosmic5lkxhqpwlz.onion
redbtc3fr6v3r3zk.onion
tbtudpiikpxoxviz.onion
lfirj5sda5bpdtcw.onion
4wa6gafxfcorkcmq.onion
xpqkehnx3czcxhz5.onion
jqumz7blipgcozyn.onion
v7pcfvauvv7ua32f.onion
u2iusbwmsd7jrucq.onion
familyxwwc2tu5yb.onion
uftj724hp4d7s3lw.onion
nope7liwnc322cvf.onion
t3j2p6wzpmyofdbg.onion
j4c44enyc3l3rtaq.onion
testjnwb5yflgk4n.onion
acidsongafqbf4fx.onion
unityntfy5n7552k2zsxcajgwygpgdaqugxwbvmk4hmribl37xw6jiad.onion
ugsmhenpdhhn5jx3.onion
6ei6rjtnyffwggl5.onion
blender5dwh27kbp.onion
oniontypefacevxyxnoxr.onion
yfa3u4iuqyr5rzbc.onion
wf74ekmmmgg2pe3v.onion
tqyd6pkbp4qo2ntj.onion
cryptopmlmlodsi2.onion
xuuf6fr65ahufycs.onion
7vasq652llxmawf4.onion
m7utjaalvskm6see.onion
deepdotjtllosuho.onion
ccgoldchgewmd5kz.onion
js6y26lxch7tr3zj.onion
zdzicgwhdlocc3tq.onion
oiqsj7qpczdjdtjl.onion
chloenlpvlemmmmd.onion
ydhzmghhawfrnftc.onion
2pb47np52i7yexmi.onion
6k4mp4nh3zdgnp6s.onion
zk5r53pvuvosrocc.onion
grrmails3fzpjwjs.onion
fdmz4xhib5hi2mas.onion
s2o757cbk5xw4pad.onion
5d33ehlfqy5urwae.onion
pekarmarmfx5djxg.onion
atuysawlmu4rmhzw.onion
notaboogfeqvkkeb.onion
p5qwobsvqqqnxnsb.onion
orsxvca7glswueo7.onion
xzjvzkgjxebzreap.onion
6c4hrunewme2bmtm.onion
5evlrb4hrff74dqr.onion
wikitjerryzg2yeq.onion
preteendicgxnb37.onion
spsekb5dceywp45a.onion
pwofkk574gxcu3sp.onion
counterfgwjxyvi3.onion
6vmgggba6rksjyim.onion
m4ncsponvs6fru7k.onion
jh3equgyxecmolfa.onion
p675mkp2n5ncuh7t.onion
zbo5jvjvskm2exn3.onion
7zzohostingx4mes.onion
ey7tu2evr3v2qp6u.onion
hosting6iar5zo7c.onion
54v2vqk4rui2qcy4.onion
tpbdc772ficteyom.onion
kcbxnjrxa54s4pdf.onion
r3pshi2u7m3rp5z5.onion
server4msdnbseqn.onion
6wmmqqjfk265y2mi.onion
lhq7eahcniumfiu3.onion
am7v3wjlnvdnzpi4.onion
37srlkdtshj2p2d7.onion
deepwikizpkrt67e.onion
lmgxmluuqwrbdvkb.onion
dbshmc5frbchaum2.onion
6hygbhgsys36hwhg.onion
rc6gviybljl6rxu2.onion
mrwrgzt2kwhhxjy3.onion
c6racnrupp4idcjc.onion
5s2dzgzyoopnfdhd.onion
sxjsiv4ujbpirdi5.onion
psb634zyxtxsnavu.onion
o2g4yltgzegbonoz.onion
7zzhplvtai2jauiw.onion
mvx7igua26khad3k.onion
ydofj54mfod7f47o.onion
4arys5b2svhhw5pv.onion
3puepiqqjifvvide.onion
girlbmayme6evpwv.onion
blenderdtseh7gpr.onion
wvqek6gp6dwy7nfu.onion
wuw5pkllkozr4j54.onion
pdvdkgtzwhgwbpyz.onion
clg76tfxiwvtjm7s.onion
cgmcoopso5meo6ep.onion
silkroad3og4b6bq.onion
fba6umdkmxergsfm.onion
opvbuvsuncvflv3h.onion
zqktlufz35chz7ne.onion
7ep7acrnvhey5uas.onion
ibvmcu4eayyxjc4j.onion
freesp6gy7tolpnx.onion
hy4fjfdopqiucea6.onion
qa7apqjzsjhcdpmh.onion
miw7fn2idqat7jzs.onion
qycpuvhyxcjfl2d6.onion
kcywfkb4wzswobyt.onion
biogrowmjyswkuzm.onion
2a4tqj2tz4u4ohd4.onion
urs7u6tdjq5matd5.onion
yp2apwuwlq3conwc.onion
afmynalwssh5rhu2.onion
7pjon44zk3wlcvdr.onion
mlvand4hgym6pgy2.onion
j3mmuo6cgriir46b.onion
mewmewmtgq7jda2i.onion
oxicsiweqjrjw4ws.onion
6llasj4ucmidvzxa.onion
x7bwsmcosdqx3xq3.onion
designdcxzbrnsjd.onion
plaexlmpyyv4j4sr.onion
grjss44wbxnfng5y.onion
ccrc5v4wdlgyurni.onion
5w2qvtxkiodq3dui.onion
pjahhqnqsups75jx.onion
lxpqztwhvfuehni3.onion
gklyydl3gkn2l5rh.onion
z3se7t5a6bnf6lze.onion
k27ixnnmn7rnfjbh.onion
j74d57j3bxlbiodi.onion
gkek42zx3omhhn6v.onion
csclonezdiriab5k.onion
xjq4b67mwhb43eui.onion
rampbxcezp6r73gu.onion
btcfogem4jlmdanc.onion
adolf3g43lz3xth4.onion
anonymoussb4444v.onion
5lmxe56p6aztoqir.onion
fuc3bgvav4epcydh.onion
xjkxylupmd6luocd.onion
2jyslgalvzof6l3k.onion
evlpn4ug5sytzxu7.onion
55gdb4mrh6lpzkyt.onion
nx7xw2x3flcrlvwt.onion
vtw7g7wcdsgxq4ru.onion
a4f22dfmvxum6vrr.onion
ui4uuylvmq43jndk.onion
shield6wlg6cxvrh.onion
mh7mkfvezts5j6yu.onion
zlrwaierunego3r2.onion
2cmg43zpfbelgwlw.onion
rgam2tqpqhelm4ow.onion
deepdot75l6stnsb.onion
5qqqxxib7tgrw2wk.onion
isiayold7ktn7tza.onion
irushkvnas2csbj5.onion
batlhmdg6xnqwlxz.onion
o7lji3zjwceih6wa.onion
mdnwv6jhis2mmt5u.onion
lockmypxprzghj3g.onion
7v36rr35bfvqgcmd.onion
bd5ooc5xu3453uup.onion
x6qps66n36fbl6pr.onion
golden7djzq32zh4.onion
owknxov2idokwiuf.onion
6vcnwoj76je4b4ua.onion
vodit6exxkq3bgc6.onion
foggedtngtrbj5m7.onion
7uzow6u2bkfb27lx.onion
wje6asvfxlzzfp2x.onion
en35tuzavrilddqc.onion
ytsvdfybuy624wvb.onion
s5q54hfmxvhom2x5.onion
awariv3zj4izavok.onion
2ewet4x74ole5mpw.onion
xgl3swuqibad34x7.onion
euuwqf622myn5r6e.onion
zoxd4r7g46a7leb6.onion
iomp7dlknfekcsut.onion
fg2s5hea6r6vb5br.onion
lchudif4y4olzjrk.onion
qsbslw76uhz3zwpj.onion
hostinghi37t7jkr.onion
slnlvwr4w6g5hnmw.onion
d5zwee2wdhimcfoi.onion
vgancfgj2h627v42.onion
566duvo7l2uuj5fj.onion
fraudto4jwpbkvhk.onion
mxyd2qmmk4dpi2kf.onion
n4avhtarilvi57zw.onion
egt5kuyksihau26u.onion
ugroupvjnz22qs3k.onion
4f2tfozfa7i36zrn.onion
222222266hwqgzxg.onion
mjs4eqq7ba36d3bt.onion
x7mgovqqsqnb6nt6.onion
kpzftv3fheyr3mem.onion
3ho5boab62jzswek.onion
4wc5xgmdjflubx7h.onion
nidh3e2g4cudxs2c.onion
sqmqwk54twum6z2z.onion
mnw6myucw3lkgel3.onion
bontoni4bfg473nd.onion
6nuqpd5ylrhdacjc.onion
67uhmt6exuptujkm.onion
vxsy3b4wbl7bvbsv.onion
ffzbinxnscrzse2u.onion
jdbe3idljpm2unrl.onion
3fdzgtam4qk625n6.onion
silkkiti777quds4.onion
helpu2ov4khcxtyi.onion
akmb7t5w56jcfgwf.onion
2ygdvjtirev3gw2z.onion
7pz24iderg4p42nh.onion
m4ur7gtcqiekd24x.onion
dropshr3md5oqpyb.onion
cugnnhoxbszcppln.onion
ljyv7ezacuhjlpyn.onion
ml554cu6n5zwqcvr.onion
havbfzvbvclp4lvj.onion
f7xvwjdym4cb5zl5.onion
la4opcdtiilaathn.onion
tcfpx3vjfsxpycec.onion
oj6ezkozdagcn2uo.onion
sdbtfy7msqmm36ap.onion
ehqhvsb7iu24xmdb.onion
dvzfjgi4iqvyqqix.onion
ecirtamno7a6cynx.onion
e73zlyzd2rpej4dr.onion
sholq4tbhl7hzdie.onion
ejqv7eruh347egwe.onion
shcgxikdjcqcbnb7.onion
espaspatx26ed4wc.onion
uotdelb4bne5izcz.onion
gvvsa367g2zkzjj3.onion
o4xzdia452uqq3fe.onion
unityo5cc4f2xips.onion
wl5iebmtxeiluers.onion
jzx7ogbbrmte53bo.onion
onionhiddenwk7ovtv2gv.onion
qlz46gwgv7cbfnnm.onion
foggedtdkaqni3e6.onion
oasis3zwuy5j6xzr.onion
bvivgl7dw7jh4yek.onion
fdpogivefk34xkbd.onion
selliottuzpeu4ry.onion
zx4gnllak4jae63t.onion
drqz36nvx4e4rj3x.onion
22fatvubf5gxch7c.onion
zfq23bcxewn5esvg.onion
redditqlrzb7rrsy.onion
gdjptu6rdvvb4y3p.onion
ltxocqhw4eruf5lu.onion
2222222223nsklub.onion
4nnpfazafrkajmma.onion
5nu5dfhqq72aw4mt.onion
5y76b2usdwit3enj.onion
onionskqmhsej4rw.onion
qxvfaqfbqrxswg6f.onion
w2f3pnluqqbk2avf.onion
ydbjd4wn4hjrsrfc.onion
hideout6eiazeoyp.onion
bitmailrmtb2fcjo.onion
blender3gvtephor.onion
5mhhamqbubfuklk7.onion
fatigedye7xu2fna.onion
br5jxkqr73mhmpsb.onion
diamond5uo7b3lyj.onion
igdnewsdjfmg7kxu.onion
7ry3aq75fw6px3aa.onion
ponieslzi3ivbynd.onion
a7jnrhxtdcn2mgyl.onion
x6aqyfd47qn2hlnn.onion
4yjestjghkleopel.onion
3gfh52psm6sed6h2.onion
ls3np5bm2pp2rbtd.onion
kph3onblkthy4z37.onion
n3wifp75acfhv6un.onion
7ep7acrk5rash5r6.onion
cj3dh3omxzj35vla.onion
cryptow3chom2to3.onion
fh6p4nuyjiwyngjj.onion
cvhuutanverf52kj.onion
thearmoryr77kyjl.onion
4wk3idtx7cuk73iu.onion
btc4julzq4djw27a.onion
mat347etuzo2nweg.onion
i3vvhg6lnphk6k5w.onion
nrmq6vxi2kq35hm7.onion
75ekadtphuynhfxx.onion
kfv6kl4vqncr4xfo.onion
74yjmvpwvlr6uqug.onion
do5fmgw5che3xujl.onion
bvwhjhertodyvpgk.onion
kwxfj3nxlnvoxnqc.onion
p5dqg2fmt5oykyds.onion
jg47n363ay7rsmao.onion
mj4athakzx2rvxjt.onion
w26wl6qzk6o5g4fl.onion
q7hglakwm35gxwii.onion
u25n7dhjrx3eoxby.onion
sn4do42tm2hlnxeh.onion
5smhybcrfsm7hvzn.onion
4zyple6oftjaylqx.onion
etblzagyvuqsj534.onion
cashoptdf7vnyxd4.onion
ddrcb4qzjlv37e63.onion
marketcvwplqswqq.onion
u2vcgkudnys5kcmo.onion
nt6a4gjxpnpyl6ke.onion
aeydja3jz4oi4q4x.onion
o3bw2k3irds3dxqu.onion
dsvjncr2gf4v2p63.onion
zvldz46bbxqlw4od.onion
2fa3g6ossislzx2u.onion
fpf66mbmbq5diaaw.onion
ab2a7z67iifqdjbv.onion
awmxpagr53crj6ip.onion
uxqvzuti7o3riygi.onion
sohur6o3fsa55apw.onion
coinmixiwy4ablev.onion
atadurak43ycpc4o.onion
asylumqycncdscea.onion
xr4patexn24hdbm6.onion
eodzmjs23hjdlmo5.onion
hz4dbpmwbnrvxvdk.onion
fpctrybtzz5rrj72.onion
guntrawb2upat3nm.onion
bitfogm2dfwueoxf.onion
huobnhpxqi7bidgo.onion
lcvkskawzssyprpy.onion
nstmo7lvh4l32epo.onion
lqe2qqwb7kyidwun.onion
vecf2cwx7rzwiu6a.onion
6du2ljuywx53ww6v.onion
fit2v7z4plpfyh2h.onion
zmzws5m2weqjlf36.onion
s4byshcxuvuymuab.onion
zwdy6arnghncnc3h.onion
vnfq4jy2hkqvh65k.onion
frmbwgm5pc3hwwcs.onion
cocainensny3rd72.onion
znxwmp4r3m2tr3nf.onion
sifoftngdaq5xqvk.onion
bfcaqfyfs5aexcml.onion
ciytmkz2jaqtvpcf.onion
6ruqrxlgxk7py2zg.onion
rt4i263wblo3ax27.onion
zplx2ixmv2mlr2sy.onion
nhpuyjiszupshy3v.onion
gutsfokpuf6b5e4r.onion
6irev2wkytxm5aji.onion
ixmsxsotwtgeriwn.onion
7654sobs6666bifu.onion
dmczwhnmi4pkzixx.onion
ifwpzxghhodgq4la.onion
m6lfrhmgz7xsibsd.onion
alphaizjq24dvrnd.onion
escrojw5hpmxctym.onion
silkr2xyqsu73qhh.onion
keyserveriop5twg.onion
lsel6w4si7dsnle2.onion
uf4hhuw43hzivf64.onion
rbpioimgrbgta7kt.onion
killrusfj6sx4ujz.onion
josoqyiqwtiojsxs.onion
z3r2g2izccnzaz3l.onion
x5rbekvanzaom74l.onion
qd73mvvc7u7zewwl.onion
sibcoinewrh6ronn.onion
xdsergud4m2zudz4.onion
6xsyojda4w6hd7dv.onion
s74kepaw5tnkzj5j.onion
oakplsn3h2q5kjhu.onion
vndarkvwwannpa4c.onion
wrb4qtopgk4c5m4g.onion
hrzpehjh3m2kdxuy.onion
blenderkuda3awfk.onion
24dkomn3fbisuxii.onion
onionjwou6ftxrwarrfsz.onion
drkhsh5rv6pnahas.onion
zpx7jsfvrxgh7qh7.onion
ncmcrbsddbsf4lnc.onion
