aqw2teamblyqzyda.onion
2666sqenooxrsh44.onion
oe3r3oo6niexofbw.onion
tnkqbyab4qpsncv5.onion
fmwdvmk2ejgbl5pi.onion
briansxqguzojj7z.onion
s7pbvcxsfvi6uc6r.onion
yleslof3jcj73sm4.onion
klru2gru6uj4acqz.onion
xxxxx3g7d2alizoh.onion
vjfrn57wotxodejg.onion
5v6zfkpicnnlnxlr.onion
22222222haocmxli.onion
gr4dszr5zd2k44qa.onion
tvbdzcftkh3jtfcs.onion
cwzh5d4by6seodiw.onion
atxe3zut65m2qoc2.onion
zjjeys7g7zqcgl5t.onion
4lr3a5dwsejywqotynbibgdsgydunm4ed7v2n3rai5j2dscev26ezaad.onion
l74noucvasvcdf5k.onion
sz3srkw5segwy67n.onion
m6kovkces2ytjxbx.onion
6fzavgwz63ei73hn.onion
222222qynvws5vef.onion
7ep7acrtn72jgbq3.onion
ftwwebt6e3mb3lmw.onion
tf2w2vpyu6vtk3zg.onion
y3dox7y7iupanuwi.onion
russiahuofemxh2p.onion
7xi75xryt5dci3ck.onion
normy4ikaropsi42.onion
st2fd2xsy6nz3ejc.onion
oneewsmtp2njouqq.onion
x7giprgefwfvkeep.onion
grams35pndxl5xjy.onion
grams2es46lhvblh.onion
gadmai6ebvzji6v6.onion
4htn2z3z4ezzlzhv.onion
eqjwzat2xy7kqklu.onion
lchudifachra7yb2.onion
bk2oulcqslqm6lj5.onion
z3nm6xlvyzw6qsuj.onion
tdupp76zjsnvixtc.onion
hnqvmruncurdiyqi.onion
goierjogiejroigjioer.onion
porngwjr2flqjgfq.onion
y2mnkukhd2lowhce.onion
dywjw2agystrw3vr.onion
greyr7bvys6tuzs7.onion
postalmfranclnzp.onion
kpvzcy7pq4fjopyg.onion
ymvcd555xc4u7wtd.onion
fsuxvtoifecxwa7n.onion
7qk4oj6qw6z2jiji.onion
monhu5l747tkqkfc.onion
mydomainuyd45pyc.onion
wn6m37z5cglpsrca.onion
hxy72fap3emydk6s.onion
hdrwvia4q36sxg6f.onion
pkpytnvokhmmgnfg.onion
6pibpmgirv5uvhds.onion
gzbbwh4dkka3iez7.onion
5szracmykzlqsfue.onion
c7kbn6qnsw6glp5c.onion
etsbpy4o3ag5ykxl.onion
grams22luxaun7lx.onion
fhynv2xw7wbtfj3u.onion
x57cqsirjuhgxwvx.onion
6fhweuds2md2pp27.onion
lchudisnzzsfvzx5.onion
starter6pmiqh4ag.onion
4vkg5ztg5fv6asv5.onion
cryptom7sc3ljfhl.onion
apj4zkpnidbii3xu.onion
mv5ob4hz3ecscshx.onion
ax36zzyirnfsrscn.onion
pyxpxjorkswppaai.onion
dnp6d6bxmzulfq2w.onion
grams6rsvgp763vl.onion
streamtmr46ysxw6.onion
tegiurt4aavbswqe.onion
3umh5cxiy4c4356a.onion
sdhavi7d3u5rhzlh.onion
zyn6svtlcriym2en.onion
deeptech3sj53zrh.onion
43ldz6bqaqmsfs3r.onion
fxatat6gigfprg3f.onion
ffzsigillz4hpd7i.onion
qs3zumwfci4tntnd.onion
itu5h4f7shmamz2x.onion
ulbxv354n3vxxpa6.onion
7nmp6au6vqoly5dg.onion
qlddtmr6bfnemwg5.onion
m7hjl3nltgddiusy.onion
ofkpmwlicclya64a.onion
kcmhx3toltva2qjg.onion
vpfbbftropfpdrky.onion
vendorfezyqihkf7.onion
cgrevelhatbns37m.onion
aeszyhoupgokzz4w.onion
uu4o4gbp4kemqyy3.onion
exploitv3xqqzs2j.onion
xmh57jrzng4dlnsw.onion
vgnatfxcozscr6ev.onion
jj7ctd2okk5iyqle.onion
4ks6paojaqiv3vt5.onion
hydro3xpfcrwqoiv.onion
nsyggzebsq2wx2js.onion
mguftub3gdeshpsg.onion
ztlr2anzoxhansq7.onion
tordirtfjwkvmgje.onion
ttvy7agpsbgj5mwt.onion
tcbpk3rnb4vwzws4.onion
zev7pjpeddva4s5s.onion
onionjwou6ftxrwarrfsz.onion
fhoqzxgahij5dl2u.onion
esfoifiif4s5pf5v.onion
tdupp6kjdqqup5vx.onion
lah4v3kjdj2jhvfi.onion
22atgman5cbzi6qg.onion
grams2nknhehoyyj.onion
cardsunwqrzhg5cw.onion
227vftpsbp62v7bd.onion
iqdg56kbf5v4hr4w.onion
xagwyezjii24mbzn.onion
hulk4apeo6aisck4.onion
vkfwaglwnbi6vl7s.onion
222aap2hcmlmxqij.onion
ukuvjiutmiqz3aiv.onion
i2epnu3q7xyoljlo.onion
football4y74j7dw.onion
wk7oy5prrvcvmvz7.onion
vrckp23hrbjpdp4x.onion
birdseggsmq7ikd3.onion
usjudnveyj6vqulh.onion
j3xnw6gh6jjrnjbk.onion
bdv4s5nnjeed3lw2.onion
qws53laspno5a66v.onion
premieraaxgvip64.onion
cryptofxxpxdnelv.onion
dirnxxdmayrkbfoc.onion
deepwebn5wwlm63q.onion
la7qjnqb5lx4khnc.onion
kbhpodhnfxl3clb4.onion
tilewdgz4azsagq2.onion
4p4sabmphzbkifwd.onion
grams56yud76s4qu.onion
hpuuigeld2cz2fd3.onion
uvz65jnw3vvf2yfj.onion
coindrksd7ggy52o.onion
3ilte6sqgfknw5el.onion
mniirnrmrnwrwacp.onion
ws5fgldt77y6ryk7.onion
d2yljsrepidec662.onion
ynnqqejpehmeqbcv.onion
7qczqdsnqpmasohvh7lfdvwzysssqdjc7mgfe7w2lnevpgl3k4zqflid.onion
torlinks6ob7o7zq.onion
otmmzaewy6vj2zyv.onion
hacksgq7qg4ejh3b.onion
lzojdgzmsr27afzy.onion
7dnco4nh3maffno6.onion
berlusmfekg5rkno.onion
2orndlzqbuuecey2.onion
fh2i7apmgx2giip3.onion
4urimmgftmy3gb6d.onion
oc3n2ed5tz6w77om.onion
bw6q53ranhnpgml6.onion
qifximvx27qp3uoj.onion
nhlcmsugxiq5pwdf.onion
clonecc2zp7gjzwq.onion
62bocbyr6r2smub5.onion
vuzh4ewpojxqamrw.onion
buttonupb3rxzixf.onion
6itshg7kfr2ioy4k.onion
unearthjtc464zh4.onion
torsearchlzk7bn7.onion
xn7qd6u5qe6kitnn.onion
mmy7brk2hcisqs5d.onion
lchudifdywmdzyco.onion
23egamiul33s35k2.onion
5i47rzmbnpvgfayh.onion
torbayqqzcsl4no4.onion
bitcoinsmqdk6tsj.onion
tpblzb52npdchozf.onion
ab7phb2aabnuwvtk.onion
bitcoinc7tpncduh.onion
f64rh44hbts5mzvs.onion
oniontfniafxboj3ndws6.onion
tik2lftwvgryh3ct.onion
iloveyou776dskgx.onion
p4hlqqzsfkv5ftfa.onion
bitfog4ne3do26xd.onion
ukslagshdxqyoe47.onion
4cjw6cwpeaeppfqz.onion
ydltbv56eaevnnvl.onion
k63i2hzflpvchv4a.onion
5eeq4axbykx5culw.onion
72hcyvcjgqzbl4yc.onion
grams7eo7mkagczs.onion
ploashqjmntbulrb.onion
aaw5lg2rfxxfzruv.onion
vizydu4bikzqgljp.onion
blender75k6lgh5p.onion
23hvx4jqwc3rkkzo.onion
c7o7u47cdr6fpj7e.onion
vrlpqcee3sma62e6.onion
6cuelujo3prytx3k.onion
gm6ykne7qb5zr7e2.onion
33be4hwfxkqauevb.onion
dreamwb6gyu5clrz.onion
uw2kdu43jtxssofz.onion
4pkahxobu53e6x3e.onion
rl7hp7zkgjf62ta5.onion
legrrdmyeoscqv63.onion
otwrgn4qwmrzggbe.onion
dadfuckiiqttgnjk.onion
73c7jy3nf3zq2s7o.onion
k5h75lufv2z4ize6.onion
25ays5orvrzx74tr.onion
7glmkh4z5ltudpzykjy7rku73rrvy6lsz4ygqobv5hndl5mhooi4ygyd.onion
5d5mz66utavle7mv.onion
cryptow3chom2to3.onion
of75nz7vnvrvel33.onion
axebvgm3gf35aiyl.onion
kqms3kz6vctilzoe.onion
k6e4p7yji2rioxbm.onion
hti7xv2qqpbzx5rx.onion
bitcoiz7u5g35pnl.onion
z2z3md6a6phv3ov5.onion
vc5apwufjoil3svw.onion
xjyfup5lu7larpyz.onion
zhzobdyv545bq4kf.onion
wikitjerm7hvsork.onion
2wuqprmldcmqcvcl.onion
4luxo4p6ray7ir7n.onion
7tuttr7ou46noxvc.onion
kalwinbkdbvuzmr5.onion
dolli4yqwjkdflfv.onion
7bt3s7ikypzurhue.onion
o4zdthmu5trd5bvy.onion
klbibglrxtdpmr7i.onion
dxsvp63wu55yg6rk.onion
lreqzhnbjhzvy4ur.onion
sr3vkqm57vlgkiuy.onion
porygonml5nyid7c.onion
ldfjb76gupqp5ioj.onion
yenje3anhxchrwlb.onion
blenderce3q2bg3c.onion
coinbinap7rxddp5.onion
wfqyzodt42jid2al.onion
f2johm5b6pkd3iyj.onion
zwyrdkm6lango272.onion
mttrvhi4jtpa5hbi.onion
guruqyb5imj4zmta.onion
kfog5tmvrbcswzsg.onion
2mfqzby6abuy4spr.onion
kohlchan7cwtdwfuicqhxgqx4k47bsvlt2wn5eduzovntrzvonv4cqyd.onion
magbocc3tco4vmxx.onion
222227n5l72yj3d3.onion
mi6ro5sanfje64g4.onion
zpzsm4cbggb6lc7u.onion
gcwbcxfirj2gviun.onion
7ep7acrl4lcp3qes.onion
jerajmo7c5z6kypz.onion
pnay2hozztrtebls.onion
bbyqt64aicu34z45.onion
russiafzpu67knbs.onion
udujmgcoqw6o4cp4.onion
mensmalo4435a5ip.onion
dark3zzgex3xwmcj.onion
hacks632o46ltagf.onion
n44kt6fn3khcmvmj.onion
sytaicrmqvou5q7c.onion
dkc7jgev2w4c243o.onion
wikitor74em2u6rq.onion
6nkzmvk66p3yfx2y.onion
hkaqlrgzpapdvqf5.onion
r6ocuyxsp7jobwz2.onion
edvipqkosh4yethm.onion
uoeq5hul7jy7imix.onion
jussf6kiaa6vy3ui.onion
shield542q7awp3k.onion
kfpm5dn5h7f76ufipvbxatjz6ev4nltdte62xlu5g5r72r6pmehurtad.onion
xfkv764ucttqt4ks.onion
5bpzwuut2hhq2pid.onion
p5ash3jchmmwmakt.onion
qf22jdof6b573kit.onion
dogeroaetxx2yqcg.onion
piwfb5k2iv7pcaen.onion
22222222up27ghl7.onion
searchb5a7tmimez.onion
ce2ncksowdlcokb4.onion
wallst3j2vhbqs25.onion
i6zb36emohfuc6ts.onion
ttuxk75zaj2cpjfys4ppijhyb6ksqjr73ehk3daau3cmxolauzvcdqad.onion
dogsexhidraxgyk6.onion
rusilkustvysnokg.onion
ms4viijrag6rt6p6.onion
igdnki7ck7t3b2tn.onion
coqhgexmcthsuirhll6guwtvtdsu46wbygd6go6g74u5grekwrt6jtyd.onion
ipx5qhsbgddvqilb.onion
75ikjsgodlvdnydl.onion
mfl5csw46tefugck.onion
torcvvq44o7ofjuu.onion
6s6tgoqmhou7xgua.onion
ibjfbrjwhfvxict3.onion
57y4bsq3ef3tgryg.onion
esxrewbxj65niv2s.onion
pnhdjzvfjagmuy5h.onion
anonpeboeqbspyvy.onion
jwgkxry7xjeaeg5d.onion
kbhux4yzjnhmfcth.onion
ordaproej2qqacwz.onion
mvzxmbfze5zt5xzn.onion
foggedls5zv5ta3t.onion
vxnff7wz5w65swai.onion
oujvp7ofh2se6wae.onion
slartilmkhs55mr2.onion
btccl6byzxt5h3ky.onion
torchatbrchqv7hc.onion
devcenterds3qc5z.onion
y45ey5ro5zfgo6bv.onion
btcdepouvsdohehn.onion
zbfngdpdessz33zv.onion
34t4fhytnawzwsl7.onion
c65mcoididjlt3zo.onion
2hftxvyft7dl3fk2.onion
blender2m6umu6w4.onion
dqom6vn6l3vwtiwj.onion
p2d35tildxa2wwv6.onion
xtpdvz6dnj5nnpe7.onion
c2yzvizax7ihwsaq.onion
cc4ugx3ipptjyrh2.onion
cardsm4fgcw5po3v.onion
c6zrmkuami2bq3nj.onion
bitfogfyoip3jgmf.onion
fightcyees6qiy5a.onion
es2adizg32j3kob5.onion
d4iwxqyndvgca2a4.onion
6ppk6szlbakh3sfb.onion
6afevaflfsomvyec.onion
xyqndevubinrxxyc.onion
6miwnyblxnw7jcn3.onion
k4qvoigyoxeqlerq.onion
ou3ef7wgvt3gqmpc.onion
omo6k3zkgcuwbufh.onion
gnaqpfvqshjgi4b7.onion
4qmrhloaykvwqasj.onion
xlq55tangugwaj4u.onion
hk6udgetpmagpvl4.onion
gopostal7dywpbv6.onion
runionv62ul3roit.onion
hinddenab4czpx7t.onion
subway7n4p7pxgya.onion
b4te5gvompb65sxx.onion
fakeidwgnkceppik.onion
54sownsmq5rysl2c.onion
bestes77yawunk6p.onion
yxu2kwxy2wmffn5f.onion
bodytomind5hql5r.onion
outforumzpklipq6.onion
oniondird6rgsg4j.onion
gjlng65kwikileax.onion
l5uxropc4avirv55.onion
wallet76m7ok6vzr.onion
gbm6y7wsglabud5u.onion
tradetgkkopqltas.onion
i5xm7wcyjygkoicb.onion
fi4xeyve4j33ayis.onion
wbaidlaw6quwv7h3.onion
nytimes3xbfgragh.onion
urbanjjoxz45sz4t.onion
zodvoz7u4vx7jkgh.onion
kimiketqh3mo2mku.onion
wis1DpufxcBuC27BZGAGJDSzZd6uUAxMy1uAzhdtslddnhckvg7nbid.onion
mjfu32pe2wvp36aq.onion
5dj5g4eyyyw53isbdmebetl36vs65s7irh5rqtdguovas2huhuolz6ad.onion
taswebqlseworuhc.onion
tuutgu6huadsxihw.onion
nhbtx2cqr7q3hznu.onion
ozon3kdtlr6gtzjn.onion
6jrktkwbpyfyeujd.onion
pa7cjd4bn76iumk2.onion
jahfuffnfmytotlv.onion
oqbpuqixe6b2kysn.onion
ebsfsr6kxnwdsapz.onion
ggbiqgjal6iulcp4.onion
3jpi6vv3gfokt2al.onion
zoif5fqpe6fseeu2.onion
autshpxnxhuv4aip.onion
kw3h6dcx7x4j277h.onion
btcfogwldckgj5rm.onion
pinkmethycnmnrc4.onion
africakbbsbqkqxw.onion
secretsssxmixk6f.onion
ouyr6tiwyywsmang.onion
magic3h5qino7py2.onion
openmindtoollxp3.onion
cjrhfud4yv436oaz.onion
purzelmactebchb4.onion
5rgiyhyzcvlrmuor.onion
blogovhjgbfv2xwa.onion
ol3ehilzxvrghdoz.onion
wsemgtfrikclishl.onion
btcfogpih457sukx.onion
ctw6qvvrtopgrqpa.onion
blenderzmbv7z7gd.onion
dm5gumffjpojkeie.onion
6ntoud3medxc246h.onion
dogemmzemjt7u4h6.onion
qm3monarchzifhwa.onion
gf7bywz4tslqgu3y.onion
o7xpp2attftbsig5.onion
deepdotvcafs53ci.onion
telavivguw3ey5wh.onion
nmrha3y4l3d6hqz4.onion
helixpkpebdvd43u.onion
vsp7ooowvrczfrxd.onion
yjuwkcxlgo7f7o6s.onion
4pvvl7oz4zj7i354.onion
ttbj3ybdugtbsopq.onion
onionz7ljl5dt477.onion
localchlu6yghoqa.onion
mygunsfbgsnbowxb.onion
akwbl25yn6i5wp2c.onion
wnepwnwmvhufijp5.onion
5do22v2vcvciozj6.onion
irdfq5eukjuk5mes.onion
u4sliaw4kbj2vrln.onion
zx4gnllak4jae63t.onion
sc3dpd3p4o2qba3i.onion
z7n2aqmrdefvzhre.onion
vd6srajujbotikcl.onion
aee7tjzcuehxa2jj.onion
wiki5kauuihowqi5.onion
cerberussssc7cat.onion
uaw7duhukl5glsfu.onion
lxpceegtlemmeqj3.onion
topchanjgbabhkmb.onion
rdgxp5z4fkov5qki.onion
u4arsbcofcitff7c.onion
mmgh33vqjusnftfz.onion
foggedmsbxk7yrpi.onion
bitfog7av2vq7ywv.onion
rq27oab2t2ge2g6q.onion
yjlhltqa24mdtgku.onion
sigaintecyzqrrjw.onion
4scnorgeman3q66lh2jjrofkrqnhzg55f3cwll7aoltajn7jbictfjyd.onion
bcsitzq3al2cvfko.onion
nostallvr5s5obwq.onion
crack6o6lfptheho.onion
angp4fjlwowts7hf.onion
6urjvopx4wnx3mqd.onion
pic2torob7i7gtag.onion
lqquvupq5a4ktjbb.onion
hncjmbuskygsfs5v.onion
agcardsrccc3gng2.onion
mkthjxsxanyh4lfw.onion
sxmlvfyv4a7nwb6e.onion
rg2d3bhvffwbavfd.onion
j5bkptqayr52sqlz.onion
rrmbtuqe6z5gh3ca.onion
zyz2jt4npeb5runt.onion
mq62z5ahvuksot2y.onion
goodnessl65do5ne.onion
2thilnorvt2b2zuc.onion
x2i4f6c45jxykex5.onion
qoixb2xx4wqvu4yu.onion
nucleusq3m5c2lbp.onion
hacker47nad4udho.onion
legalcymfstivweb.onion
swt6mbtgnpqmps2l.onion
ptrackcp2noqu5fh.onion
synthideudyctpwx.onion
outerloopv67rlvb.onion
lilangelj2apiegk.onion
mutahopwdpm4n6yy.onion
blenderavjluzf7a.onion
2fipfphkkbcokj4y.onion
stormgm7blbk7odd.onion
krkzagd5yo4bvypt.onion
c4r4xempem67rvp6.onion
zjhwpjltrbky7zjz.onion
au5psfmfodhwhsyw.onion
bl4ckou7ox57kaf7.onion
ppornkdmmhqyk7qg.onion
gxamjbno72lmaauk.onion
crtuif6xdkrkdqyd.onion
yxlwujobbyqowgf6.onion
jmv2zkdnp4udz35p.onion
ovo4bfidyguvm73m.onion
wallet7twhigelga.onion
pwjxmvlir72hep5u.onion
jnwacfshkjpoa7pn.onion
5plhrooxhtghlxxu.onion
ytutyb7j4iwbpl5t.onion
fol5axws7lnmfa76.onion
oletfvgk2xc3eq6z.onion
allekjs6g5jvsv2c.onion
honeyk2cllcikc4r.onion
