xdqpaszmzgd6ophi.onion
f6fm6ctuzik7xksd.onion
iuaau37yz3pccejk.onion
ksiphp3uhyv5fqhn.onion
epwokus5rkeekoyh.onion
trdealgzgk3wiz2g.onion
b7x7cbwmyfxr4oln.onion
pnpotevstlmllayu.onion
rldhi6tvklxiklb4.onion
x4yaqn3wk6vekhrm.onion
nejlt436qumkxiz7.onion
emqy6wyi22c4isow.onion
binbasheruftlspm.onion
luvvrnogytndpibc.onion
wormholekmmm7dy7.onion
uqeigr7p4t6ruldm.onion
rnsged7x6hijzbfb.onion
gzohexrtb33xfnlk.onion
24r7ahklf3ybrxsv.onion
4csg3m53oe6mruxo.onion
bwdvsqsbf7c5jo6m.onion
gunsnsdlbts2jhdu.onion
5uskohdyugu2suhk.onion
xtnj6sy2f3ufy4c4.onion
lpwpjd4xzrqssfiw.onion
hostiysldm5iocpp.onion
e4447goudq57gujo.onion
p6njmatsgewpmplq.onion
rrczvzeqlm7gx46r.onion
pepaieloghlblocc.onion
c4qozumof3cde6sd.onion
l3fmwusqzyly6h3t.onion
newsiiwanaduqpre.onion
ljekq2ejc62q76dy.onion
cryptocdssk6554w.onion
sciloyoshyxuapzy.onion
vgxgjbfjstftjsoi.onion
xvl3z6s74frv3git.onion
u4zxzmo6qzwiljlu.onion
bitmixergv5vvbza.onion
yxhxqocwnggvzd36.onion
edlyxwcd3c6kszg4.onion
jfniujvsks2hjrl4.onion
nmva2hxzax6zycrj.onion
wzf3fv3tscl6lk74.onion
agv4gedcx3he6dyi.onion
7kvatrjpmgp7l3t6.onion
xlabzclcrjuafjqb.onion
buttmaddci4fbgug.onion
anthilledowsdpbr.onion
easycoincdttveyq.onion
4j7s5z2jyqtnu65z.onion
7nstuqz2hy7tzppy.onion
young5my6kjry4n6.onion
r5bimmoe73ntkmof.onion
mh3j4twtjc3nazbu.onion
alrrfzawj5zlmvdm.onion
rtxputeeneiergrr.onion
syst3kvejfgpuvof.onion
magisterftw7nwfa.onion
nuc3fw4rtvaq3nfo.onion
samsgdtwz6hvjyu4.onion
dp4if3srwsi22xaj.onion
dreamtx7cvwftyfn.onion
xchpgqsi66aa5bd6.onion
tb3a75clial4gnb4.onion
uldq24cz2suispnt.onion
gooseoneeqihriwt.onion
wajxbyp3mtvkoejx.onion
sarjckfv4nrz3xjg.onion
t6wyyn5yqpuxmzs7.onion
lnj6h4ynickuhb3q.onion
ihahlrx3zdbake7b.onion
zanj5fggzhwdg3iq.onion
udsqvdjmvqrinhzt.onion
bxqigvnvsi7nlure.onion
onstarctkipbndwr.onion
alphazl7qj6msiat.onion
wfavp5pu7z7afxxb.onion
ujompjlrdqbhkmuj.onion
zpgaid4edv5iyxhn.onion
m2cnbgv7xl2aqbwg.onion
qa7ohesvuayw3eam.onion
sb2kb2zy6s2xwcry.onion
monetka5cpcqdzrs.onion
v6mc3fd2lg5dv6uz.onion
ytl6m5w4fae2vvzb.onion
2zpgrxfomtcynqxe.onion
rsclubzznokx3c4d.onion
wannarcgxjn5hqc4.onion
derpy5xmjkxuybnz.onion
7f7wsfwlgxih2aei.onion
32pdppwj3gbz4jcd.onion
zerodwbjcejayq7v.onion
mb7o5myfu3ht4soj.onion
grams6erie25ttzw.onion
htelhaowvaivpmai.onion
4as7e4bj6g6ex4kn.onion
blenderwrgfxkwfb.onion
4gema5eutwxomdvf.onion
fz4rc2axrj6e4yvh.onion
bitfogun7gmvmhlt.onion
pvxf24i3anwqcgwv.onion
oqvajkfrnhh5xmmw.onion
cloakedqbkim5txz.onion
m5ldayzshzr6u6i7.onion
4j6liqaooyemck3q.onion
lnkfzecnslxo6jqc.onion
zv4t26sos47oqco7.onion
cm5cb2kk73xau4zm.onion
r57ohq43phkpgiv4.onion
jeduif4mnqtpx4ei.onion
4dpc64mjcbu5kkyn.onion
lnidnqfmzg5z5c6hvu7wachepiwnwq7723dz6uv5w2s5qqrrvx46y3yd.onion
tjqmp32kv5kwoqfz.onion
hqg6ihrmkhrx6iu4.onion
xnetinfo7zanu44i.onion
ppqelwohaofhqnlj.onion
f23hnuug3x5gtmyr.onion
jbelwqrstu2sprcq.onion
rsoinliue5mhd4cs.onion
y3zxrk36n2idbq4f.onion
6ho2dyigywmtxngs.onion
hzudtgp7fjctm34z.onion
xckbey3zc77xzv5j.onion
sj6apdgtnqixk6zi.onion
22222222gnu35moa.onion
bogkvjpmpyagsuvo.onion
zwdmbmxw565cpe3m.onion
zinrlwgkdxs4wg56.onion
vxrwsocrkbedkbud.onion
szkma5vxdukoeull.onion
qomktb5i7tfygmyj.onion
monerowinfamlvkp.onion
orrav26bpm466shi.onion
hnri3nnh3vgsdoer.onion
syco4unqtiafcu7g.onion
ct3vx6aeqkhitinj.onion
scoswuhvv4ina4a4.onion
hcfnrlwausi2fobw.onion
47cwbuus26nwohwp.onion
tpq5sxk5cgdf35uq.onion
blenderzaxzvkmug.onion
daq6gwpenqq4t4l4.onion
fsxeh2tzrcby266e.onion
elvtpxgbgdtv3s62.onion
hiddenwikizne23a.onion
osss2w36o5wdpfvn.onion
fuchiveriy2elqgv.onion
nkwexjo2mmkzdbik.onion
pwoah4fce2oa3lkh.onion
shiwaggiafnpqxj5.onion
pzq7voxrv5alubbc.onion
cocainey5gitx2eu.onion
75aiiotc26qp4j2y.onion
vtlqdr6k6wqf4o3t.onion
3thilonwsr5okmnv.onion
blendernxqzt2aam.onion
oqlsxjhyihm3cqus.onion
pwmsq6konnrgpjuq.onion
grams2gl2r4xva42.onion
sghtmok4juuxdiws.onion
5tg6x2okkvv5vpx7.onion
72tdvaqw72dkjlntcic3oulhomhale7jtgwbvs4d2rszwafpulf6baqd.onion
qkqfsr3cpbr5emel.onion
chiqmrx3ayniangp.onion
zjv6d54k3zcoeal5.onion
g4r2pz2r22ztdcsm.onion
akvilonom27p5hvb.onion
5jlhzggad5b5yyfu.onion
brightqzfz5svaah.onion
ov4u37npkjuswlo6.onion
rq4c3inehf3aegqt.onion
nhib6cwhfsoyiugv.onion
bitcoia4vcjfjeqn.onion
ros4fm35x7xn6man.onion
phfipgonnmvawjbf.onion
trades3tffxmn4xv.onion
agorahoo3yigtggf.onion
7bg6t55n4ylsfrha.onion
anonetzjggx72ux6.onion
consortqro3giwxg.onion
e4ak4vsfqdhq3vlk.onion
eugenekay4yxdyn4.onion
7m6cjcer6won533c.onion
3fayswphbsro666j.onion
zjssnkwea4obch4f.onion
ovyrzhhxi742wd4a.onion
ltnsr2hky42dp5bu.onion
a4ji3qlzyvmedwh5.onion
pwoah32uebsfxds5.onion
hb5c555b5eq6y33z.onion
wk7oy5prrvcvmvz7.onion
vilpaqbrnvizecjo.onion
ayopbz7lhgxkudbc.onion
sweexbd2b4qms2pd.onion
342pknzvzym2zhrs.onion
gv6zipaqcoaau4qe.onion
deepdotewkcd35t2.onion
hxkegg62zs4jwhj2.onion
bitbleiyua7uro22.onion
hnvfnq6ezrwrkedv.onion
berluslzwcpdcojc.onion
36l5pp6aldsxznd4.onion
dguc5lphc2hdzybh.onion
32kbj7oyhzhcwxze.onion
kindlesckcp2vdm4.onion
zuzmoivzy6rfzahy.onion
lytbvk22nc7gppkd.onion
c6viujzz7tocv25f.onion
ti4ubjd5ga24jjtb.onion
uajewzk2nuyikrgt.onion
hx7iy4rnlxs5ibbc.onion
stealth5gf2clh3m.onion
m6cdxjutbyhawgt7.onion
facebodo3koz32br.onion
ugf57wl6uexcj7fu.onion
yiftyging25nxal6.onion
w3inzxxubsv4ge3b.onion
dreamnbgwzuuskkc.onion
ukp5un24mpxbqcpu.onion
gz5f46clmovjmk34.onion
q3e34b76ir3m3dbo.onion
5bmpx76qllutpcyp.onion
a6s5ounj3eyn6ci3.onion
qlqd5zqefmkcr34a.onion
jeqiwotgvzumqxho.onion
zvldz46bbxqlw4od.onion
wuhuj2ovuoevci24.onion
ttoolkitrdxhqqzs.onion
4ks6paojaqiv3vt5.onion
s4bysmmsnraf7eut.onion
jllzin6aqfgqv7r4.onion
34ewxsbl23vxuatx.onion
hackforumerqpbkv.onion
b7o5e55dj7dg2ypa.onion
pkk2upmxpmoz3ryx.onion
qpf6q5qv4pe3ed3z.onion
zenithccaovlwcgr.onion
frfy4gf4nd5lqcq3.onion
ghcornyujsklalup.onion
clonedc2yqbcs7st.onion
d3oognxhtr7gcm7x.onion
fk66mgxkisleeali.onion
watjvc7dh6zkn6tn.onion
l2zukdb5b2favsfc.onion
mymjjlg3h4x2uqql.onion
ppccfdsrm7yf6gxf.onion
cwwzjv4dikqnm2pm.onion
nva73lira65oig4p.onion
algeratfdkolpjm2.onion
remg42faeocbebor.onion
skhhbqb3xphu6dno.onion
cg42o5qziv7mow7r.onion
torlinq7wg2c3u4w.onion
rumchl4bqnjwgfii.onion
ol6nu6a2annajw2a.onion
magn37z4yo7mhylp.onion
ykrxnnvcmozu5maa.onion
uqxc5rgqum7ihsey.onion
mv7kzfntye5jxt62.onion
link2oeowhl73s7m.onion
cackxnn4e5xuoms3.onion
nas6vil3oo2bi3td.onion
alpaca7bcqv2rnu3.onion
ahmiaktpraoo2pdm.onion
6gmljgcd5iwmggla.onion
4llevh3wzcztc6xr.onion
zvprzbv6b7ismscs.onion
k3pd243sr2rfbaho.onion
t3j2p6wzpmyofdbg.onion
dream2hwiwf22ibm.onion
grams4tu262hiaof.onion
databqqmbmykdohg.onion
gyv557prza3mz7n2.onion
vbqwzm5ilwnkgul3.onion
d7zksgysfwglxmnv.onion
2222bbbeonn2zyyb.onion
d55367uwbxat2gcv.onion
2wfz343ldnmbskuz.onion
owcfkoky34ibalqr.onion
h34c5qudqnqu67fi.onion
berymakc4vmtjpgp.onion
qavrmazz6bupmjqx.onion
dcgfv32weho7lrsu.onion
g6cscunl5jtpwdch.onion
222rudx5fow3q2lc.onion
t66xvithansycbhr.onion
xbtegm3krdwgiozv.onion
6nux27n6u7up3g4a3ae7i6mhsbklhq57omf5obehpohgtnhflftoxcad.onion
fvodwrwtetlqcwdx.onion
755izzxlxk452qr2.onion
77nr5e4nvcut3pe4.onion
uvekndhqen5qsits.onion
tuwc5zz4t2a2ewgk.onion
kvcobmfou3t6uuyk.onion
kp6yw42wdcldag5y.onion
cuzdsezkwxtjl3xx.onion
foggedc6plqacing.onion
youngsdx6srf73ye.onion
g4npsfrb6yz2tgin.onion
tfwosuvvwkpe7u5g.onion
i25c6232gxkuroga.onion
foggedd3mc4dr2o2.onion
yjpjo5qxczyst4fr.onion
343iibu3o27zjw5m.onion
escortnokqqptuxz.onion
iga4v5vo2skinb2v.onion
7qsdbetuja5wrdmr.onion
pqqukwfc6jvynyr7.onion
yyl3uiwrim5oyvk4.onion
lzz3toovpitgffpa.onion
bitcohjnw63rvhyi.onion
blender4ktvrp6jt.onion
npa4q2ofkhmeim5h.onion
obp7wlpdbyy54ltf.onion
vhglfbpewwxrycci.onion
sy26vm637p5psxnd.onion
lkllthtzpt4m44mg.onion
7kb7tcbr2iindsil.onion
boq62kieate6fms6.onion
2uzijbc6t6yoco2b.onion
xkdaa2yn7ugakdtc.onion
6wtuv5p77ybig6in.onion
ftotqsnw4c5owxkc.onion
lavowdil4gzqa7fz.onion
hackerqogdjx5hxi.onion
3ac3sft7p7aamzvr.onion
er34q2ds7jfc67q5.onion
xtthkg74zpt2skec.onion
3amdhzlobyj7i4rb.onion
wxl4mftwcztj3eoz.onion
yx2epoa2x3otrw7e.onion
ww22f56be662e6kj.onion
w2bmkvtttp6bqsa2.onion
6bj6atxgpro2ynmu.onion
ssufsnf2npbl2n5r.onion
invests6fvgn2ne7.onion
travian3ryanipfs.onion
o4tvlwd2bp53yz6g2ch6ovpvzuqm7cdctzrulzu6zroybis2unnmhoqd.onion
jaesan76dxpvq7ew.onion
zedelc26vlmqtlcw.onion
3luj4bkkzdjv45wz.onion
krmff43ii2iarrcywo2irpxffjf4fswhzoedkqg4f7uvy5l4uroxyyqd.onion
nkwmfv36b6ptxm5x.onion
syriagwfwmg72ns4.onion
tfwkxymqmfc5gzd4.onion
ylsmhrr6wmmiimpt.onion
vzvbsujodk2whsbm.onion
5xtpejthpoa6p55l.onion
fakepassvlqowgrp.onion
nvj2dobr4fvhivnk.onion
h4rsjghg4xdncnji.onion
alpha6blxi5byomq.onion
mv5ob4hz3ecscshx.onion
glsc7mwludeu7hqz.onion
3c6tq5srjggjdndx.onion
wvjvr2k2hxycpdy6.onion
56er2m4aazwl7zjm.onion
xw4srtwwkoxxmj43.onion
ffxze2qfysvqq53s.onion
osinn2rgq5ws5hvq.onion
sirjohndtqrsfmhx.onion
deepdot3c5xjdizh.onion
2mfqymbczkkvur5t.onion
gobotalr3r4lssjt.onion
7zsb3oxiwjan3dem.onion
e3jm5uegz2fomqyy.onion
khk4p6wwu2q7qnhc.onion
kesyo43lv3hwmcwc.onion
rosnk7di6eyvzq56.onion
minervaobsealdip.onion
i36qttkatqk7rkh7.onion
ygv35a2227bg2cpy.onion
dsn5f5jencut5owx.onion
73dzgcl55ql536bw.onion
fekhf7mxiq4lgxki.onion
qa4t6wjhl4gzl5in.onion
noteviliihnf76oi.onion
bitfogfq5thdc6sl.onion
jolly2brrgv4mtjm.onion
752ahi7gvliuhsi6.onion
t6u3rmsispsacsob.onion
7mnowru6yvloqi2u.onion
kw3yoo2nahdk2adx.onion
33w7h3mrfj66gufx.onion
ibuq7ccj4wivdf74.onion
jcn5nweo2khfv7sx.onion
ccredithmvq3udfc.onion
javajvlsworf3574.onion
vd46yhuzhr7cdkcv.onion
r54er232j5mg3wlt.onion
wj6hmvcxtsv4e64y.onion
grjfadb7bweuyauw.onion
krakensepdqbjogs.onion
22pl2l2jfxqckoco.onion
foggedzuqz2bopjb.onion
k2dl57heozus3xm6.onion
rnt7s652nsf7ifnq.onion
chvfnbcqkuyx4tip.onion
cyhmx5muhe2zimn7.onion
6wvba7vqjpm4hfwj.onion
rupedoszuib5cop7.onion
blackmartihc5de5.onion
u42e7k2ns6dpuglq.onion
c3ig3j6yoovghk7a.onion
5ghmndhan5br46db.onion
hx53b2muiiszzbrj.onion
grams2crj4ymnqeg.onion
wdcjyotkamyorq4b.onion
fa3reqpn7hdm4npv.onion
3xvsjw6u7afrcmgx.onion
rnqoyxe7ajhia7ag.onion
4cofdcjmrctqgrie.onion
tsyjkuxv3a7ct5s6.onion
7n6rlhgecnv26dvi.onion
kuwkfo7v2gs3hbtg.onion
victoryhrjhnrp3j.onion
w5f7pcq3ef7qv2sk.onion
vnzsplonojvjiq4j.onion
xytjqcfenbzeby22.onion
2f72oezxhuu526sr.onion
xun3d5obzshgor32.onion
h4c6sbuvhpohny7t.onion
lctoszyqpr356kw4.onion
deephousegwi2xub.onion
blackraycyrowbsx.onion
wflfw5frtp5it4xk.onion
3njczbmq3ip3gifc.onion
z6aex34tsw5e2sle.onion
s6xle2dgrsqcxiwb.onion
pyfsu7ywsnuvke3r.onion
kpvzcy7pq4fjopyg.onion
vab6pfjrdqzsf7ys.onion
46wuhflvawlh7c2y.onion
gdcbghvjyqy7jclk.onion
onjuicekbnyeo2tr.onion
7n4zo5om3r2y3fsq.onion
vadiknvtohdvevxq.onion
aylkcmtkvuvvxrut.onion
gigsygn2rn3m73ea.onion
pwoah7xqbvadm6er.onion
4uuuc2aqrsa24uuu.onion
5dj5g4eyyyw53isbdmebetl36vs65s7irh5rqtdguovas2huhuolz6ad.onion
rl52bqh6offo5ssp.onion
mogpkjwbpbqnhad2.onion
helixmg73s7neyi7.onion
olfr5bg4qeliapk4.onion
pirateohxrkipwsa.onion
deadpoolg2xookkb.onion
venbpmdwc2ao4led.onion
qa6zirtgqvmgdmwx.onion
grams6kvrfly3cfp.onion
shopsat4otwvudzl.onion
snjljmcxxtlyqitp.onion
naa57ezzq2dtv3ke.onion
tradessybcd3vpvu.onion
alphanbk3ythj6x4.onion
5n3o6lsveyt4basr.onion
lflmrukztt7lq5od.onion
7bpctwm7axcaycud.onion
lchudifax4yn4m6u.onion
theseedwiyyz7ybd.onion
bssfgf5cg5wtjqbu.onion
ff7gq7ekufqclh5p.onion
dyuds44bcusc4zyr.onion
ncveassdrvqwlbfv.onion
pf57tfrl5qnwp2rd.onion
7cbvn7cqksjdcqo4.onion
47u4h3qi2sdetpgx.onion
7ywhvg33bp7su3us.onion
grams62k6tzgszaj.onion
underwlav4abq5bp.onion
ijdixnz6pvlqrsbg.onion
xybbthdbnwx7mv6y.onion
darkheroebxd5d5o.onion
il2mmv4hhq6qodikzajvqjqiqnfmc4on3uyvi7bsande2x5ldnq2scqd.onion
ga34m672otjtv22j.onion
hydra5ibh72zbbuh.onion
yemrkseppi3hqovu.onion
uybu3melulmoljnd.onion
ifn3adxqxkctmnir.onion
hgawujmzbox73fgm.onion
idxcgov7x3dl552g.onion
libh6md4oc2n7mqk.onion
qwl33sy5jym2b6xc.onion
blender4oyn5auvu.onion
h6nx3tbhhjqlqgm2.onion
cloaked2dtr76pan.onion
n2jf6gdq5lpkkpnb.onion
isb5f7dxc6gjpprt.onion
zmjp5jp6dppdiz2a.onion
secryptv4q4jml2o.onion
ttsphwskoqqg4rk6.onion
brasilxi6ajnjqdg.onion
xrofvpg7tcywkd6a.onion
t5eglgwxa43dmbn3.onion
w3f5gaj6vjsck3q7.onion
tepsztow5xpvrpxr.onion
b7vi4kg53dt7rngm.onion
