bitcoitidrfj7w4v.onion
5xpvx5ud4qsxykut.onion
cnhubpnrs7tbqi66.onion
ddd663hyuw5pub4l.onion
nvspcmiaziezmevv.onion
mtqokzrrvaztnzza.onion
deepdot7bd2um5at.onion
5y7trsjysijgpen2.onion
uzpsnywispao2b2g.onion
bbby4a3xmosu45od.onion
xpgylzydxykgdqyg.onion
bitmixepzpr4rlqq.onion
bitdupex7kefmjrh.onion
6yvbzfkohle6dogt.onion
z7n2aqmrdefvzhre.onion
6cd7qka6fo6aps2e.onion
gchaa3efj66uz2jq.onion
blendergxz22r5ga.onion
4vsagxzhvmf4suvc.onion
pwoah7fv5r26xx7k.onion
hurtmehpneqdprmj.onion
stb3ba3qr6ndcjpy.onion
prwkxo3ozskqtq5m.onion
tmmfk54pebkfzjxb.onion
rpdzy4i2cduw3f63.onion
oly2yd2lgvljscvc.onion
jlve2xn5uyocbp4o.onion
stuff435p2quziry.onion
codigoq2rwu7ttsw.onion
wo57yc5oiry6xukk.onion
bitfog7v22najiwh.onion
escrowb35e2ueofk.onion
n2pzqpzt44qangml.onion
onionpdmdzvvrlgt.onion
y5ot2yonv6lhocv5.onion
bitfogpayx7xq224.onion
jeolq3lbqw5np2ryxddbj2rgoen7byzsw6xx3pazyvwfvlryqkf3etqd.onion
olo2zt6udl57elri.onion
kjscwlfhhnmzpzl7.onion
u5h26r6lf3cvpgc3.onion
pgxxaydjyzrytgda.onion
gybnak5g5t2a664b.onion
3wrte35yvzkytm3f.onion
headqwuafexw55yj.onion
buddhajdcu7xkyco.onion
chbets5aotzawgig.onion
moongvuuumnhxelt.onion
cryptobpcxkmiaby.onion
fbspcwqxscconjf5.onion
smz2av7n6c3kd3ui.onion
lcobtrgvbkneteu6.onion
a4oltxc6xbtfirst.onion
grams4rosp3qmbfc.onion
ransumpdfrypfnmj.onion
tumbachegvyaadyq.onion
yn5nsj7nxpysyq6a.onion
vrimutd5sc6anzwl.onion
blendernu6pgrhoo.onion
oojqfxr4ypjjfn4s.onion
4yjes6fisnfc2ww6.onion
jujn25lmrurmb7m2.onion
cuekirwmmmivy75f.onion
reload2ydnw645qd.onion
qdgklsiun543wx4g.onion
luf3ceyrzqdrow7x.onion
wallst6gvdyvsn3e.onion
drmxgtwxfb6goc3q.onion
oldd6th4cr5spio4.onion
i5ozmejke2enqyoo.onion
2cgmctkcydhcn2qm.onion
jcx3r2t55jc2ge5a.onion
7wtlnar7q3qquejv.onion
jamie3vkiwibfiwucd6vxijskbhpjdyajmzeor4mc4i7yopvpo4p7cyd.onion
kjqq6sexhlaqyfgu.onion
bywipetrbporcjey.onion
uzqpbl5b7442jjgo.onion
berluslex6ke4tnn.onion
hogwartzpaoojqu5.onion
d2xnqcjfc3viklha.onion
ndyarcndbwrxtdtt.onion
x3x2dwb7jasax6tq.onion
6m6t6h2ezxz7nfpb.onion
s2v2ok3cowufpmig.onion
testod3g6ivp4nuw.onion
j6omuzqgraukh6sw.onion
ny7z3ppar3hegndd.onion
x322hu2cegv427lm.onion
2zghc2nvppd4lhhz.onion
4hdleltv2voonbm4.onion
amigafwzj62mcrca.onion
b6qwqxfixrtghsn3.onion
5lgvxdro4zotqrfjqgkgsrhypea3eb5rylaltgebswzjfkqbegy2o3ad.onion
wnr7ex5fkbctnij4.onion
dzfbkh4w3t6uplkq.onion
dhlshop5fgg2bqew.onion
o3ecpxemcg4itdoy.onion
tl46uy63fr2ns7m5.onion
m63ftmo57m2idxxf.onion
auutwvpmbt2x44oa.onion
x3z3farbckhv6jmc.onion
3d4asnxcfrmwd26p.onion
j53vytbslrms6nhk.onion
gsceuhy4rtpwd5i4.onion
zzqok25aw7xv6qio.onion
lchudikfyjafhqjj.onion
coins2xc3apblbo2.onion
geti2p5p4ugnjbcc.onion
bzee5q2oh2rnfm45.onion
odiumshopgyjab5z.onion
42xlyaqlurifvvtq.onion
pjg4gcc36vbibauk.onion
4izsmrjefm4wpwqd.onion
62xuj3r5y63geglf.onion
breakgvfqbp5qoo5.onion
bq7gv6vpv4czsqnu.onion
qvzzb6uxjjoi2xmt.onion
deepdotmzfb2hjlu.onion
ea6owpnuwoqede73.onion
g7o6o3xyhzxgdrb2.onion
tc3uir3kky2tejzu.onion
y6cd7c5xsvus4wgt.onion
blender4ie4wzp7a.onion
bet4winf2rjaitd4.onion
zdcl4qfub6mzmw5l.onion
hxfw2y37wradxsdu.onion
onionirczesfffux.onion
rdn7ju6f72elpol3.onion
yq6mfhgnosbf5vx5.onion
m6kovkces2ytjxbx.onion
darkhlo2qiwuflyj.onion
2yalgfkc6a2hy6zh.onion
sqztoy2orn4riugw.onion
ybuwfo5yhqo32xs5.onion
ahmia67eonx64ty6.onion
yxiou743uvryhciy.onion
xnschemz52k6qviq.onion
4sdklbcxjmh64i5y.onion
mre36vzwos4nng3h.onion
imhhge4lijqv7jzf.onion
amsetsiqph677wkm.onion
2222kfuzrdpzp35x.onion
suppow4bks3vdysc.onion
gymtxlaaxpkkvgef.onion
f7ao24z3g4p7yxbl.onion
22222222222qerho.onion
44t3xceaykdep6j2.onion
aqu3wxrzyel7torr.onion
n5nk2orsalwuakmg.onion
frozrlockqqxz7a2.onion
k55jwqwcbbutpvuh.onion
tk4v3uwnyhgu2xn5.onion
ygrqgcnoodnqdmlc.onion
hownemzgeilcyst2.onion
w5wgfaxz4hhpsls2.onion
gxaf5kvm6slwd7ml.onion
zkr7hhsxscv6brzk.onion
7sppaelhfiykmwlh.onion
bjkk3bgoujddefml.onion
chffwmohaxeqvcu3.onion
eiv42d26wdbrjwwe.onion
schain4qytcpl626.onion
elpbdrcofldcalp6.onion
qoytpxodvdmdt2ow.onion
cs24ukxstouls4rl.onion
6s25ik6f5pkw6bh4.onion
pwoah52i6je7q367.onion
vxes67oilqrbkwsb.onion
wgskzq2zuy5aqhhm.onion
orlovtuyjk4wllce.onion
grams5jag6zx4gsp.onion
5wcmylbpcv4qafju.onion
dlggj2krbqzm5dru.onion
bitcoiami6ntzkp3.onion
apayopgmfpezgnk5.onion
ifnmjiun5efnjgic.onion
utbtlarirhw4yyan.onion
gifiju4kxdjjj7pd.onion
3j2s3chksdayguny.onion
dp5whclglot46k53.onion
7z4nl4ojzggwicx5.onion
jf6fx4uec6kygvya.onion
rrmbtuqe6z5gh3ca.onion
ciyga4xou4w6wvbu.onion
mlotvmf5wjmovl57.onion
bpgjwvws7zqgeomq.onion
dtvkvl6lucqyd3sf.onion
2ge3gtfhl2cp7gm5.onion
47cwbuus26nwohwp.onion
6jydcjazec5o6vj2.onion
guhds3msdzri6tvh.onion
q2ddzrommrrxbmeo.onion
pwoah452z6hlmw4o.onion
x3zvnhv3jtxrq7is.onion
gxi4unnw363epeow.onion
chattorzwksznagj.onion
lvj7e272i7ebicy5.onion
o4pxvynbe3ov3exv.onion
xfikcjxnhsqjragj.onion
yu7r724uulv33dq2.onion
we6p3rs2kqp3wsyr.onion
acmsptyhciuniby6.onion
hackers764rewzxv.onion
xo3evnnbgeqyw55d.onion
odaydbcthpmtnqym.onion
b375tnr2irkicxty.onion
77otgqr75yqxmkpa.onion
yu46f7iykjj7u7zw.onion
2222222p6psadtyb.onion
weedukluew7c7fz6.onion
lypz7h4hsvxqgbrd.onion
wd7jqbakhfxuaqyc.onion
qdmev7e3zzqpq55e.onion
traderoptebqb6zq.onion
abulafia7grubwhu.onion
dotoooousgalldeu.onion
2nyqei3vcikofwxa.onion
t4nvkm4yw4yu7b5g.onion
freenovfka2ploir.onion
lchudivkhelratgz.onion
i3ezlvkoi7fwyood.onion
bo4lbe6xavxbntrv.onion
kat363uxd2itpkwq.onion
viksjqsxn34mzd42.onion
eljwdzi4pgrrlwwq.onion
qts4asfszf53klu5.onion
r5gyphxrpz4v5bpy.onion
weezo3c7qhgv7x2w.onion
bkwsgpeeg43kxkf3.onion
bitcoinphr2lvybx.onion
kcmhx3toltva2jjg.onion
ifngdhfhem7pg2hb.onion
o4hvn4jshewjdfeg.onion
adventureaq5lob7.onion
tf2w2vpyu6vtk3zg.onion
hrzpwaiodvtzdmsa.onion
tnbmf2h7iirf6r3s.onion
bitfogmwlqhcxx34.onion
rwbhqmaivwtzxihn.onion
trippiniqwvbq6zd.onion
srvxwbhdqkbull2n.onion
btcfogt5dh6oigjk.onion
socialiuqeyoawgt.onion
jbxwoz26447lhdjp.onion
jye67kme54hlps32.onion
3il6wiev2pnk7dat.onion
nbybwh4atabu6xq3.onion
freepress3xxs3hk.onion
aerotalogvt4o7an.onion
dbshmc5frbchaum2.onion
ow33m6io27gxkkyy.onion
tvkyf2rwwvblkven.onion
f3atsahqnuj5abwg.onion
ppcenthjv7r4uuxy.onion
qqw4ucj4lsw5k6yw.onion
2agobs57djngatwc.onion
uvyjw2fke3ezfr2b.onion
cbrmtff4cqtjao7s.onion
6xdfhegtli56eh2j.onion
cryptomktoui7wpe.onion
evcoinzlokmeovpi.onion
dream7bbjonvu7qi.onion
cryptoou3xmptqdr.onion
2wlpflhgqygpen7q.onion
5p6zsmetis3ujodb.onion
lcls5mny2j23ow6h.onion
valhallaf36jz2v3.onion
mellonpam675dkew.onion
h2w2jetj5qjyxatj.onion
bitfognlk4g4qcfx.onion
tordomaindnhfysy.onion
onion5ijhugauteidmvvw.onion
iweo2gbvf55labwr.onion
redrooaujxcjyohj.onion
yud4qudui74nckmq.onion
acteamygnwgs7zpt.onion
xzz5egxyuw34x53g.onion
uwtnc2umy5gaokle.onion
socia7c6j3amnrfj.onion
5olkdw2sasccdjvi.onion
zo737jkmejngqww3.onion
p64ybqdvftg7a2xm.onion
lxfv2quam2sldlf5.onion
xvnk7q32kmvcvx5x.onion
efiqit3m7sgbgadq.onion
arneamzbwncykix4.onion
plmvhkwojcxn3z7g.onion
3adfznyblohheltf.onion
crh2hqzi6mdry54f.onion
akepnfwyga3rxx3m.onion
honmnaapxzpk2rg7.onion
lustoretxqmwzqji.onion
hznu4zqv7pfp7wrt.onion
laundrymy244rcwn.onion
oyhptbiturnm4b6w.onion
3dbr5t4pygahedms.onion
ppov7gp4vlngwqw5.onion
oeyaizjbn5qugev4.onion
yqw4pfv5kkss6ime.onion
x6ftdk5sux6cloj3.onion
qlpoqdlbfngjerjs.onion
nucleusxsifunuqf.onion
ss5fhnjlt3bj27x6.onion
4kdb5vts5zkrqnin.onion
bigsunndmif7ac5w.onion
ramchop7elfomqvg.onion
ofjodvyfwrlfakpg.onion
blackmartihc5de5.onion
cfhfwzdago3pbpdw.onion
qit3qlqnxqxihjke.onion
youtubedxb4ooq7z.onion
kh737manitmzlnto.onion
t3e6l5umviyp73ys.onion
c742y4vvgbfhkebo.onion
x6gycw4rwbmq3ube.onion
ma4neauyuhxt5ymq.onion
a4yedjgciupu7zzt.onion
kdsyusta4b3aetk2.onion
pic2tor2py5f32ux.onion
vinmansiwh4xz5ca.onion
thehub7dnl5nncz5.onion
fhganczrcqpjbraf.onion
darkboxadssyo3it.onion
torlinkvd5iihlam.onion
a5ldurk3q4w5ba3k.onion
dnkjptf77ns4ralo.onion
foggedzuqz2bopjb.onion
cwa6nza4iwbrmslc.onion
bitmixbizymuphkc.onion
ekmkd756hn5aqdft.onion
osc7edgmrx3mk2id.onion
ku65sm3uu65xc3c2.onion
dixs5bvcie23qzdm.onion
au4lhia2tccve3hu.onion
fpriruploinq3ibg.onion
cujyod2fy6p4eetl.onion
nixertbbzmnto6lj.onion
gpreokgeporkgpokpoerg.onion
5nr3y5i5tenl6a3w.onion
wikitat2mm7nd35c.onion
222aa5fsz6lmbmfw.onion
yjlhltqa24mdtgku.onion
wouz5c3ucpvr3qi7.onion
sar4owzctqx6twmd.onion
breakingnartglxd.onion
l4nwykzjhnsclhmx.onion
yuu5mtk2l6pgixgd.onion
usyes6hcoq3qesre.onion
selfdevhlgt2pc4w.onion
matrix7bp5znprye.onion
zpclrsvzgf2iygfg.onion
sfohxosrybg436jo.onion
tknwzpg6omfx7ihl.onion
fcgssdbhfrzxnztm.onion
druglixdfcb3gda3.onion
de2zye45puwkwwql.onion
usi3wjujra6oaqcb.onion
76hrjuanhamaxqob.onion
zhnif6ttb5qfjzsr.onion
konvertr6667fiat.onion
market77w4eaafd3.onion
scvo7knhbxwvlg37.onion
45piyhyier7gcz3d.onion
gqxltbr43ow2scvt.onion
llde73mtwhvyc3bh.onion
sn6afu2vxw3cuoo3.onion
6y3222to7fcm3zjt.onion
dceifbk6qw55xmxd.onion
blender5mzajznnd.onion
ttltdudakvo6x4l3.onion
4u77dqvsas4wcl7p.onion
u2irkkaqofthnsdu.onion
n7nplylgy2zr34vf.onion
jadqrlgnup4i55hk.onion
zvqdiewqyhlxna4s.onion
yo4jmu6dsfaeekt3.onion
bitfogeiewvvao6m.onion
iya5mfgumnkatqh7.onion
3weedj4kddbrda36.onion
xc32sr6yrcqagpkm.onion
grams2o3bril2fr5.onion
rctntw5xjv2xesi2.onion
74a346bzamn4xnas.onion
ngtbhhzz67o4tb6c.onion
e3fw2tzhps6pbvzr.onion
4fj3aahyuxycpzbd.onion
dufqphm5nv3ogpd7.onion
cepkrbiftb7rjhxk.onion
72gygiyzd4xd2ria.onion
sbe5fi5cka5l3fqe.onion
2gf6inwn32pov6ro.onion
orang6jelula4o4d.onion
books432xsmc75eg.onion
d7aj4dhiat2h7wq4.onion
noaiv5atpbi7tb5f.onion
torlinkbgs6aabns.onion
zgt4eew3dnmer7p2.onion
pa4g5vqutta7eozr.onion
rmk4jyzl75yndzps.onion
eynq2krn74sifpoc.onion
rjonzcsj6ov26zqv.onion
brhiusfmarqefhke.onion
ffdjfu3cm4qnd5y7.onion
lbj7jord3bixigbn.onion
pvztzbzlkptm5mke.onion
grams6sqlhvnlhxy.onion
2mrekst4s2x3h6u4.onion
ttbmov2dezfs2fln.onion
gawker5oxtsc6fa7.onion
qwpguiidzw7nysfl.onion
6v2atnb5foqjyasd.onion
agcbqdg6rb65joaf.onion
hawikaqmnv3dxpjm.onion
nntpbboowrhjletp.onion
2rp7knjgfol4ofdk.onion
hfmpk6hb3sywngol.onion
aecorgjoozota7sc.onion
2222222l6oxgijgz.onion
w5gbwu2mgka2cvjg.onion
ztfmdnvfro42cwbb.onion
l7o7hvugokk7mnjv.onion
n3wifp75acfhv6un.onion
umrilp5ubpz3lrkf.onion
c4rnkvvbhz2pjdmu.onion
heroes23ruoct2u3.onion
firstvpnaamcctvo.onion
gynb7o73ajwss7ez.onion
rxpyuv77ibgd3gem.onion
equihxbdrjn5czx2.onion
yhfwbnhwouutsoeg.onion
t3e6lywrllkc3qm2.onion
m3khzmpgahog3hcg.onion
vewsnc7htxevzi3r.onion
owrmt74igjthdhfgt25vjueklklld7qve4asezjjx2d4rdi3mhqul6id.onion
222rudx5fow3q2lc.onion
jrat236uu5ycr7zv.onion
sf5hrofitipq4nnw.onion
os3c4mvkpqglfygs.onion
franki7q5524rswp.onion
psycosxy3qnmap4o.onion
jjb2ajt4n7e63mc6.onion
darkheroe6iy23jq.onion
ddoszedrip2fsxzo.onion
yjrb5bvdgbrs2rhi.onion
r7nxeq645ubcc4gk.onion
2xaazodxfm3phgxb.onion
swehack7nt7zossc.onion
shield6njvqzg4jx.onion
ninw54rm6dg5f36s.onion
krtuoy4u4b2f547u.onion
a3olcwoolyh77cmw.onion
sgqvzq5pbhehaijx.onion
dcdoialeklnkb6fg.onion
mnmqbmql63oi6fw3.onion
2gbawvvusqmwgy4y.onion
prepaext57v2ul4cp.onion
babyixntjlabwkpi.onion
ll6laoxc7cxdruss.onion
u5r5z5fuylcxbym4.onion
xfmro77i3lixucja.onion
rt7afewsclpdgzxi.onion
jmntdqtytkuhqlzu.onion
hlfw4l47svlvvuvq.onion
dreaml2evhbqqmkm.onion
yutuuuhvlfyagiqj.onion
ympjjbfjlyf2z6xz.onion
w56hjpxn45yzohqa.onion
zaufn5d2sjqolg6y.onion
nzyuzaqj4432y4a3.onion
gkf352hyigqoan2g.onion
22222222xsj7g55v.onion
test5wocl4afpjir.onion
zwxrqjmgop6uoxce.onion
2kcreatyd0neqybu.onion
directdal7bourmy.onion
f6ypeuew6sosdpco.onion
c5qyrq2xluktqtm3.onion
pkyqs4ckjdvhivke.onion
rzoup7ksamhekxqh.onion
fggu6xiw33pmshdf.onion
cryptoyl53wh3562.onion
jogtalpx3jsrk432.onion
grams7yqssmn7cs5.onion
bndlijlfoegf3njd.onion
jay4scylrx6hhzq5.onion
ab6bp37gsthaqsc3.onion
qigcb4g4xxbh5ho6.onion
d5eyi24facorsljv.onion
5cjkepip7n6waepa.onion
bitfogk4ttxfcm67.onion
fl5niq4yczezl4mp.onion
j6lusbp6vl4rzt7r.onion
mghreb4l5hdhiytu.onion
alphaoyg3zkv4hpl.onion
mardbn5ym4qdbvfp.onion
lxouf5s7bemlsoml.onion
test2x76dyjkxtfa.onion
4fli55dqu7k6p5cz.onion
qedzjvs42iq5zwir.onion
zyp7emjr4n6fanam.onion
kjys4qlb3k3dweyc.onion
